Archive member included to satisfy reference by file (symbol)

C:/STM32app/CUBE/STM32CubeIDE_1.15.0/STM32CubeIDE/plugins/com.st.stm32cube.ide.mcu.externaltools.gnu-tools-for-stm32.12.3.rel1.win32_1.1.0.202410251130/tools/bin/../lib/gcc/arm-none-eabi/12.3.1/../../../../arm-none-eabi/lib/thumb/v7-m/nofp\libc_nano.a(libc_a-exit.o)
                              C:/STM32app/CUBE/STM32CubeIDE_1.15.0/STM32CubeIDE/plugins/com.st.stm32cube.ide.mcu.externaltools.gnu-tools-for-stm32.12.3.rel1.win32_1.1.0.202410251130/tools/bin/../lib/gcc/arm-none-eabi/12.3.1/../../../../arm-none-eabi/lib/thumb/v7-m/nofp/crt0.o (exit)
C:/STM32app/CUBE/STM32CubeIDE_1.15.0/STM32CubeIDE/plugins/com.st.stm32cube.ide.mcu.externaltools.gnu-tools-for-stm32.12.3.rel1.win32_1.1.0.202410251130/tools/bin/../lib/gcc/arm-none-eabi/12.3.1/../../../../arm-none-eabi/lib/thumb/v7-m/nofp\libc_nano.a(libc_a-findfp.o)
                              C:/STM32app/CUBE/STM32CubeIDE_1.15.0/STM32CubeIDE/plugins/com.st.stm32cube.ide.mcu.externaltools.gnu-tools-for-stm32.12.3.rel1.win32_1.1.0.202410251130/tools/bin/../lib/gcc/arm-none-eabi/12.3.1/../../../../arm-none-eabi/lib/thumb/v7-m/nofp\libc_nano.a(libc_a-exit.o) (__stdio_exit_handler)
C:/STM32app/CUBE/STM32CubeIDE_1.15.0/STM32CubeIDE/plugins/com.st.stm32cube.ide.mcu.externaltools.gnu-tools-for-stm32.12.3.rel1.win32_1.1.0.202410251130/tools/bin/../lib/gcc/arm-none-eabi/12.3.1/../../../../arm-none-eabi/lib/thumb/v7-m/nofp\libc_nano.a(libc_a-fwalk.o)
                              C:/STM32app/CUBE/STM32CubeIDE_1.15.0/STM32CubeIDE/plugins/com.st.stm32cube.ide.mcu.externaltools.gnu-tools-for-stm32.12.3.rel1.win32_1.1.0.202410251130/tools/bin/../lib/gcc/arm-none-eabi/12.3.1/../../../../arm-none-eabi/lib/thumb/v7-m/nofp\libc_nano.a(libc_a-findfp.o) (_fwalk_sglue)
C:/STM32app/CUBE/STM32CubeIDE_1.15.0/STM32CubeIDE/plugins/com.st.stm32cube.ide.mcu.externaltools.gnu-tools-for-stm32.12.3.rel1.win32_1.1.0.202410251130/tools/bin/../lib/gcc/arm-none-eabi/12.3.1/../../../../arm-none-eabi/lib/thumb/v7-m/nofp\libc_nano.a(libc_a-printf.o)
                              ./Core/Src/ServoMotor.o (printf)
C:/STM32app/CUBE/STM32CubeIDE_1.15.0/STM32CubeIDE/plugins/com.st.stm32cube.ide.mcu.externaltools.gnu-tools-for-stm32.12.3.rel1.win32_1.1.0.202410251130/tools/bin/../lib/gcc/arm-none-eabi/12.3.1/../../../../arm-none-eabi/lib/thumb/v7-m/nofp\libc_nano.a(libc_a-stdio.o)
                              C:/STM32app/CUBE/STM32CubeIDE_1.15.0/STM32CubeIDE/plugins/com.st.stm32cube.ide.mcu.externaltools.gnu-tools-for-stm32.12.3.rel1.win32_1.1.0.202410251130/tools/bin/../lib/gcc/arm-none-eabi/12.3.1/../../../../arm-none-eabi/lib/thumb/v7-m/nofp\libc_nano.a(libc_a-findfp.o) (__sread)
C:/STM32app/CUBE/STM32CubeIDE_1.15.0/STM32CubeIDE/plugins/com.st.stm32cube.ide.mcu.externaltools.gnu-tools-for-stm32.12.3.rel1.win32_1.1.0.202410251130/tools/bin/../lib/gcc/arm-none-eabi/12.3.1/../../../../arm-none-eabi/lib/thumb/v7-m/nofp\libc_nano.a(libc_a-memcmp.o)
                              ./Core/Src/Reader15693.o (memcmp)
C:/STM32app/CUBE/STM32CubeIDE_1.15.0/STM32CubeIDE/plugins/com.st.stm32cube.ide.mcu.externaltools.gnu-tools-for-stm32.12.3.rel1.win32_1.1.0.202410251130/tools/bin/../lib/gcc/arm-none-eabi/12.3.1/../../../../arm-none-eabi/lib/thumb/v7-m/nofp\libc_nano.a(libc_a-memset.o)
                              C:/STM32app/CUBE/STM32CubeIDE_1.15.0/STM32CubeIDE/plugins/com.st.stm32cube.ide.mcu.externaltools.gnu-tools-for-stm32.12.3.rel1.win32_1.1.0.202410251130/tools/bin/../lib/gcc/arm-none-eabi/12.3.1/../../../../arm-none-eabi/lib/thumb/v7-m/nofp/crt0.o (memset)
C:/STM32app/CUBE/STM32CubeIDE_1.15.0/STM32CubeIDE/plugins/com.st.stm32cube.ide.mcu.externaltools.gnu-tools-for-stm32.12.3.rel1.win32_1.1.0.202410251130/tools/bin/../lib/gcc/arm-none-eabi/12.3.1/../../../../arm-none-eabi/lib/thumb/v7-m/nofp\libc_nano.a(libc_a-closer.o)
                              C:/STM32app/CUBE/STM32CubeIDE_1.15.0/STM32CubeIDE/plugins/com.st.stm32cube.ide.mcu.externaltools.gnu-tools-for-stm32.12.3.rel1.win32_1.1.0.202410251130/tools/bin/../lib/gcc/arm-none-eabi/12.3.1/../../../../arm-none-eabi/lib/thumb/v7-m/nofp\libc_nano.a(libc_a-stdio.o) (_close_r)
C:/STM32app/CUBE/STM32CubeIDE_1.15.0/STM32CubeIDE/plugins/com.st.stm32cube.ide.mcu.externaltools.gnu-tools-for-stm32.12.3.rel1.win32_1.1.0.202410251130/tools/bin/../lib/gcc/arm-none-eabi/12.3.1/../../../../arm-none-eabi/lib/thumb/v7-m/nofp\libc_nano.a(libc_a-reent.o)
                              C:/STM32app/CUBE/STM32CubeIDE_1.15.0/STM32CubeIDE/plugins/com.st.stm32cube.ide.mcu.externaltools.gnu-tools-for-stm32.12.3.rel1.win32_1.1.0.202410251130/tools/bin/../lib/gcc/arm-none-eabi/12.3.1/../../../../arm-none-eabi/lib/thumb/v7-m/nofp\libc_nano.a(libc_a-closer.o) (errno)
[...]
Memory Configuration

Name             Origin             Length             Attributes
RAM              0x20000000         0x00018000         xrw
FLASH            0x08000000         0x00100000         xr
*default*        0x00000000         0xffffffff

Linker script and memory map

LOAD C:/STM32app/CUBE/STM32CubeIDE_1.15.0/STM32CubeIDE/plugins/com.st.stm32cube.ide.mcu.externaltools.gnu-tools-for-stm32.12.3.rel1.win32_1.1.0.202410251130/tools/bin/../lib/gcc/arm-none-eabi/12.3.1/thumb/v7-m/nofp/crti.o
LOAD C:/STM32app/CUBE/STM32CubeIDE_1.15.0/STM32CubeIDE/plugins/com.st.stm32cube.ide.mcu.externaltools.gnu-tools-for-stm32.12.3.rel1.win32_1.1.0.202410251130/tools/bin/../lib/gcc/arm-none-eabi/12.3.1/thumb/v7-m/nofp/crtbegin.o
LOAD C:/STM32app/CUBE/STM32CubeIDE_1.15.0/STM32CubeIDE/plugins/com.st.stm32cube.ide.mcu.externaltools.gnu-tools-for-stm32.12.3.rel1.win32_1.1.0.202410251130/tools/bin/../lib/gcc/arm-none-eabi/12.3.1/../../../../arm-none-eabi/lib/thumb/v7-m/nofp/crt0.o
LOAD ./Core/Src/BLDCMotor.o
LOAD ./Core/Src/Inventory_App.o
LOAD ./Core/Src/MainLogic.o
LOAD ./Core/Src/Reader15693.o
LOAD ./Core/Src/ServoMotor.o
LOAD ./Core/Src/SystemTasks.o
LOAD ./Core/Src/Template.o
LOAD ./Core/Src/WirelessModule.o
LOAD ./Core/Src/adc.o
LOAD ./Core/Src/dma.o
LOAD ./Core/Src/gpio.o
LOAD ./Core/Src/i2c.o
LOAD ./Core/Src/main.o
LOAD ./Core/Src/stm32f1xx_hal_msp.o
LOAD ./Core/Src/stm32f1xx_it.o
LOAD ./Core/Src/syscalls.o
LOAD ./Core/Src/sysmem.o
LOAD ./Core/Src/system_stm32f1xx.o
LOAD ./Core/Src/tim.o
LOAD ./Core/Src/usart.o
LOAD ./Core/Startup/startup_stm32f103rgtx.o
LOAD ./Drivers/STM32F1xx_HAL_Driver/Src/stm32f1xx_hal.o
LOAD ./Drivers/STM32F1xx_HAL_Driver/Src/stm32f1xx_hal_adc.o
LOAD ./Drivers/STM32F1xx_HAL_Driver/Src/stm32f1xx_hal_adc_ex.o
LOAD ./Drivers/STM32F1xx_HAL_Driver/Src/stm32f1xx_hal_cortex.o
LOAD ./Drivers/STM32F1xx_HAL_Driver/Src/stm32f1xx_hal_dma.o
LOAD ./Drivers/STM32F1xx_HAL_Driver/Src/stm32f1xx_hal_exti.o
LOAD ./Drivers/STM32F1xx_HAL_Driver/Src/stm32f1xx_hal_flash.o
LOAD ./Drivers/STM32F1xx_HAL_Driver/Src/stm32f1xx_hal_flash_ex.o
LOAD ./Drivers/STM32F1xx_HAL_Driver/Src/stm32f1xx_hal_gpio.o
LOAD ./Drivers/STM32F1xx_HAL_Driver/Src/stm32f1xx_hal_gpio_ex.o
LOAD ./Drivers/STM32F1xx_HAL_Driver/Src/stm32f1xx_hal_i2c.o
LOAD ./Drivers/STM32F1xx_HAL_Driver/Src/stm32f1xx_hal_pwr.o
LOAD ./Drivers/STM32F1xx_HAL_Driver/Src/stm32f1xx_hal_rcc.o
LOAD ./Drivers/STM32F1xx_HAL_Driver/Src/stm32f1xx_hal_rcc_ex.o
LOAD ./Drivers/STM32F1xx_HAL_Driver/Src/stm32f1xx_hal_tim.o
LOAD ./Drivers/STM32F1xx_HAL_Driver/Src/stm32f1xx_hal_tim_ex.o
LOAD ./Drivers/STM32F1xx_HAL_Driver/Src/stm32f1xx_hal_uart.o
LOAD ./Usr/log/my_log.o
LOAD ./Usr/module_apply/apply_motor.o
LOAD ./Usr/module_driver/driver_motor.o
LOAD ./Usr/module_driver/driver_wireless.o
LOAD ./Usr/module_middle/middle_event_process.o
LOAD ./Usr/module_middle/middle_fsm.o
LOAD ./Usr/tick/tick.o
START GROUP
LOAD C:/STM32app/CUBE/STM32CubeIDE_1.15.0/STM32CubeIDE/plugins/com.st.stm32cube.ide.mcu.externaltools.gnu-tools-for-stm32.12.3.rel1.win32_1.1.0.202410251130/tools/bin/../lib/gcc/arm-none-eabi/12.3.1/../../../../arm-none-eabi/lib/thumb/v7-m/nofp\libc_nano.a
LOAD C:/STM32app/CUBE/STM32CubeIDE_1.15.0/STM32CubeIDE/plugins/com.st.stm32cube.ide.mcu.externaltools.gnu-tools-for-stm32.12.3.rel1.win32_1.1.0.202410251130/tools/bin/../lib/gcc/arm-none-eabi/12.3.1/../../../../arm-none-eabi/lib/thumb/v7-m/nofp\libm.a
END GROUP
START GROUP
LOAD C:/STM32app/CUBE/STM32CubeIDE_1.15.0/STM32CubeIDE/plugins/com.st.stm32cube.ide.mcu.externaltools.gnu-tools-for-stm32.12.3.rel1.win32_1.1.0.202410251130/tools/bin/../lib/gcc/arm-none-eabi/12.3.1/thumb/v7-m/nofp\libgcc.a
LOAD C:/STM32app/CUBE/STM32CubeIDE_1.15.0/STM32CubeIDE/plugins/com.st.stm32cube.ide.mcu.externaltools.gnu-tools-for-stm32.12.3.rel1.win32_1.1.0.202410251130/tools/bin/../lib/gcc/arm-none-eabi/12.3.1/../../../../arm-none-eabi/lib/thumb/v7-m/nofp\libc_nano.a
END GROUP
START GROUP
LOAD C:/STM32app/CUBE/STM32CubeIDE_1.15.0/STM32CubeIDE/plugins/com.st.stm32cube.ide.mcu.externaltools.gnu-tools-for-stm32.12.3.rel1.win32_1.1.0.202410251130/tools/bin/../lib/gcc/arm-none-eabi/12.3.1/thumb/v7-m/nofp\libgcc.a
LOAD C:/STM32app/CUBE/STM32CubeIDE_1.15.0/STM32CubeIDE/plugins/com.st.stm32cube.ide.mcu.externaltools.gnu-tools-for-stm32.12.3.rel1.win32_1.1.0.202410251130/tools/bin/../lib/gcc/arm-none-eabi/12.3.1/../../../../arm-none-eabi/lib/thumb/v7-m/nofp\libc_nano.a
LOAD C:/STM32app/CUBE/STM32CubeIDE_1.15.0/STM32CubeIDE/plugins/com.st.stm32cube.ide.mcu.externaltools.gnu-tools-for-stm32.12.3.rel1.win32_1.1.0.202410251130/tools/bin/../lib/gcc/arm-none-eabi/12.3.1/../../../../arm-none-eabi/lib/thumb/v7-m/nofp\libnosys.a
END GROUP
START GROUP
LOAD C:/STM32app/CUBE/STM32CubeIDE_1.15.0/STM32CubeIDE/plugins/com.st.stm32cube.ide.mcu.externaltools.gnu-tools-for-stm32.12.3.rel1.win32_1.1.0.202410251130/tools/bin/../lib/gcc/arm-none-eabi/12.3.1/thumb/v7-m/nofp\libgcc.a
LOAD C:/STM32app/CUBE/STM32CubeIDE_1.15.0/STM32CubeIDE/plugins/com.st.stm32cube.ide.mcu.externaltools.gnu-tools-for-stm32.12.3.rel1.win32_1.1.0.202410251130/tools/bin/../lib/gcc/arm-none-eabi/12.3.1/../../../../arm-none-eabi/lib/thumb/v7-m/nofp\libc_nano.a
LOAD C:/STM32app/CUBE/STM32CubeIDE_1.15.0/STM32CubeIDE/plugins/com.st.stm32cube.ide.mcu.externaltools.gnu-tools-for-stm32.12.3.rel1.win32_1.1.0.202410251130/tools/bin/../lib/gcc/arm-none-eabi/12.3.1/../../../../arm-none-eabi/lib/thumb/v7-m/nofp\libnosys.a
END GROUP
LOAD C:/STM32app/CUBE/STM32CubeIDE_1.15.0/STM32CubeIDE/plugins/com.st.stm32cube.ide.mcu.externaltools.gnu-tools-for-stm32.12.3.rel1.win32_1.1.0.202410251130/tools/bin/../lib/gcc/arm-none-eabi/12.3.1/thumb/v7-m/nofp/crtend.o
LOAD C:/STM32app/CUBE/STM32CubeIDE_1.15.0/STM32CubeIDE/plugins/com.st.stm32cube.ide.mcu.externaltools.gnu-tools-for-stm32.12.3.rel1.win32_1.1.0.202410251130/tools/bin/../lib/gcc/arm-none-eabi/12.3.1/thumb/v7-m/nofp/crtn.o
                0x20018000                        _estack = (ORIGIN (RAM) + LENGTH (RAM))
                0x00000200                        _Min_Heap_Size = 0x200
                0x00000400                        _Min_Stack_Size = 0x400

.isr_vector     0x08000000      0x1e4
                0x08000000                        . = ALIGN (0x4)
 *(.isr_vector)
 .isr_vector    0x08000000      0x1e4 ./Core/Startup/startup_stm32f103rgtx.o
                0x08000000                g_pfnVectors
                0x080001e4                        . = ALIGN (0x4)

.text           0x080001e4     0x88b8
                0x080001e4                        . = ALIGN (0x4)
 *(.text)
 .text          0x080001e4       0x40 C:/STM32app/CUBE/STM32CubeIDE_1.15.0/STM32CubeIDE/plugins/com.st.stm32cube.ide.mcu.externaltools.gnu-tools-for-stm32.12.3.rel1.win32_1.1.0.202410251130/tools/bin/../lib/gcc/arm-none-eabi/12.3.1/thumb/v7-m/nofp/crtbegin.o
 *(.text*)
 .text.Events_MainLogic
                0x08000224       0x40 ./Core/Src/MainLogic.o
                0x08000224                Events_MainLogic
 .text.motor_uart_init
                0x08000264       0x24 ./Core/Src/ServoMotor.o
                0x08000264                motor_uart_init
 .text.GetMoterAck
                0x08000288       0x14 ./Core/Src/ServoMotor.o
                0x08000288                GetMoterAck
 .text.GetMoterOnPos
                0x0800029c       0x18 ./Core/Src/ServoMotor.o
                0x0800029c                GetMoterOnPos
 .text.GetMoterFlag
                0x080002b4       0x18 ./Core/Src/ServoMotor.o
                0x080002b4                GetMoterFlag
 .text.Events_ServoMotor
                0x080002cc       0x2c ./Core/Src/ServoMotor.o
                0x080002cc                Events_ServoMotor
 .text.Event_Init_ServoMotor
                0x080002f8      0x1c8 ./Core/Src/ServoMotor.o
                0x080002f8                Event_Init_ServoMotor
 .text.UartAction_ServoMotor
                0x080004c0      0x858 ./Core/Src/ServoMotor.o
                0x080004c0                UartAction_ServoMotor
 .text.Event_Movement_ServoMotor
                0x08000d18      0x29c ./Core/Src/ServoMotor.o
                0x08000d18                Event_Movement_ServoMotor
 .text.TimerTasks_ServoMotor
                0x08000fb4       0xf4 ./Core/Src/ServoMotor.o
                0x08000fb4                TimerTasks_ServoMotor
 .text.ResetTimerFlag_ServoMotor
                0x080010a8       0x18 ./Core/Src/ServoMotor.o
                0x080010a8                ResetTimerFlag_ServoMotor
 .text.Uart_Send_MovementRegister_ServoMotor
                0x080010c0       0xb8 ./Core/Src/ServoMotor.o
                0x080010c0                Uart_Send_MovementRegister_ServoMotor
 .text.UartSend_MonitorRegister_ServoMotor
                0x08001178      0x14c ./Core/Src/ServoMotor.o
                0x08001178                UartSend_MonitorRegister_ServoMotor
 .text.Get_LRC_ServoMotor
                0x080012c4       0xda ./Core/Src/ServoMotor.o
                0x080012c4                Get_LRC_ServoMotor
 .text.UartWrite_HexToAscii_AddLRC_ServoMotor
                0x0800139e      0x1d6 ./Core/Src/ServoMotor.o
                0x0800139e                UartWrite_HexToAscii_AddLRC_ServoMotor
 .text.Uart_ReadWriteRegister_ServoMotor
                0x08001574      0x20c ./Core/Src/ServoMotor.o
                0x08001574                Uart_ReadWriteRegister_ServoMotor
 .text.SetStatus_Power_ServoMotor
                0x08001780       0x30 ./Core/Src/ServoMotor.o
                0x08001780                SetStatus_Power_ServoMotor
 .text.UartReceiveIT_ServoMotor
                0x080017b0       0x1c ./Core/Src/ServoMotor.o
                0x080017b0                UartReceiveIT_ServoMotor
 .text.UartGetData_ServoMotor
                0x080017cc       0x40 ./Core/Src/ServoMotor.o
                0x080017cc                UartGetData_ServoMotor
 .text.Get_Regroup_ASCII
                0x0800180c       0x5a ./Core/Src/ServoMotor.o
                0x0800180c                Get_Regroup_ASCII
 *fill*         0x08001866        0x2 
 .text.moteruart_receive
                0x08001868      0x10c ./Core/Src/ServoMotor.o
 .text.UartRegroup_ASCII_ServoMotor
                0x08001974       0xb4 ./Core/Src/ServoMotor.o
                0x08001974                UartRegroup_ASCII_ServoMotor
 .text.UartWrite_ServoMotor
                0x08001a28       0x28 ./Core/Src/ServoMotor.o
                0x08001a28                UartWrite_ServoMotor
 .text.UartRead_ServoMotor
                0x08001a50       0x64 ./Core/Src/ServoMotor.o
                0x08001a50                UartRead_ServoMotor
 .text.UartRxdMonitor_ServoMotor
                0x08001ab4       0x84 ./Core/Src/ServoMotor.o
                0x08001ab4                UartRxdMonitor_ServoMotor
 .text.UartDriver_ServoMotor
                0x08001b38       0x58 ./Core/Src/ServoMotor.o
                0x08001b38                UartDriver_ServoMotor
 .text.HAL_UART_RxCpltCallback
                0x08001b90       0x24 ./Core/Src/SystemTasks.o
                0x08001b90                HAL_UART_RxCpltCallback
 .text.HAL_UARTEx_RxEventCallback
                0x08001bb4       0x24 ./Core/Src/SystemTasks.o
                0x08001bb4                HAL_UARTEx_RxEventCallback
 .text.HAL_TIM_PeriodElapsedCallback
                0x08001bd8       0x24 ./Core/Src/SystemTasks.o
                0x08001bd8                HAL_TIM_PeriodElapsedCallback
 .text.UartWrite_WirelessModule
                0x08001bfc       0x28 ./Core/Src/WirelessModule.o
                0x08001bfc                UartWrite_WirelessModule
 .text.MX_ADC1_Init
                0x08001c24       0x7c ./Core/Src/adc.o
                0x08001c24                MX_ADC1_Init
 .text.HAL_ADC_MspInit
                0x08001ca0       0x78 ./Core/Src/adc.o
                0x08001ca0                HAL_ADC_MspInit
 .text.MX_DMA_Init
                0x08001d18       0x3c ./Core/Src/dma.o
                0x08001d18                MX_DMA_Init
 .text.MX_GPIO_Init
                0x08001d54      0x138 ./Core/Src/gpio.o
                0x08001d54                MX_GPIO_Init
 .text.MX_I2C1_Init
                0x08001e8c       0x5c ./Core/Src/i2c.o
                0x08001e8c                MX_I2C1_Init
 .text.HAL_I2C_MspInit
                0x08001ee8       0xa0 ./Core/Src/i2c.o
                0x08001ee8                HAL_I2C_MspInit
 .text.main     0x08001f88      0x218 ./Core/Src/main.o
                0x08001f88                main
 .text.SystemClock_Config
                0x080021a0       0xba ./Core/Src/main.o
                0x080021a0                SystemClock_Config
 .text.Error_Handler
                0x0800225a        0xc ./Core/Src/main.o
                0x0800225a                Error_Handler
 *fill*         0x08002266        0x2 
 .text.HAL_MspInit
                0x08002268       0x64 ./Core/Src/stm32f1xx_hal_msp.o
                0x08002268                HAL_MspInit
 .text.NMI_Handler
                0x080022cc        0x8 ./Core/Src/stm32f1xx_it.o
                0x080022cc                NMI_Handler
 .text.HardFault_Handler
                0x080022d4        0x8 ./Core/Src/stm32f1xx_it.o
                0x080022d4                HardFault_Handler
 .text.MemManage_Handler
                0x080022dc        0x8 ./Core/Src/stm32f1xx_it.o
                0x080022dc                MemManage_Handler
 .text.BusFault_Handler
                0x080022e4        0x8 ./Core/Src/stm32f1xx_it.o
                0x080022e4                BusFault_Handler
 .text.UsageFault_Handler
                0x080022ec        0x8 ./Core/Src/stm32f1xx_it.o
                0x080022ec                UsageFault_Handler
 .text.SVC_Handler
                0x080022f4        0xc ./Core/Src/stm32f1xx_it.o
                0x080022f4                SVC_Handler
 .text.DebugMon_Handler
                0x08002300        0xc ./Core/Src/stm32f1xx_it.o
                0x08002300                DebugMon_Handler
 .text.PendSV_Handler
                0x0800230c        0xc ./Core/Src/stm32f1xx_it.o
                0x0800230c                PendSV_Handler
 .text.SysTick_Handler
                0x08002318        0xc ./Core/Src/stm32f1xx_it.o
                0x08002318                SysTick_Handler
 .text.DMA1_Channel5_IRQHandler
                0x08002324       0x14 ./Core/Src/stm32f1xx_it.o
                0x08002324                DMA1_Channel5_IRQHandler
 .text.TIM1_UP_TIM10_IRQHandler
                0x08002338       0x14 ./Core/Src/stm32f1xx_it.o
                0x08002338                TIM1_UP_TIM10_IRQHandler
 .text.TIM3_IRQHandler
                0x0800234c       0x14 ./Core/Src/stm32f1xx_it.o
                0x0800234c                TIM3_IRQHandler
 .text.TIM4_IRQHandler
                0x08002360       0x14 ./Core/Src/stm32f1xx_it.o
                0x08002360                TIM4_IRQHandler
 .text.USART1_IRQHandler
                0x08002374       0x14 ./Core/Src/stm32f1xx_it.o
                0x08002374                USART1_IRQHandler
 .text.USART2_IRQHandler
                0x08002388       0x14 ./Core/Src/stm32f1xx_it.o
                0x08002388                USART2_IRQHandler
 .text.USART3_IRQHandler
                0x0800239c       0x14 ./Core/Src/stm32f1xx_it.o
                0x0800239c                USART3_IRQHandler
 .text.UART4_IRQHandler
                0x080023b0       0x14 ./Core/Src/stm32f1xx_it.o
                0x080023b0                UART4_IRQHandler
 .text.UART5_IRQHandler
                0x080023c4       0x14 ./Core/Src/stm32f1xx_it.o
                0x080023c4                UART5_IRQHandler
 .text.HAL_TIM_IC_CaptureCallback
                0x080023d8       0x12 ./Core/Src/stm32f1xx_it.o
                0x080023d8                HAL_TIM_IC_CaptureCallback
 .text._read    0x080023ea       0x3a ./Core/Src/syscalls.o
                0x080023ea                _read
 .text._write   0x08002424       0x38 ./Core/Src/syscalls.o
                0x08002424                _write
 .text._close   0x0800245c       0x16 ./Core/Src/syscalls.o
                0x0800245c                _close
 .text._fstat   0x08002472       0x1e ./Core/Src/syscalls.o
                0x08002472                _fstat
 .text._isatty  0x08002490       0x14 ./Core/Src/syscalls.o
                0x08002490                _isatty
 .text._lseek   0x080024a4       0x18 ./Core/Src/syscalls.o
                0x080024a4                _lseek
 .text._sbrk    0x080024bc       0x6c ./Core/Src/sysmem.o
                0x080024bc                _sbrk
 .text.SystemInit
                0x08002528        0xc ./Core/Src/system_stm32f1xx.o
                0x08002528                SystemInit
 .text.MX_TIM1_Init
                0x08002534       0xa0 ./Core/Src/tim.o
                0x08002534                MX_TIM1_Init
 .text.MX_TIM3_Init
                0x080025d4       0xb4 ./Core/Src/tim.o
                0x080025d4                MX_TIM3_Init
 .text.MX_TIM4_Init
                0x08002688       0xe0 ./Core/Src/tim.o
                0x08002688                MX_TIM4_Init
 .text.HAL_TIM_Base_MspInit
                0x08002768       0xc4 ./Core/Src/tim.o
                0x08002768                HAL_TIM_Base_MspInit
 .text.HAL_TIM_PWM_MspInit
                0x0800282c       0x4c ./Core/Src/tim.o
                0x0800282c                HAL_TIM_PWM_MspInit
 .text.HAL_TIM_MspPostInit
                0x08002878       0x8c ./Core/Src/tim.o
                0x08002878                HAL_TIM_MspPostInit
 .text.MX_UART4_Init
                0x08002904       0x54 ./Core/Src/usart.o
                0x08002904                MX_UART4_Init
 .text.MX_UART5_Init
                0x08002958       0x54 ./Core/Src/usart.o
                0x08002958                MX_UART5_Init
 .text.MX_USART1_UART_Init
                0x080029ac       0x54 ./Core/Src/usart.o
                0x080029ac                MX_USART1_UART_Init
 .text.MX_USART2_UART_Init
                0x08002a00       0x54 ./Core/Src/usart.o
                0x08002a00                MX_USART2_UART_Init
 .text.MX_USART3_UART_Init
                0x08002a54       0x54 ./Core/Src/usart.o
                0x08002a54                MX_USART3_UART_Init
 .text.HAL_UART_MspInit
                0x08002aa8      0x330 ./Core/Src/usart.o
                0x08002aa8                HAL_UART_MspInit
 .text.Reset_Handler
                0x08002dd8       0x48 ./Core/Startup/startup_stm32f103rgtx.o
                0x08002dd8                Reset_Handler
 .text.Default_Handler
                0x08002e20        0x2 ./Core/Startup/startup_stm32f103rgtx.o
                0x08002e20                RTC_Alarm_IRQHandler
                0x08002e20                EXTI2_IRQHandler
                0x08002e20                TIM8_CC_IRQHandler
                0x08002e20                TIM1_CC_IRQHandler
                0x08002e20                TIM6_IRQHandler
                0x08002e20                PVD_IRQHandler
                0x08002e20                SDIO_IRQHandler
                0x08002e20                EXTI3_IRQHandler
                0x08002e20                TIM8_TRG_COM_TIM14_IRQHandler
                0x08002e20                TIM8_UP_TIM13_IRQHandler
                0x08002e20                EXTI0_IRQHandler
                0x08002e20                I2C2_EV_IRQHandler
                0x08002e20                ADC1_2_IRQHandler
                0x08002e20                SPI1_IRQHandler
                0x08002e20                TAMPER_IRQHandler
                0x08002e20                TIM1_BRK_TIM9_IRQHandler
                0x08002e20                DMA2_Channel2_IRQHandler
                0x08002e20                DMA1_Channel4_IRQHandler
                0x08002e20                RTC_IRQHandler
                0x08002e20                DMA1_Channel7_IRQHandler
                0x08002e20                CAN1_RX1_IRQHandler
                0x08002e20                ADC3_IRQHandler
                0x08002e20                DMA2_Channel1_IRQHandler
                0x08002e20                I2C1_EV_IRQHandler
                0x08002e20                DMA1_Channel6_IRQHandler
                0x08002e20                RCC_IRQHandler
                0x08002e20                TIM8_BRK_TIM12_IRQHandler
                0x08002e20                DMA1_Channel1_IRQHandler
                0x08002e20                Default_Handler
                0x08002e20                EXTI15_10_IRQHandler
                0x08002e20                TIM7_IRQHandler
                0x08002e20                TIM5_IRQHandler
                0x08002e20                EXTI9_5_IRQHandler
                0x08002e20                SPI2_IRQHandler
                0x08002e20                EXTI4_IRQHandler
                0x08002e20                USB_LP_CAN1_RX0_IRQHandler
                0x08002e20                USB_HP_CAN1_TX_IRQHandler
                0x08002e20                DMA1_Channel3_IRQHandler
                0x08002e20                FSMC_IRQHandler
                0x08002e20                WWDG_IRQHandler
                0x08002e20                TIM2_IRQHandler
                0x08002e20                TIM1_TRG_COM_TIM11_IRQHandler
                0x08002e20                EXTI1_IRQHandler
                0x08002e20                DMA2_Channel4_5_IRQHandler
                0x08002e20                I2C2_ER_IRQHandler
                0x08002e20                DMA1_Channel2_IRQHandler
                0x08002e20                CAN1_SCE_IRQHandler
                0x08002e20                FLASH_IRQHandler
                0x08002e20                SPI3_IRQHandler
                0x08002e20                I2C1_ER_IRQHandler
                0x08002e20                USBWakeUp_IRQHandler
                0x08002e20                DMA2_Channel3_IRQHandler
 *fill*         0x08002e22        0x2 
 .text.HAL_Init
                0x08002e24       0x2c ./Drivers/STM32F1xx_HAL_Driver/Src/stm32f1xx_hal.o
                0x08002e24                HAL_Init
 .text.HAL_InitTick
                0x08002e50       0x60 ./Drivers/STM32F1xx_HAL_Driver/Src/stm32f1xx_hal.o
                0x08002e50                HAL_InitTick
 .text.HAL_IncTick
                0x08002eb0       0x24 ./Drivers/STM32F1xx_HAL_Driver/Src/stm32f1xx_hal.o
                0x08002eb0                HAL_IncTick
 .text.HAL_GetTick
                0x08002ed4       0x14 ./Drivers/STM32F1xx_HAL_Driver/Src/stm32f1xx_hal.o
                0x08002ed4                HAL_GetTick
 .text.HAL_ADC_Init
                0x08002ee8      0x1d4 ./Drivers/STM32F1xx_HAL_Driver/Src/stm32f1xx_hal_adc.o
                0x08002ee8                HAL_ADC_Init
 .text.HAL_ADC_ConfigChannel
                0x080030bc      0x1f0 ./Drivers/STM32F1xx_HAL_Driver/Src/stm32f1xx_hal_adc.o
                0x080030bc                HAL_ADC_ConfigChannel
 .text.ADC_ConversionStop_Disable
                0x080032ac       0x82 ./Drivers/STM32F1xx_HAL_Driver/Src/stm32f1xx_hal_adc.o
                0x080032ac                ADC_ConversionStop_Disable
 *fill*         0x0800332e        0x2 
 .text.__NVIC_SetPriorityGrouping
                0x08003330       0x48 ./Drivers/STM32F1xx_HAL_Driver/Src/stm32f1xx_hal_cortex.o
 .text.__NVIC_GetPriorityGrouping
                0x08003378       0x1c ./Drivers/STM32F1xx_HAL_Driver/Src/stm32f1xx_hal_cortex.o
 .text.__NVIC_EnableIRQ
                0x08003394       0x38 ./Drivers/STM32F1xx_HAL_Driver/Src/stm32f1xx_hal_cortex.o
 .text.__NVIC_SetPriority
                0x080033cc       0x54 ./Drivers/STM32F1xx_HAL_Driver/Src/stm32f1xx_hal_cortex.o
 .text.NVIC_EncodePriority
                0x08003420       0x64 ./Drivers/STM32F1xx_HAL_Driver/Src/stm32f1xx_hal_cortex.o
 .text.SysTick_Config
                0x08003484       0x44 ./Drivers/STM32F1xx_HAL_Driver/Src/stm32f1xx_hal_cortex.o
 .text.HAL_NVIC_SetPriorityGrouping
                0x080034c8       0x16 ./Drivers/STM32F1xx_HAL_Driver/Src/stm32f1xx_hal_cortex.o
                0x080034c8                HAL_NVIC_SetPriorityGrouping
 .text.HAL_NVIC_SetPriority
                0x080034de       0x38 ./Drivers/STM32F1xx_HAL_Driver/Src/stm32f1xx_hal_cortex.o
                0x080034de                HAL_NVIC_SetPriority
 .text.HAL_NVIC_EnableIRQ
                0x08003516       0x1c ./Drivers/STM32F1xx_HAL_Driver/Src/stm32f1xx_hal_cortex.o
                0x08003516                HAL_NVIC_EnableIRQ
 .text.HAL_SYSTICK_Config
                0x08003532       0x18 ./Drivers/STM32F1xx_HAL_Driver/Src/stm32f1xx_hal_cortex.o
                0x08003532                HAL_SYSTICK_Config
 *fill*         0x0800354a        0x2 
 .text.HAL_DMA_Init
                0x0800354c       0xec ./Drivers/STM32F1xx_HAL_Driver/Src/stm32f1xx_hal_dma.o
                0x0800354c                HAL_DMA_Init
 .text.HAL_DMA_Start_IT
                0x08003638       0xc0 ./Drivers/STM32F1xx_HAL_Driver/Src/stm32f1xx_hal_dma.o
                0x08003638                HAL_DMA_Start_IT
 .text.HAL_DMA_Abort
                0x080036f8       0x76 ./Drivers/STM32F1xx_HAL_Driver/Src/stm32f1xx_hal_dma.o
                0x080036f8                HAL_DMA_Abort
 *fill*         0x0800376e        0x2 
 .text.HAL_DMA_Abort_IT
                0x08003770      0x210 ./Drivers/STM32F1xx_HAL_Driver/Src/stm32f1xx_hal_dma.o
                0x08003770                HAL_DMA_Abort_IT
 .text.HAL_DMA_IRQHandler
                0x08003980      0x478 ./Drivers/STM32F1xx_HAL_Driver/Src/stm32f1xx_hal_dma.o
                0x08003980                HAL_DMA_IRQHandler
 .text.DMA_SetConfig
                0x08003df8       0x5a ./Drivers/STM32F1xx_HAL_Driver/Src/stm32f1xx_hal_dma.o
 *fill*         0x08003e52        0x2 
 .text.HAL_GPIO_Init
                0x08003e54      0x328 ./Drivers/STM32F1xx_HAL_Driver/Src/stm32f1xx_hal_gpio.o
                0x08003e54                HAL_GPIO_Init
 .text.HAL_GPIO_ReadPin
                0x0800417c       0x2e ./Drivers/STM32F1xx_HAL_Driver/Src/stm32f1xx_hal_gpio.o
                0x0800417c                HAL_GPIO_ReadPin
 .text.HAL_GPIO_WritePin
                0x080041aa       0x30 ./Drivers/STM32F1xx_HAL_Driver/Src/stm32f1xx_hal_gpio.o
                0x080041aa                HAL_GPIO_WritePin
 *fill*         0x080041da        0x2 
 .text.HAL_I2C_Init
                0x080041dc      0x288 ./Drivers/STM32F1xx_HAL_Driver/Src/stm32f1xx_hal_i2c.o
                0x080041dc                HAL_I2C_Init
 .text.HAL_RCC_OscConfig
                0x08004464      0x504 ./Drivers/STM32F1xx_HAL_Driver/Src/stm32f1xx_hal_rcc.o
                0x08004464                HAL_RCC_OscConfig
 .text.HAL_RCC_ClockConfig
                0x08004968      0x1d4 ./Drivers/STM32F1xx_HAL_Driver/Src/stm32f1xx_hal_rcc.o
                0x08004968                HAL_RCC_ClockConfig
 .text.HAL_RCC_GetSysClockFreq
                0x08004b3c       0xac ./Drivers/STM32F1xx_HAL_Driver/Src/stm32f1xx_hal_rcc.o
                0x08004b3c                HAL_RCC_GetSysClockFreq
 .text.HAL_RCC_GetHCLKFreq
                0x08004be8       0x14 ./Drivers/STM32F1xx_HAL_Driver/Src/stm32f1xx_hal_rcc.o
                0x08004be8                HAL_RCC_GetHCLKFreq
 .text.HAL_RCC_GetPCLK1Freq
                0x08004bfc       0x28 ./Drivers/STM32F1xx_HAL_Driver/Src/stm32f1xx_hal_rcc.o
                0x08004bfc                HAL_RCC_GetPCLK1Freq
 .text.HAL_RCC_GetPCLK2Freq
                0x08004c24       0x28 ./Drivers/STM32F1xx_HAL_Driver/Src/stm32f1xx_hal_rcc.o
                0x08004c24                HAL_RCC_GetPCLK2Freq
 .text.RCC_Delay
                0x08004c4c       0x3c ./Drivers/STM32F1xx_HAL_Driver/Src/stm32f1xx_hal_rcc.o
 .text.HAL_RCCEx_PeriphCLKConfig
                0x08004c88      0x16c ./Drivers/STM32F1xx_HAL_Driver/Src/stm32f1xx_hal_rcc_ex.o
                0x08004c88                HAL_RCCEx_PeriphCLKConfig
 .text.HAL_TIM_Base_Init
                0x08004df4       0x9e ./Drivers/STM32F1xx_HAL_Driver/Src/stm32f1xx_hal_tim.o
                0x08004df4                HAL_TIM_Base_Init
 *fill*         0x08004e92        0x2 
 .text.HAL_TIM_Base_Start_IT
                0x08004e94       0xdc ./Drivers/STM32F1xx_HAL_Driver/Src/stm32f1xx_hal_tim.o
                0x08004e94                HAL_TIM_Base_Start_IT
 .text.HAL_TIM_PWM_Init
                0x08004f70       0x9e ./Drivers/STM32F1xx_HAL_Driver/Src/stm32f1xx_hal_tim.o
                0x08004f70                HAL_TIM_PWM_Init
 .text.HAL_TIM_IC_Init
                0x0800500e       0x9e ./Drivers/STM32F1xx_HAL_Driver/Src/stm32f1xx_hal_tim.o
                0x0800500e                HAL_TIM_IC_Init
 .text.HAL_TIM_IC_MspInit
                0x080050ac       0x12 ./Drivers/STM32F1xx_HAL_Driver/Src/stm32f1xx_hal_tim.o
                0x080050ac                HAL_TIM_IC_MspInit
 *fill*         0x080050be        0x2 
 .text.HAL_TIM_IC_Start_IT
                0x080050c0      0x250 ./Drivers/STM32F1xx_HAL_Driver/Src/stm32f1xx_hal_tim.o
                0x080050c0                HAL_TIM_IC_Start_IT
 .text.HAL_TIM_IRQHandler
                0x08005310      0x210 ./Drivers/STM32F1xx_HAL_Driver/Src/stm32f1xx_hal_tim.o
                0x08005310                HAL_TIM_IRQHandler
 .text.HAL_TIM_IC_ConfigChannel
                0x08005520      0x138 ./Drivers/STM32F1xx_HAL_Driver/Src/stm32f1xx_hal_tim.o
                0x08005520                HAL_TIM_IC_ConfigChannel
 .text.HAL_TIM_PWM_ConfigChannel
                0x08005658      0x184 ./Drivers/STM32F1xx_HAL_Driver/Src/stm32f1xx_hal_tim.o
                0x08005658                HAL_TIM_PWM_ConfigChannel
 .text.HAL_TIM_ConfigClockSource
                0x080057dc      0x18e ./Drivers/STM32F1xx_HAL_Driver/Src/stm32f1xx_hal_tim.o
                0x080057dc                HAL_TIM_ConfigClockSource
 .text.HAL_TIM_OC_DelayElapsedCallback
                0x0800596a       0x12 ./Drivers/STM32F1xx_HAL_Driver/Src/stm32f1xx_hal_tim.o
                0x0800596a                HAL_TIM_OC_DelayElapsedCallback
 .text.HAL_TIM_PWM_PulseFinishedCallback
                0x0800597c       0x12 ./Drivers/STM32F1xx_HAL_Driver/Src/stm32f1xx_hal_tim.o
                0x0800597c                HAL_TIM_PWM_PulseFinishedCallback
 .text.HAL_TIM_TriggerCallback
                0x0800598e       0x12 ./Drivers/STM32F1xx_HAL_Driver/Src/stm32f1xx_hal_tim.o
                0x0800598e                HAL_TIM_TriggerCallback
 .text.TIM_Base_SetConfig
                0x080059a0      0x13c ./Drivers/STM32F1xx_HAL_Driver/Src/stm32f1xx_hal_tim.o
                0x080059a0                TIM_Base_SetConfig
 .text.TIM_OC1_SetConfig
                0x08005adc       0xe0 ./Drivers/STM32F1xx_HAL_Driver/Src/stm32f1xx_hal_tim.o
 .text.TIM_OC2_SetConfig
                0x08005bbc       0xe8 ./Drivers/STM32F1xx_HAL_Driver/Src/stm32f1xx_hal_tim.o
                0x08005bbc                TIM_OC2_SetConfig
 .text.TIM_OC3_SetConfig
                0x08005ca4       0xe8 ./Drivers/STM32F1xx_HAL_Driver/Src/stm32f1xx_hal_tim.o
 .text.TIM_OC4_SetConfig
                0x08005d8c       0xa8 ./Drivers/STM32F1xx_HAL_Driver/Src/stm32f1xx_hal_tim.o
 .text.TIM_TI1_SetConfig
                0x08005e34       0xe4 ./Drivers/STM32F1xx_HAL_Driver/Src/stm32f1xx_hal_tim.o
                0x08005e34                TIM_TI1_SetConfig
 .text.TIM_TI1_ConfigInputStage
                0x08005f18       0x5c ./Drivers/STM32F1xx_HAL_Driver/Src/stm32f1xx_hal_tim.o
 .text.TIM_TI2_SetConfig
                0x08005f74       0x78 ./Drivers/STM32F1xx_HAL_Driver/Src/stm32f1xx_hal_tim.o
 .text.TIM_TI2_ConfigInputStage
                0x08005fec       0x5e ./Drivers/STM32F1xx_HAL_Driver/Src/stm32f1xx_hal_tim.o
 .text.TIM_TI3_SetConfig
                0x0800604a       0x76 ./Drivers/STM32F1xx_HAL_Driver/Src/stm32f1xx_hal_tim.o
 .text.TIM_TI4_SetConfig
                0x080060c0       0x78 ./Drivers/STM32F1xx_HAL_Driver/Src/stm32f1xx_hal_tim.o
 .text.TIM_ITRx_SetConfig
                0x08006138       0x34 ./Drivers/STM32F1xx_HAL_Driver/Src/stm32f1xx_hal_tim.o
 .text.TIM_ETR_SetConfig
                0x0800616c       0x3e ./Drivers/STM32F1xx_HAL_Driver/Src/stm32f1xx_hal_tim.o
                0x0800616c                TIM_ETR_SetConfig
 .text.TIM_CCxChannelCmd
                0x080061aa       0x48 ./Drivers/STM32F1xx_HAL_Driver/Src/stm32f1xx_hal_tim.o
                0x080061aa                TIM_CCxChannelCmd
 *fill*         0x080061f2        0x2 
 .text.HAL_TIMEx_MasterConfigSynchronization
                0x080061f4       0xf4 ./Drivers/STM32F1xx_HAL_Driver/Src/stm32f1xx_hal_tim_ex.o
                0x080061f4                HAL_TIMEx_MasterConfigSynchronization
 .text.HAL_TIMEx_CommutCallback
                0x080062e8       0x12 ./Drivers/STM32F1xx_HAL_Driver/Src/stm32f1xx_hal_tim_ex.o
                0x080062e8                HAL_TIMEx_CommutCallback
 .text.HAL_TIMEx_BreakCallback
                0x080062fa       0x12 ./Drivers/STM32F1xx_HAL_Driver/Src/stm32f1xx_hal_tim_ex.o
                0x080062fa                HAL_TIMEx_BreakCallback
 .text.HAL_UART_Init
                0x0800630c       0xa0 ./Drivers/STM32F1xx_HAL_Driver/Src/stm32f1xx_hal_uart.o
                0x0800630c                HAL_UART_Init
 .text.HAL_UART_Transmit
                0x080063ac      0x106 ./Drivers/STM32F1xx_HAL_Driver/Src/stm32f1xx_hal_uart.o
                0x080063ac                HAL_UART_Transmit
 .text.HAL_UART_Receive_IT
                0x080064b2       0x4a ./Drivers/STM32F1xx_HAL_Driver/Src/stm32f1xx_hal_uart.o
                0x080064b2                HAL_UART_Receive_IT
 .text.HAL_UARTEx_ReceiveToIdle_DMA
                0x080064fc       0xba ./Drivers/STM32F1xx_HAL_Driver/Src/stm32f1xx_hal_uart.o
                0x080064fc                HAL_UARTEx_ReceiveToIdle_DMA
 *fill*         0x080065b6        0x2 
 .text.HAL_UART_IRQHandler
                0x080065b8      0x524 ./Drivers/STM32F1xx_HAL_Driver/Src/stm32f1xx_hal_uart.o
                0x080065b8                HAL_UART_IRQHandler
 .text.HAL_UART_TxCpltCallback
                0x08006adc       0x12 ./Drivers/STM32F1xx_HAL_Driver/Src/stm32f1xx_hal_uart.o
                0x08006adc                HAL_UART_TxCpltCallback
 .text.HAL_UART_RxHalfCpltCallback
                0x08006aee       0x12 ./Drivers/STM32F1xx_HAL_Driver/Src/stm32f1xx_hal_uart.o
                0x08006aee                HAL_UART_RxHalfCpltCallback
 .text.HAL_UART_ErrorCallback
                0x08006b00       0x12 ./Drivers/STM32F1xx_HAL_Driver/Src/stm32f1xx_hal_uart.o
                0x08006b00                HAL_UART_ErrorCallback
 .text.UART_DMAReceiveCplt
                0x08006b12      0x12c ./Drivers/STM32F1xx_HAL_Driver/Src/stm32f1xx_hal_uart.o
 .text.UART_DMARxHalfCplt
                0x08006c3e       0x3c ./Drivers/STM32F1xx_HAL_Driver/Src/stm32f1xx_hal_uart.o
 .text.UART_DMAError
                0x08006c7a       0x94 ./Drivers/STM32F1xx_HAL_Driver/Src/stm32f1xx_hal_uart.o
 .text.UART_WaitOnFlagUntilTimeout
                0x08006d0e       0xdc ./Drivers/STM32F1xx_HAL_Driver/Src/stm32f1xx_hal_uart.o
 .text.UART_Start_Receive_IT
                0x08006dea       0x72 ./Drivers/STM32F1xx_HAL_Driver/Src/stm32f1xx_hal_uart.o
                0x08006dea                UART_Start_Receive_IT
 .text.UART_Start_Receive_DMA
                0x08006e5c      0x134 ./Drivers/STM32F1xx_HAL_Driver/Src/stm32f1xx_hal_uart.o
                0x08006e5c                UART_Start_Receive_DMA
 .text.UART_EndTxTransfer
                0x08006f90       0x4e ./Drivers/STM32F1xx_HAL_Driver/Src/stm32f1xx_hal_uart.o
 .text.UART_EndRxTransfer
                0x08006fde       0xc4 ./Drivers/STM32F1xx_HAL_Driver/Src/stm32f1xx_hal_uart.o
 .text.UART_DMAAbortOnError
                0x080070a2       0x28 ./Drivers/STM32F1xx_HAL_Driver/Src/stm32f1xx_hal_uart.o
 .text.UART_Transmit_IT
                0x080070ca       0x9e ./Drivers/STM32F1xx_HAL_Driver/Src/stm32f1xx_hal_uart.o
 .text.UART_EndTransmit_IT
                0x08007168       0x30 ./Drivers/STM32F1xx_HAL_Driver/Src/stm32f1xx_hal_uart.o
 .text.UART_Receive_IT
                0x08007198      0x17c ./Drivers/STM32F1xx_HAL_Driver/Src/stm32f1xx_hal_uart.o
 .text.UART_SetConfig
                0x08007314      0x11c ./Drivers/STM32F1xx_HAL_Driver/Src/stm32f1xx_hal_uart.o
 .text.__io_putchar
                0x08007430       0x24 ./Usr/log/my_log.o
                0x08007430                __io_putchar
 .text.motor_move
                0x08007454       0xa4 ./Usr/module_driver/driver_motor.o
                0x08007454                motor_move
 .text.motor_stop
                0x080074f8       0x10 ./Usr/module_driver/driver_motor.o
                0x080074f8                motor_stop
 .text.moter_speed_set
                0x08007508      0x10c ./Usr/module_driver/driver_motor.o
                0x08007508                moter_speed_set
 .text.moter_set_move
                0x08007614      0x1a4 ./Usr/module_driver/driver_motor.o
 .text.wireless_reg_handle
                0x080077b8       0x28 ./Usr/module_driver/driver_wireless.o
                0x080077b8                wireless_reg_handle
 .text.wireless_event_init
                0x080077e0       0x20 ./Usr/module_driver/driver_wireless.o
                0x080077e0                wireless_event_init
 .text.wireless_init
                0x08007800       0x48 ./Usr/module_driver/driver_wireless.o
                0x08007800                wireless_init
 .text.GetWireLessHandle
                0x08007848       0x30 ./Usr/module_driver/driver_wireless.o
                0x08007848                GetWireLessHandle
 .text.CRC16_Calculate
                0x08007878       0x90 ./Usr/module_driver/driver_wireless.o
 .text.wireless_packet_analys
                0x08007908       0x94 ./Usr/module_driver/driver_wireless.o
 .text.ClearCmd
                0x0800799c       0x18 ./Usr/module_driver/driver_wireless.o
                0x0800799c                ClearCmd
 .text.GetCmdType
                0x080079b4       0x14 ./Usr/module_driver/driver_wireless.o
                0x080079b4                GetCmdType
 .text.receive_rx_data
                0x080079c8       0x80 ./Usr/module_driver/driver_wireless.o
                0x080079c8                receive_rx_data
 .text.reg_event
                0x08007a48       0x54 ./Usr/module_middle/middle_event_process.o
                0x08007a48                reg_event
 .text.event_datapack_process
                0x08007a9c       0x7c ./Usr/module_middle/middle_event_process.o
                0x08007a9c                event_datapack_process
 .text.event_data_book
                0x08007b18       0xac ./Usr/module_middle/middle_event_process.o
                0x08007b18                event_data_book
 .text.has_pass_time
                0x08007bc4       0x2e ./Usr/tick/tick.o
                0x08007bc4                has_pass_time
 *fill*         0x08007bf2        0x2 
 .text.std      0x08007bf4       0x6c C:/STM32app/CUBE/STM32CubeIDE_1.15.0/STM32CubeIDE/plugins/com.st.stm32cube.ide.mcu.externaltools.gnu-tools-for-stm32.12.3.rel1.win32_1.1.0.202410251130/tools/bin/../lib/gcc/arm-none-eabi/12.3.1/../../../../arm-none-eabi/lib/thumb/v7-m/nofp\libc_nano.a(libc_a-findfp.o)
 .text.stdio_exit_handler
                0x08007c60       0x18 C:/STM32app/CUBE/STM32CubeIDE_1.15.0/STM32CubeIDE/plugins/com.st.stm32cube.ide.mcu.externaltools.gnu-tools-for-stm32.12.3.rel1.win32_1.1.0.202410251130/tools/bin/../lib/gcc/arm-none-eabi/12.3.1/../../../../arm-none-eabi/lib/thumb/v7-m/nofp\libc_nano.a(libc_a-findfp.o)
 .text.cleanup_stdio
                0x08007c78       0x40 C:/STM32app/CUBE/STM32CubeIDE_1.15.0/STM32CubeIDE/plugins/com.st.stm32cube.ide.mcu.externaltools.gnu-tools-for-stm32.12.3.rel1.win32_1.1.0.202410251130/tools/bin/../lib/gcc/arm-none-eabi/12.3.1/../../../../arm-none-eabi/lib/thumb/v7-m/nofp\libc_nano.a(libc_a-findfp.o)
 .text.global_stdio_init.part.0
                0x08007cb8       0x3c C:/STM32app/CUBE/STM32CubeIDE_1.15.0/STM32CubeIDE/plugins/com.st.stm32cube.ide.mcu.externaltools.gnu-tools-for-stm32.12.3.rel1.win32_1.1.0.202410251130/tools/bin/../lib/gcc/arm-none-eabi/12.3.1/../../../../arm-none-eabi/lib/thumb/v7-m/nofp\libc_nano.a(libc_a-findfp.o)
 .text.__sfp_lock_acquire
                0x08007cf4        0xc C:/STM32app/CUBE/STM32CubeIDE_1.15.0/STM32CubeIDE/plugins/com.st.stm32cube.ide.mcu.externaltools.gnu-tools-for-stm32.12.3.rel1.win32_1.1.0.202410251130/tools/bin/../lib/gcc/arm-none-eabi/12.3.1/../../../../arm-none-eabi/lib/thumb/v7-m/nofp\libc_nano.a(libc_a-findfp.o)
                0x08007cf4                __sfp_lock_acquire
 .text.__sfp_lock_release
                0x08007d00        0xc C:/STM32app/CUBE/STM32CubeIDE_1.15.0/STM32CubeIDE/plugins/com.st.stm32cube.ide.mcu.externaltools.gnu-tools-for-stm32.12.3.rel1.win32_1.1.0.202410251130/tools/bin/../lib/gcc/arm-none-eabi/12.3.1/../../../../arm-none-eabi/lib/thumb/v7-m/nofp\libc_nano.a(libc_a-findfp.o)
                0x08007d00                __sfp_lock_release
 .text.__sinit  0x08007d0c       0x30 C:/STM32app/CUBE/STM32CubeIDE_1.15.0/STM32CubeIDE/plugins/com.st.stm32cube.ide.mcu.externaltools.gnu-tools-for-stm32.12.3.rel1.win32_1.1.0.202410251130/tools/bin/../lib/gcc/arm-none-eabi/12.3.1/../../../../arm-none-eabi/lib/thumb/v7-m/nofp\libc_nano.a(libc_a-findfp.o)
                0x08007d0c                __sinit
 .text._fwalk_sglue
                0x08007d3c       0x3c C:/STM32app/CUBE/STM32CubeIDE_1.15.0/STM32CubeIDE/plugins/com.st.stm32cube.ide.mcu.externaltools.gnu-tools-for-stm32.12.3.rel1.win32_1.1.0.202410251130/tools/bin/../lib/gcc/arm-none-eabi/12.3.1/../../../../arm-none-eabi/lib/thumb/v7-m/nofp\libc_nano.a(libc_a-fwalk.o)
                0x08007d3c                _fwalk_sglue
 .text.printf   0x08007d78       0x24 C:/STM32app/CUBE/STM32CubeIDE_1.15.0/STM32CubeIDE/plugins/com.st.stm32cube.ide.mcu.externaltools.gnu-tools-for-stm32.12.3.rel1.win32_1.1.0.202410251130/tools/bin/../lib/gcc/arm-none-eabi/12.3.1/../../../../arm-none-eabi/lib/thumb/v7-m/nofp\libc_nano.a(libc_a-printf.o)
                0x08007d78                iprintf
                0x08007d78                printf
 .text.__sread  0x08007d9c       0x22 C:/STM32app/CUBE/STM32CubeIDE_1.15.0/STM32CubeIDE/plugins/com.st.stm32cube.ide.mcu.externaltools.gnu-tools-for-stm32.12.3.rel1.win32_1.1.0.202410251130/tools/bin/../lib/gcc/arm-none-eabi/12.3.1/../../../../arm-none-eabi/lib/thumb/v7-m/nofp\libc_nano.a(libc_a-stdio.o)
                0x08007d9c                __sread
 .text.__swrite
                0x08007dbe       0x38 C:/STM32app/CUBE/STM32CubeIDE_1.15.0/STM32CubeIDE/plugins/com.st.stm32cube.ide.mcu.externaltools.gnu-tools-for-stm32.12.3.rel1.win32_1.1.0.202410251130/tools/bin/../lib/gcc/arm-none-eabi/12.3.1/../../../../arm-none-eabi/lib/thumb/v7-m/nofp\libc_nano.a(libc_a-stdio.o)
                0x08007dbe                __swrite
 .text.__sseek  0x08007df6       0x24 C:/STM32app/CUBE/STM32CubeIDE_1.15.0/STM32CubeIDE/plugins/com.st.stm32cube.ide.mcu.externaltools.gnu-tools-for-stm32.12.3.rel1.win32_1.1.0.202410251130/tools/bin/../lib/gcc/arm-none-eabi/12.3.1/../../../../arm-none-eabi/lib/thumb/v7-m/nofp\libc_nano.a(libc_a-stdio.o)
                0x08007df6                __sseek
 .text.__sclose
                0x08007e1a        0x8 C:/STM32app/CUBE/STM32CubeIDE_1.15.0/STM32CubeIDE/plugins/com.st.stm32cube.ide.mcu.externaltools.gnu-tools-for-stm32.12.3.rel1.win32_1.1.0.202410251130/tools/bin/../lib/gcc/arm-none-eabi/12.3.1/../../../../arm-none-eabi/lib/thumb/v7-m/nofp\libc_nano.a(libc_a-stdio.o)
                0x08007e1a                __sclose
 .text.memset   0x08007e22       0x10 C:/STM32app/CUBE/STM32CubeIDE_1.15.0/STM32CubeIDE/plugins/com.st.stm32cube.ide.mcu.externaltools.gnu-tools-for-stm32.12.3.rel1.win32_1.1.0.202410251130/tools/bin/../lib/gcc/arm-none-eabi/12.3.1/../../../../arm-none-eabi/lib/thumb/v7-m/nofp\libc_nano.a(libc_a-memset.o)
                0x08007e22                memset
 *fill*         0x08007e32        0x2 
 .text._close_r
                0x08007e34       0x20 C:/STM32app/CUBE/STM32CubeIDE_1.15.0/STM32CubeIDE/plugins/com.st.stm32cube.ide.mcu.externaltools.gnu-tools-for-stm32.12.3.rel1.win32_1.1.0.202410251130/tools/bin/../lib/gcc/arm-none-eabi/12.3.1/../../../../arm-none-eabi/lib/thumb/v7-m/nofp\libc_nano.a(libc_a-closer.o)
                0x08007e34                _close_r
 .text._lseek_r
                0x08007e54       0x24 C:/STM32app/CUBE/STM32CubeIDE_1.15.0/STM32CubeIDE/plugins/com.st.stm32cube.ide.mcu.externaltools.gnu-tools-for-stm32.12.3.rel1.win32_1.1.0.202410251130/tools/bin/../lib/gcc/arm-none-eabi/12.3.1/../../../../arm-none-eabi/lib/thumb/v7-m/nofp\libc_nano.a(libc_a-lseekr.o)
                0x08007e54                _lseek_r
 .text._read_r  0x08007e78       0x24 C:/STM32app/CUBE/STM32CubeIDE_1.15.0/STM32CubeIDE/plugins/com.st.stm32cube.ide.mcu.externaltools.gnu-tools-for-stm32.12.3.rel1.win32_1.1.0.202410251130/tools/bin/../lib/gcc/arm-none-eabi/12.3.1/../../../../arm-none-eabi/lib/thumb/v7-m/nofp\libc_nano.a(libc_a-readr.o)
                0x08007e78                _read_r
 .text._write_r
                0x08007e9c       0x24 C:/STM32app/CUBE/STM32CubeIDE_1.15.0/STM32CubeIDE/plugins/com.st.stm32cube.ide.mcu.externaltools.gnu-tools-for-stm32.12.3.rel1.win32_1.1.0.202410251130/tools/bin/../lib/gcc/arm-none-eabi/12.3.1/../../../../arm-none-eabi/lib/thumb/v7-m/nofp\libc_nano.a(libc_a-writer.o)
                0x08007e9c                _write_r
 .text.__errno  0x08007ec0        0xc C:/STM32app/CUBE/STM32CubeIDE_1.15.0/STM32CubeIDE/plugins/com.st.stm32cube.ide.mcu.externaltools.gnu-tools-for-stm32.12.3.rel1.win32_1.1.0.202410251130/tools/bin/../lib/gcc/arm-none-eabi/12.3.1/../../../../arm-none-eabi/lib/thumb/v7-m/nofp\libc_nano.a(libc_a-errno.o)
                0x08007ec0                __errno
 .text.__libc_init_array
                0x08007ecc       0x48 C:/STM32app/CUBE/STM32CubeIDE_1.15.0/STM32CubeIDE/plugins/com.st.stm32cube.ide.mcu.externaltools.gnu-tools-for-stm32.12.3.rel1.win32_1.1.0.202410251130/tools/bin/../lib/gcc/arm-none-eabi/12.3.1/../../../../arm-none-eabi/lib/thumb/v7-m/nofp\libc_nano.a(libc_a-init.o)
                0x08007ecc                __libc_init_array
 .text.__retarget_lock_init_recursive
                0x08007f14        0x2 C:/STM32app/CUBE/STM32CubeIDE_1.15.0/STM32CubeIDE/plugins/com.st.stm32cube.ide.mcu.externaltools.gnu-tools-for-stm32.12.3.rel1.win32_1.1.0.202410251130/tools/bin/../lib/gcc/arm-none-eabi/12.3.1/../../../../arm-none-eabi/lib/thumb/v7-m/nofp\libc_nano.a(libc_a-lock.o)
                0x08007f14                __retarget_lock_init_recursive
 .text.__retarget_lock_acquire_recursive
                0x08007f16        0x2 C:/STM32app/CUBE/STM32CubeIDE_1.15.0/STM32CubeIDE/plugins/com.st.stm32cube.ide.mcu.externaltools.gnu-tools-for-stm32.12.3.rel1.win32_1.1.0.202410251130/tools/bin/../lib/gcc/arm-none-eabi/12.3.1/../../../../arm-none-eabi/lib/thumb/v7-m/nofp\libc_nano.a(libc_a-lock.o)
                0x08007f16                __retarget_lock_acquire_recursive
 .text.__retarget_lock_release_recursive
                0x08007f18        0x2 C:/STM32app/CUBE/STM32CubeIDE_1.15.0/STM32CubeIDE/plugins/com.st.stm32cube.ide.mcu.externaltools.gnu-tools-for-stm32.12.3.rel1.win32_1.1.0.202410251130/tools/bin/../lib/gcc/arm-none-eabi/12.3.1/../../../../arm-none-eabi/lib/thumb/v7-m/nofp\libc_nano.a(libc_a-lock.o)
                0x08007f18                __retarget_lock_release_recursive
 .text.memcpy   0x08007f1a       0x1c C:/STM32app/CUBE/STM32CubeIDE_1.15.0/STM32CubeIDE/plugins/com.st.stm32cube.ide.mcu.externaltools.gnu-tools-for-stm32.12.3.rel1.win32_1.1.0.202410251130/tools/bin/../lib/gcc/arm-none-eabi/12.3.1/../../../../arm-none-eabi/lib/thumb/v7-m/nofp\libc_nano.a(libc_a-memcpy-stub.o)
                0x08007f1a                memcpy
 *fill*         0x08007f36        0x2 
 .text._free_r  0x08007f38       0x90 C:/STM32app/CUBE/STM32CubeIDE_1.15.0/STM32CubeIDE/plugins/com.st.stm32cube.ide.mcu.externaltools.gnu-tools-for-stm32.12.3.rel1.win32_1.1.0.202410251130/tools/bin/../lib/gcc/arm-none-eabi/12.3.1/../../../../arm-none-eabi/lib/thumb/v7-m/nofp\libc_nano.a(libc_a-freer.o)
                0x08007f38                _free_r
 .text.sbrk_aligned
                0x08007fc8       0x44 C:/STM32app/CUBE/STM32CubeIDE_1.15.0/STM32CubeIDE/plugins/com.st.stm32cube.ide.mcu.externaltools.gnu-tools-for-stm32.12.3.rel1.win32_1.1.0.202410251130/tools/bin/../lib/gcc/arm-none-eabi/12.3.1/../../../../arm-none-eabi/lib/thumb/v7-m/nofp\libc_nano.a(libc_a-mallocr.o)
 .text._malloc_r
                0x0800800c      0x100 C:/STM32app/CUBE/STM32CubeIDE_1.15.0/STM32CubeIDE/plugins/com.st.stm32cube.ide.mcu.externaltools.gnu-tools-for-stm32.12.3.rel1.win32_1.1.0.202410251130/tools/bin/../lib/gcc/arm-none-eabi/12.3.1/../../../../arm-none-eabi/lib/thumb/v7-m/nofp\libc_nano.a(libc_a-mallocr.o)
                0x0800800c                _malloc_r
 .text.__malloc_lock
                0x0800810c        0xc C:/STM32app/CUBE/STM32CubeIDE_1.15.0/STM32CubeIDE/plugins/com.st.stm32cube.ide.mcu.externaltools.gnu-tools-for-stm32.12.3.rel1.win32_1.1.0.202410251130/tools/bin/../lib/gcc/arm-none-eabi/12.3.1/../../../../arm-none-eabi/lib/thumb/v7-m/nofp\libc_nano.a(libc_a-mlock.o)
                0x0800810c                __malloc_lock
 .text.__malloc_unlock
                0x08008118        0xc C:/STM32app/CUBE/STM32CubeIDE_1.15.0/STM32CubeIDE/plugins/com.st.stm32cube.ide.mcu.externaltools.gnu-tools-for-stm32.12.3.rel1.win32_1.1.0.202410251130/tools/bin/../lib/gcc/arm-none-eabi/12.3.1/../../../../arm-none-eabi/lib/thumb/v7-m/nofp\libc_nano.a(libc_a-mlock.o)
                0x08008118                __malloc_unlock
 .text.__sfputc_r
                0x08008124       0x2a C:/STM32app/CUBE/STM32CubeIDE_1.15.0/STM32CubeIDE/plugins/com.st.stm32cube.ide.mcu.externaltools.gnu-tools-for-stm32.12.3.rel1.win32_1.1.0.202410251130/tools/bin/../lib/gcc/arm-none-eabi/12.3.1/../../../../arm-none-eabi/lib/thumb/v7-m/nofp\libc_nano.a(libc_a-nano-vfprintf.o)
 .text.__sfputs_r
                0x0800814e       0x24 C:/STM32app/CUBE/STM32CubeIDE_1.15.0/STM32CubeIDE/plugins/com.st.stm32cube.ide.mcu.externaltools.gnu-tools-for-stm32.12.3.rel1.win32_1.1.0.202410251130/tools/bin/../lib/gcc/arm-none-eabi/12.3.1/../../../../arm-none-eabi/lib/thumb/v7-m/nofp\libc_nano.a(libc_a-nano-vfprintf.o)
                0x0800814e                __sfputs_r
 *fill*         0x08008172        0x2 
 .text._vfprintf_r
                0x08008174      0x230 C:/STM32app/CUBE/STM32CubeIDE_1.15.0/STM32CubeIDE/plugins/com.st.stm32cube.ide.mcu.externaltools.gnu-tools-for-stm32.12.3.rel1.win32_1.1.0.202410251130/tools/bin/../lib/gcc/arm-none-eabi/12.3.1/../../../../arm-none-eabi/lib/thumb/v7-m/nofp\libc_nano.a(libc_a-nano-vfprintf.o)
                0x08008174                _vfprintf_r
                0x08008174                _vfiprintf_r
 .text._printf_common
                0x080083a4       0xe4 C:/STM32app/CUBE/STM32CubeIDE_1.15.0/STM32CubeIDE/plugins/com.st.stm32cube.ide.mcu.externaltools.gnu-tools-for-stm32.12.3.rel1.win32_1.1.0.202410251130/tools/bin/../lib/gcc/arm-none-eabi/12.3.1/../../../../arm-none-eabi/lib/thumb/v7-m/nofp\libc_nano.a(libc_a-nano-vfprintf_i.o)
                0x080083a4                _printf_common
 .text._printf_i
                0x08008488      0x240 C:/STM32app/CUBE/STM32CubeIDE_1.15.0/STM32CubeIDE/plugins/com.st.stm32cube.ide.mcu.externaltools.gnu-tools-for-stm32.12.3.rel1.win32_1.1.0.202410251130/tools/bin/../lib/gcc/arm-none-eabi/12.3.1/../../../../arm-none-eabi/lib/thumb/v7-m/nofp\libc_nano.a(libc_a-nano-vfprintf_i.o)
                0x08008488                _printf_i
 .text.__sflush_r
                0x080086c8      0x100 C:/STM32app/CUBE/STM32CubeIDE_1.15.0/STM32CubeIDE/plugins/com.st.stm32cube.ide.mcu.externaltools.gnu-tools-for-stm32.12.3.rel1.win32_1.1.0.202410251130/tools/bin/../lib/gcc/arm-none-eabi/12.3.1/../../../../arm-none-eabi/lib/thumb/v7-m/nofp\libc_nano.a(libc_a-fflush.o)
                0x080086c8                __sflush_r
 .text._fflush_r
                0x080087c8       0x50 C:/STM32app/CUBE/STM32CubeIDE_1.15.0/STM32CubeIDE/plugins/com.st.stm32cube.ide.mcu.externaltools.gnu-tools-for-stm32.12.3.rel1.win32_1.1.0.202410251130/tools/bin/../lib/gcc/arm-none-eabi/12.3.1/../../../../arm-none-eabi/lib/thumb/v7-m/nofp\libc_nano.a(libc_a-fflush.o)
                0x080087c8                _fflush_r
 .text.__swbuf_r
                0x08008818       0x7c C:/STM32app/CUBE/STM32CubeIDE_1.15.0/STM32CubeIDE/plugins/com.st.stm32cube.ide.mcu.externaltools.gnu-tools-for-stm32.12.3.rel1.win32_1.1.0.202410251130/tools/bin/../lib/gcc/arm-none-eabi/12.3.1/../../../../arm-none-eabi/lib/thumb/v7-m/nofp\libc_nano.a(libc_a-wbuf.o)
                0x08008818                __swbuf_r
 .text.__swsetup_r
                0x08008894       0xac C:/STM32app/CUBE/STM32CubeIDE_1.15.0/STM32CubeIDE/plugins/com.st.stm32cube.ide.mcu.externaltools.gnu-tools-for-stm32.12.3.rel1.win32_1.1.0.202410251130/tools/bin/../lib/gcc/arm-none-eabi/12.3.1/../../../../arm-none-eabi/lib/thumb/v7-m/nofp\libc_nano.a(libc_a-wsetup.o)
                0x08008894                __swsetup_r
 .text._sbrk_r  0x08008940       0x20 C:/STM32app/CUBE/STM32CubeIDE_1.15.0/STM32CubeIDE/plugins/com.st.stm32cube.ide.mcu.externaltools.gnu-tools-for-stm32.12.3.rel1.win32_1.1.0.202410251130/tools/bin/../lib/gcc/arm-none-eabi/12.3.1/../../../../arm-none-eabi/lib/thumb/v7-m/nofp\libc_nano.a(libc_a-sbrkr.o)
                0x08008940                _sbrk_r
 .text.memchr   0x08008960       0x1c C:/STM32app/CUBE/STM32CubeIDE_1.15.0/STM32CubeIDE/plugins/com.st.stm32cube.ide.mcu.externaltools.gnu-tools-for-stm32.12.3.rel1.win32_1.1.0.202410251130/tools/bin/../lib/gcc/arm-none-eabi/12.3.1/../../../../arm-none-eabi/lib/thumb/v7-m/nofp\libc_nano.a(libc_a-memchr-stub.o)
                0x08008960                memchr
 .text.__swhatbuf_r
                0x0800897c       0x4a C:/STM32app/CUBE/STM32CubeIDE_1.15.0/STM32CubeIDE/plugins/com.st.stm32cube.ide.mcu.externaltools.gnu-tools-for-stm32.12.3.rel1.win32_1.1.0.202410251130/tools/bin/../lib/gcc/arm-none-eabi/12.3.1/../../../../arm-none-eabi/lib/thumb/v7-m/nofp\libc_nano.a(libc_a-makebuf.o)
                0x0800897c                __swhatbuf_r
 .text.__smakebuf_r
                0x080089c6       0x78 C:/STM32app/CUBE/STM32CubeIDE_1.15.0/STM32CubeIDE/plugins/com.st.stm32cube.ide.mcu.externaltools.gnu-tools-for-stm32.12.3.rel1.win32_1.1.0.202410251130/tools/bin/../lib/gcc/arm-none-eabi/12.3.1/../../../../arm-none-eabi/lib/thumb/v7-m/nofp\libc_nano.a(libc_a-makebuf.o)
                0x080089c6                __smakebuf_r
 *fill*         0x08008a3e        0x2 
 .text._fstat_r
                0x08008a40       0x24 C:/STM32app/CUBE/STM32CubeIDE_1.15.0/STM32CubeIDE/plugins/com.st.stm32cube.ide.mcu.externaltools.gnu-tools-for-stm32.12.3.rel1.win32_1.1.0.202410251130/tools/bin/../lib/gcc/arm-none-eabi/12.3.1/../../../../arm-none-eabi/lib/thumb/v7-m/nofp\libc_nano.a(libc_a-fstatr.o)
                0x08008a40                _fstat_r
 .text._isatty_r
                0x08008a64       0x20 C:/STM32app/CUBE/STM32CubeIDE_1.15.0/STM32CubeIDE/plugins/com.st.stm32cube.ide.mcu.externaltools.gnu-tools-for-stm32.12.3.rel1.win32_1.1.0.202410251130/tools/bin/../lib/gcc/arm-none-eabi/12.3.1/../../../../arm-none-eabi/lib/thumb/v7-m/nofp\libc_nano.a(libc_a-isattyr.o)
                0x08008a64                _isatty_r
 *(.glue_7)
 .glue_7        0x08008a84        0x0 linker stubs
 *(.glue_7t)
 .glue_7t       0x08008a84        0x0 linker stubs
 *(.eh_frame)
 .eh_frame      0x08008a84        0x0 C:/STM32app/CUBE/STM32CubeIDE_1.15.0/STM32CubeIDE/plugins/com.st.stm32cube.ide.mcu.externaltools.gnu-tools-for-stm32.12.3.rel1.win32_1.1.0.202410251130/tools/bin/../lib/gcc/arm-none-eabi/12.3.1/thumb/v7-m/nofp/crtbegin.o
 *(.init)
 .init          0x08008a84        0x4 C:/STM32app/CUBE/STM32CubeIDE_1.15.0/STM32CubeIDE/plugins/com.st.stm32cube.ide.mcu.externaltools.gnu-tools-for-stm32.12.3.rel1.win32_1.1.0.202410251130/tools/bin/../lib/gcc/arm-none-eabi/12.3.1/thumb/v7-m/nofp/crti.o
                0x08008a84                _init
 .init          0x08008a88        0x8 C:/STM32app/CUBE/STM32CubeIDE_1.15.0/STM32CubeIDE/plugins/com.st.stm32cube.ide.mcu.externaltools.gnu-tools-for-stm32.12.3.rel1.win32_1.1.0.202410251130/tools/bin/../lib/gcc/arm-none-eabi/12.3.1/thumb/v7-m/nofp/crtn.o
 *(.fini)
 .fini          0x08008a90        0x4 C:/STM32app/CUBE/STM32CubeIDE_1.15.0/STM32CubeIDE/plugins/com.st.stm32cube.ide.mcu.externaltools.gnu-tools-for-stm32.12.3.rel1.win32_1.1.0.202410251130/tools/bin/../lib/gcc/arm-none-eabi/12.3.1/thumb/v7-m/nofp/crti.o
                0x08008a90                _fini
 .fini          0x08008a94        0x8 C:/STM32app/CUBE/STM32CubeIDE_1.15.0/STM32CubeIDE/plugins/com.st.stm32cube.ide.mcu.externaltools.gnu-tools-for-stm32.12.3.rel1.win32_1.1.0.202410251130/tools/bin/../lib/gcc/arm-none-eabi/12.3.1/thumb/v7-m/nofp/crtn.o
                0x08008a9c                        . = ALIGN (0x4)
                0x08008a9c                        _etext = .

.vfp11_veneer   0x08008a9c        0x0
 .vfp11_veneer  0x08008a9c        0x0 linker stubs

.v4_bx          0x08008a9c        0x0
 .v4_bx         0x08008a9c        0x0 linker stubs

.iplt           0x08008a9c        0x0
 .iplt          0x08008a9c        0x0 C:/STM32app/CUBE/STM32CubeIDE_1.15.0/STM32CubeIDE/plugins/com.st.stm32cube.ide.mcu.externaltools.gnu-tools-for-stm32.12.3.rel1.win32_1.1.0.202410251130/tools/bin/../lib/gcc/arm-none-eabi/12.3.1/thumb/v7-m/nofp/crtbegin.o

.rodata         0x08008a9c      0x5d4
                0x08008a9c                        . = ALIGN (0x4)
 *(.rodata)
 .rodata        0x08008a9c       0x89 ./Core/Src/ServoMotor.o
 *fill*         0x08008b25        0x3 
 .rodata        0x08008b28       0xc6 ./Core/Src/main.o
 *fill*         0x08008bee        0x2 
 .rodata        0x08008bf0      0x193 ./Usr/module_driver/driver_motor.o
 *fill*         0x08008d83        0x1 
 .rodata        0x08008d84       0xda ./Usr/module_driver/driver_wireless.o
 *fill*         0x08008e5e        0x2 
 .rodata        0x08008e60       0xa8 ./Usr/module_middle/middle_event_process.o
 *(.rodata*)
 .rodata.__func__.4
                0x08008f08       0x26 ./Core/Src/ServoMotor.o
 *fill*         0x08008f2e        0x2 
 .rodata.__func__.3
                0x08008f30       0x17 ./Core/Src/ServoMotor.o
 *fill*         0x08008f47        0x1 
 .rodata.__func__.2
                0x08008f48       0x12 ./Core/Src/ServoMotor.o
 *fill*         0x08008f5a        0x2 
 .rodata.__func__.0
                0x08008f5c        0x5 ./Core/Src/main.o
 *fill*         0x08008f61        0x3 
 .rodata.AHBPrescTable
                0x08008f64       0x10 ./Core/Src/system_stm32f1xx.o
                0x08008f64                AHBPrescTable
 .rodata.APBPrescTable
                0x08008f74        0x8 ./Core/Src/system_stm32f1xx.o
                0x08008f74                APBPrescTable
 .rodata.aPLLMULFactorTable.1
                0x08008f7c       0x10 ./Drivers/STM32F1xx_HAL_Driver/Src/stm32f1xx_hal_rcc.o
 .rodata.aPredivFactorTable.0
                0x08008f8c        0x2 ./Drivers/STM32F1xx_HAL_Driver/Src/stm32f1xx_hal_rcc.o
 *fill*         0x08008f8e        0x2 
 .rodata.__func__.6
                0x08008f90        0xb ./Usr/module_driver/driver_motor.o
 *fill*         0x08008f9b        0x1 
 .rodata.__func__.3
                0x08008f9c       0x10 ./Usr/module_driver/driver_motor.o
 .rodata.__func__.1
                0x08008fac        0xf ./Usr/module_driver/driver_motor.o
 *fill*         0x08008fbb        0x1 
 .rodata.__func__.4
                0x08008fbc       0x12 ./Usr/module_driver/driver_wireless.o
 *fill*         0x08008fce        0x2 
 .rodata.__func__.3
                0x08008fd0       0x10 ./Usr/module_driver/driver_wireless.o
 .rodata.__func__.2
                0x08008fe0       0x17 ./Usr/module_driver/driver_wireless.o
 *fill*         0x08008ff7        0x1 
 .rodata.__func__.0
                0x08008ff8       0x10 ./Usr/module_driver/driver_wireless.o
 .rodata.__func__.2
                0x08009008        0xa ./Usr/module_middle/middle_event_process.o
 *fill*         0x08009012        0x2 
 .rodata.__func__.1
                0x08009014       0x17 ./Usr/module_middle/middle_event_process.o
 *fill*         0x0800902b        0x1 
 .rodata.__func__.0
                0x0800902c       0x10 ./Usr/module_middle/middle_event_process.o
 .rodata._vfprintf_r.str1.1
                0x0800903c       0x11 C:/STM32app/CUBE/STM32CubeIDE_1.15.0/STM32CubeIDE/plugins/com.st.stm32cube.ide.mcu.externaltools.gnu-tools-for-stm32.12.3.rel1.win32_1.1.0.202410251130/tools/bin/../lib/gcc/arm-none-eabi/12.3.1/../../../../arm-none-eabi/lib/thumb/v7-m/nofp\libc_nano.a(libc_a-nano-vfprintf.o)
 .rodata._printf_i.str1.1
                0x0800904d       0x22 C:/STM32app/CUBE/STM32CubeIDE_1.15.0/STM32CubeIDE/plugins/com.st.stm32cube.ide.mcu.externaltools.gnu-tools-for-stm32.12.3.rel1.win32_1.1.0.202410251130/tools/bin/../lib/gcc/arm-none-eabi/12.3.1/../../../../arm-none-eabi/lib/thumb/v7-m/nofp\libc_nano.a(libc_a-nano-vfprintf_i.o)
                0x08009070                        . = ALIGN (0x4)
 *fill*         0x0800906f        0x1 

.ARM.extab      0x08009070        0x0
                0x08009070                        . = ALIGN (0x4)
 *(.ARM.extab* .gnu.linkonce.armextab.*)
                0x08009070                        . = ALIGN (0x4)

.ARM            0x08009070        0x0
                0x08009070                        . = ALIGN (0x4)
                0x08009070                        __exidx_start = .
 *(.ARM.exidx*)
                0x08009070                        __exidx_end = .
                0x08009070                        . = ALIGN (0x4)

.preinit_array  0x08009070        0x0
                0x08009070                        . = ALIGN (0x4)
                0x08009070                        PROVIDE (__preinit_array_start = .)
 *(.preinit_array*)
                0x08009070                        PROVIDE (__preinit_array_end = .)
                0x08009070                        . = ALIGN (0x4)

.init_array     0x08009070        0x4
                0x08009070                        . = ALIGN (0x4)
                0x08009070                        PROVIDE (__init_array_start = .)
 *(SORT_BY_NAME(.init_array.*))
 *(.init_array*)
 .init_array    0x08009070        0x4 C:/STM32app/CUBE/STM32CubeIDE_1.15.0/STM32CubeIDE/plugins/com.st.stm32cube.ide.mcu.externaltools.gnu-tools-for-stm32.12.3.rel1.win32_1.1.0.202410251130/tools/bin/../lib/gcc/arm-none-eabi/12.3.1/thumb/v7-m/nofp/crtbegin.o
                0x08009074                        PROVIDE (__init_array_end = .)
                0x08009074                        . = ALIGN (0x4)

.fini_array     0x08009074        0x4
                0x08009074                        . = ALIGN (0x4)
                [!provide]                        PROVIDE (__fini_array_start = .)
 *(SORT_BY_NAME(.fini_array.*))
 *(.fini_array*)
 .fini_array    0x08009074        0x4 C:/STM32app/CUBE/STM32CubeIDE_1.15.0/STM32CubeIDE/plugins/com.st.stm32cube.ide.mcu.externaltools.gnu-tools-for-stm32.12.3.rel1.win32_1.1.0.202410251130/tools/bin/../lib/gcc/arm-none-eabi/12.3.1/thumb/v7-m/nofp/crtbegin.o
                [!provide]                        PROVIDE (__fini_array_end = .)
                0x08009078                        . = ALIGN (0x4)
                0x08009078                        _sidata = LOADADDR (.data)

.rel.dyn        0x08009078        0x0
 .rel.iplt      0x08009078        0x0 C:/STM32app/CUBE/STM32CubeIDE_1.15.0/STM32CubeIDE/plugins/com.st.stm32cube.ide.mcu.externaltools.gnu-tools-for-stm32.12.3.rel1.win32_1.1.0.202410251130/tools/bin/../lib/gcc/arm-none-eabi/12.3.1/thumb/v7-m/nofp/crtbegin.o

.data           0x20000000       0x68 load address 0x08009078
                0x20000000                        . = ALIGN (0x4)
                0x20000000                        _sdata = .
 *(.data)
 *(.data*)
 .data.SystemCoreClock
                0x20000000        0x4 ./Core/Src/system_stm32f1xx.o
                0x20000000                SystemCoreClock
 .data.uwTickPrio
                0x20000004        0x4 ./Drivers/STM32F1xx_HAL_Driver/Src/stm32f1xx_hal.o
                0x20000004                uwTickPrio
 .data.uwTickFreq
                0x20000008        0x1 ./Drivers/STM32F1xx_HAL_Driver/Src/stm32f1xx_hal.o
                0x20000008                uwTickFreq
 .data.cmd      0x20000009        0x1 ./Usr/module_driver/driver_wireless.o
 *fill*         0x2000000a        0x2 
 .data.__sglue  0x2000000c        0xc C:/STM32app/CUBE/STM32CubeIDE_1.15.0/STM32CubeIDE/plugins/com.st.stm32cube.ide.mcu.externaltools.gnu-tools-for-stm32.12.3.rel1.win32_1.1.0.202410251130/tools/bin/../lib/gcc/arm-none-eabi/12.3.1/../../../../arm-none-eabi/lib/thumb/v7-m/nofp\libc_nano.a(libc_a-findfp.o)
                0x2000000c                __sglue
 .data._impure_ptr
                0x20000018        0x4 C:/STM32app/CUBE/STM32CubeIDE_1.15.0/STM32CubeIDE/plugins/com.st.stm32cube.ide.mcu.externaltools.gnu-tools-for-stm32.12.3.rel1.win32_1.1.0.202410251130/tools/bin/../lib/gcc/arm-none-eabi/12.3.1/../../../../arm-none-eabi/lib/thumb/v7-m/nofp\libc_nano.a(libc_a-impure.o)
                0x20000018                _impure_ptr
 .data._impure_data
                0x2000001c       0x4c C:/STM32app/CUBE/STM32CubeIDE_1.15.0/STM32CubeIDE/plugins/com.st.stm32cube.ide.mcu.externaltools.gnu-tools-for-stm32.12.3.rel1.win32_1.1.0.202410251130/tools/bin/../lib/gcc/arm-none-eabi/12.3.1/../../../../arm-none-eabi/lib/thumb/v7-m/nofp\libc_nano.a(libc_a-impure.o)
                0x2000001c                _impure_data
 *(.RamFunc)
 *(.RamFunc*)
                0x20000068                        . = ALIGN (0x4)
                0x20000068                        _edata = .

.igot.plt       0x20000068        0x0 load address 0x080090e0
 .igot.plt      0x20000068        0x0 C:/STM32app/CUBE/STM32CubeIDE_1.15.0/STM32CubeIDE/plugins/com.st.stm32cube.ide.mcu.externaltools.gnu-tools-for-stm32.12.3.rel1.win32_1.1.0.202410251130/tools/bin/../lib/gcc/arm-none-eabi/12.3.1/thumb/v7-m/nofp/crtbegin.o
                0x20000068                        . = ALIGN (0x4)

.bss            0x20000068      0x760 load address 0x080090e0
                0x20000068                        _sbss = .
                0x20000068                        __bss_start__ = _sbss
 *(.bss)
 .bss           0x20000068       0x1c C:/STM32app/CUBE/STM32CubeIDE_1.15.0/STM32CubeIDE/plugins/com.st.stm32cube.ide.mcu.externaltools.gnu-tools-for-stm32.12.3.rel1.win32_1.1.0.202410251130/tools/bin/../lib/gcc/arm-none-eabi/12.3.1/thumb/v7-m/nofp/crtbegin.o
 *(.bss*)
 .bss.Flag_Events_MainLogic
                0x20000084        0x1 ./Core/Src/MainLogic.o
                0x20000084                Flag_Events_MainLogic
 *fill*         0x20000085        0x3 
 .bss.ServoMotor
                0x20000088       0x40 ./Core/Src/ServoMotor.o
                0x20000088                ServoMotor
 .bss.Set_null_ServoMotor
                0x200000c8        0x1 ./Core/Src/ServoMotor.o
                0x200000c8                Set_null_ServoMotor
 *fill*         0x200000c9        0x3 
 .bss.Rxdbuf_ServoMotor
                0x200000cc        0x1 ./Core/Src/ServoMotor.o
                0x200000cc                Rxdbuf_ServoMotor
 .bss.CntRxd_ServoMotor
                0x200000cd        0x1 ./Core/Src/ServoMotor.o
                0x200000cd                CntRxd_ServoMotor
 *fill*         0x200000ce        0x2 
 .bss.UartRxd_ServoMotor
                0x200000d0       0xff ./Core/Src/ServoMotor.o
                0x200000d0                UartRxd_ServoMotor
 .bss.Flag_UartRxdMonitor_ServoMotor
                0x200001cf        0x1 ./Core/Src/ServoMotor.o
                0x200001cf                Flag_UartRxdMonitor_ServoMotor
 .bss.Flag_UartRegroup_ASCII_ServoMotor
                0x200001d0        0x1 ./Core/Src/ServoMotor.o
                0x200001d0                Flag_UartRegroup_ASCII_ServoMotor
 *fill*         0x200001d1        0x3 
 .bss.MotorUart
                0x200001d4        0x8 ./Core/Src/ServoMotor.o
 .bss.motor_ack
                0x200001dc        0x2 ./Core/Src/ServoMotor.o
 .bss.cnt_bkp.1
                0x200001de        0x1 ./Core/Src/ServoMotor.o
 .bss.idle_timer.0
                0x200001df        0x1 ./Core/Src/ServoMotor.o
 .bss.hadc1     0x200001e0       0x30 ./Core/Src/adc.o
                0x200001e0                hadc1
 .bss.hi2c1     0x20000210       0x54 ./Core/Src/i2c.o
                0x20000210                hi2c1
 .bss.cmd       0x20000264        0x4 ./Core/Src/main.o
                0x20000264                cmd
 .bss.pandian_flag
                0x20000268        0x1 ./Core/Src/main.o
 *fill*         0x20000269        0x3 
 .bss.pandian_time
                0x2000026c        0x4 ./Core/Src/main.o
 .bss.data_book
                0x20000270        0x1 ./Core/Src/main.o
 *fill*         0x20000271        0x3 
 .bss.__sbrk_heap_end
                0x20000274        0x4 ./Core/Src/sysmem.o
 .bss.htim1     0x20000278       0x48 ./Core/Src/tim.o
                0x20000278                htim1
 .bss.htim3     0x200002c0       0x48 ./Core/Src/tim.o
                0x200002c0                htim3
 .bss.htim4     0x20000308       0x48 ./Core/Src/tim.o
                0x20000308                htim4
 .bss.huart4    0x20000350       0x48 ./Core/Src/usart.o
                0x20000350                huart4
 .bss.huart5    0x20000398       0x48 ./Core/Src/usart.o
                0x20000398                huart5
 .bss.huart1    0x200003e0       0x48 ./Core/Src/usart.o
                0x200003e0                huart1
 .bss.huart2    0x20000428       0x48 ./Core/Src/usart.o
                0x20000428                huart2
 .bss.huart3    0x20000470       0x48 ./Core/Src/usart.o
                0x20000470                huart3
 .bss.hdma_usart1_rx
                0x200004b8       0x44 ./Core/Src/usart.o
                0x200004b8                hdma_usart1_rx
 .bss.uwTick    0x200004fc        0x4 ./Drivers/STM32F1xx_HAL_Driver/Src/stm32f1xx_hal.o
                0x200004fc                uwTick
 .bss.s_State.7
                0x20000500        0x1 ./Usr/module_driver/driver_motor.o
 .bss.s_State.5
                0x20000501        0x1 ./Usr/module_driver/driver_motor.o
 *fill*         0x20000502        0x2 
 .bss.ack.4     0x20000504        0x4 ./Usr/module_driver/driver_motor.o
 .bss.s_State.2
                0x20000508        0x1 ./Usr/module_driver/driver_motor.o
 *fill*         0x20000509        0x3 
 .bss.ack.0     0x2000050c        0x4 ./Usr/module_driver/driver_motor.o
 .bss.m_uart    0x20000510        0x4 ./Usr/module_driver/driver_wireless.o
 .bss.m_dma     0x20000514        0x4 ./Usr/module_driver/driver_wireless.o
 .bss.rx_buf    0x20000518      0x100 ./Usr/module_driver/driver_wireless.o
 .bss.rx_len    0x20000618        0x1 ./Usr/module_driver/driver_wireless.o
 .bss.flag      0x20000619        0x1 ./Usr/module_driver/driver_wireless.o
 *fill*         0x2000061a        0x2 
 .bss.wireless_event
                0x2000061c        0x8 ./Usr/module_driver/driver_wireless.o
 .bss.book_database
                0x20000624       0x14 ./Usr/module_middle/middle_event_process.o
 .bss.event     0x20000638       0x40 ./Usr/module_middle/middle_event_process.o
 .bss.index_event
                0x20000678        0x1 ./Usr/module_middle/middle_event_process.o
 *fill*         0x20000679        0x3 
 .bss.__sf      0x2000067c      0x138 C:/STM32app/CUBE/STM32CubeIDE_1.15.0/STM32CubeIDE/plugins/com.st.stm32cube.ide.mcu.externaltools.gnu-tools-for-stm32.12.3.rel1.win32_1.1.0.202410251130/tools/bin/../lib/gcc/arm-none-eabi/12.3.1/../../../../arm-none-eabi/lib/thumb/v7-m/nofp\libc_nano.a(libc_a-findfp.o)
                0x2000067c                __sf
 .bss.__stdio_exit_handler
                0x200007b4        0x4 C:/STM32app/CUBE/STM32CubeIDE_1.15.0/STM32CubeIDE/plugins/com.st.stm32cube.ide.mcu.externaltools.gnu-tools-for-stm32.12.3.rel1.win32_1.1.0.202410251130/tools/bin/../lib/gcc/arm-none-eabi/12.3.1/../../../../arm-none-eabi/lib/thumb/v7-m/nofp\libc_nano.a(libc_a-findfp.o)
                0x200007b4                __stdio_exit_handler
 .bss.errno     0x200007b8        0x4 C:/STM32app/CUBE/STM32CubeIDE_1.15.0/STM32CubeIDE/plugins/com.st.stm32cube.ide.mcu.externaltools.gnu-tools-for-stm32.12.3.rel1.win32_1.1.0.202410251130/tools/bin/../lib/gcc/arm-none-eabi/12.3.1/../../../../arm-none-eabi/lib/thumb/v7-m/nofp\libc_nano.a(libc_a-reent.o)
                0x200007b8                errno
 .bss.__lock___malloc_recursive_mutex
                0x200007bc        0x1 C:/STM32app/CUBE/STM32CubeIDE_1.15.0/STM32CubeIDE/plugins/com.st.stm32cube.ide.mcu.externaltools.gnu-tools-for-stm32.12.3.rel1.win32_1.1.0.202410251130/tools/bin/../lib/gcc/arm-none-eabi/12.3.1/../../../../arm-none-eabi/lib/thumb/v7-m/nofp\libc_nano.a(libc_a-lock.o)
                0x200007bc                __lock___malloc_recursive_mutex
 .bss.__lock___sfp_recursive_mutex
                0x200007bd        0x1 C:/STM32app/CUBE/STM32CubeIDE_1.15.0/STM32CubeIDE/plugins/com.st.stm32cube.ide.mcu.externaltools.gnu-tools-for-stm32.12.3.rel1.win32_1.1.0.202410251130/tools/bin/../lib/gcc/arm-none-eabi/12.3.1/../../../../arm-none-eabi/lib/thumb/v7-m/nofp\libc_nano.a(libc_a-lock.o)
                0x200007bd                __lock___sfp_recursive_mutex
 *fill*         0x200007be        0x2 
 .bss.__malloc_sbrk_start
                0x200007c0        0x4 C:/STM32app/CUBE/STM32CubeIDE_1.15.0/STM32CubeIDE/plugins/com.st.stm32cube.ide.mcu.externaltools.gnu-tools-for-stm32.12.3.rel1.win32_1.1.0.202410251130/tools/bin/../lib/gcc/arm-none-eabi/12.3.1/../../../../arm-none-eabi/lib/thumb/v7-m/nofp\libc_nano.a(libc_a-mallocr.o)
                0x200007c0                __malloc_sbrk_start
 .bss.__malloc_free_list
                0x200007c4        0x4 C:/STM32app/CUBE/STM32CubeIDE_1.15.0/STM32CubeIDE/plugins/com.st.stm32cube.ide.mcu.externaltools.gnu-tools-for-stm32.12.3.rel1.win32_1.1.0.202410251130/tools/bin/../lib/gcc/arm-none-eabi/12.3.1/../../../../arm-none-eabi/lib/thumb/v7-m/nofp\libc_nano.a(libc_a-mallocr.o)
                0x200007c4                __malloc_free_list
 *(COMMON)
                0x200007c8                        . = ALIGN (0x4)
                0x200007c8                        _ebss = .
                0x200007c8                        __bss_end__ = _ebss

._user_heap_stack
                0x200007c8      0x600 load address 0x080090e0
                0x200007c8                        . = ALIGN (0x8)
                [!provide]                        PROVIDE (end = .)
                0x200007c8                        PROVIDE (_end = .)
                0x200009c8                        . = (. + _Min_Heap_Size)
 *fill*         0x200007c8      0x200 
                0x20000dc8                        . = (. + _Min_Stack_Size)
 *fill*         0x200009c8      0x400 
                0x20000dc8                        . = ALIGN (0x8)

/DISCARD/
 libc.a(*)
 libm.a(*)
 libgcc.a(*)

.ARM.attributes
                0x00000000       0x29
 *(.ARM.attributes)
 .ARM.attributes
                0x00000000       0x1d C:/STM32app/CUBE/STM32CubeIDE_1.15.0/STM32CubeIDE/plugins/com.st.stm32cube.ide.mcu.externaltools.gnu-tools-for-stm32.12.3.rel1.win32_1.1.0.202410251130/tools/bin/../lib/gcc/arm-none-eabi/12.3.1/thumb/v7-m/nofp/crti.o
 .ARM.attributes
                0x0000001d       0x2d C:/STM32app/CUBE/STM32CubeIDE_1.15.0/STM32CubeIDE/plugins/com.st.stm32cube.ide.mcu.externaltools.gnu-tools-for-stm32.12.3.rel1.win32_1.1.0.202410251130/tools/bin/../lib/gcc/arm-none-eabi/12.3.1/thumb/v7-m/nofp/crtbegin.o
 .ARM.attributes
                0x0000004a       0x2d ./Core/Src/MainLogic.o
 .ARM.attributes
                0x00000077       0x2d ./Core/Src/ServoMotor.o
 .ARM.attributes
                0x000000a4       0x2d ./Core/Src/SystemTasks.o
 .ARM.attributes
                0x000000d1       0x2d ./Core/Src/WirelessModule.o
 .ARM.attributes
                0x000000fe       0x2d ./Core/Src/adc.o
 .ARM.attributes
                0x0000012b       0x2d ./Core/Src/dma.o
 .ARM.attributes
                0x00000158       0x2d ./Core/Src/gpio.o
 .ARM.attributes
                0x00000185       0x2d ./Core/Src/i2c.o
 .ARM.attributes
                0x000001b2       0x2d ./Core/Src/main.o
 .ARM.attributes
                0x000001df       0x2d ./Core/Src/stm32f1xx_hal_msp.o
 .ARM.attributes
                0x0000020c       0x2d ./Core/Src/stm32f1xx_it.o
 .ARM.attributes
                0x00000239       0x2d ./Core/Src/syscalls.o
 .ARM.attributes
                0x00000266       0x2d ./Core/Src/sysmem.o
 .ARM.attributes
                0x00000293       0x2d ./Core/Src/system_stm32f1xx.o
 .ARM.attributes
                0x000002c0       0x2d ./Core/Src/tim.o
 .ARM.attributes
                0x000002ed       0x2d ./Core/Src/usart.o
 .ARM.attributes
                0x0000031a       0x21 ./Core/Startup/startup_stm32f103rgtx.o
 .ARM.attributes
                0x0000033b       0x2d ./Drivers/STM32F1xx_HAL_Driver/Src/stm32f1xx_hal.o
 .ARM.attributes
                0x00000368       0x2d ./Drivers/STM32F1xx_HAL_Driver/Src/stm32f1xx_hal_adc.o
 .ARM.attributes
                0x00000395       0x2d ./Drivers/STM32F1xx_HAL_Driver/Src/stm32f1xx_hal_cortex.o
 .ARM.attributes
                0x000003c2       0x2d ./Drivers/STM32F1xx_HAL_Driver/Src/stm32f1xx_hal_dma.o
 .ARM.attributes
                0x000003ef       0x2d ./Drivers/STM32F1xx_HAL_Driver/Src/stm32f1xx_hal_gpio.o
 .ARM.attributes
                0x0000041c       0x2d ./Drivers/STM32F1xx_HAL_Driver/Src/stm32f1xx_hal_i2c.o
 .ARM.attributes
                0x00000449       0x2d ./Drivers/STM32F1xx_HAL_Driver/Src/stm32f1xx_hal_rcc.o
 .ARM.attributes
                0x00000476       0x2d ./Drivers/STM32F1xx_HAL_Driver/Src/stm32f1xx_hal_rcc_ex.o
 .ARM.attributes
                0x000004a3       0x2d ./Drivers/STM32F1xx_HAL_Driver/Src/stm32f1xx_hal_tim.o
 .ARM.attributes
                0x000004d0       0x2d ./Drivers/STM32F1xx_HAL_Driver/Src/stm32f1xx_hal_tim_ex.o
 .ARM.attributes
                0x000004fd       0x2d ./Drivers/STM32F1xx_HAL_Driver/Src/stm32f1xx_hal_uart.o
 .ARM.attributes
                0x0000052a       0x2d ./Usr/log/my_log.o
 .ARM.attributes
                0x00000557       0x2d ./Usr/module_driver/driver_motor.o
 .ARM.attributes
                0x00000584       0x2d ./Usr/module_driver/driver_wireless.o
 .ARM.attributes
                0x000005b1       0x2d ./Usr/module_middle/middle_event_process.o
 .ARM.attributes
                0x000005de       0x2d ./Usr/tick/tick.o
 .ARM.attributes
                0x0000060b       0x2d C:/STM32app/CUBE/STM32CubeIDE_1.15.0/STM32CubeIDE/plugins/com.st.stm32cube.ide.mcu.externaltools.gnu-tools-for-stm32.12.3.rel1.win32_1.1.0.202410251130/tools/bin/../lib/gcc/arm-none-eabi/12.3.1/../../../../arm-none-eabi/lib/thumb/v7-m/nofp\libc_nano.a(libc_a-findfp.o)
 .ARM.attributes
                0x00000638       0x2d C:/STM32app/CUBE/STM32CubeIDE_1.15.0/STM32CubeIDE/plugins/com.st.stm32cube.ide.mcu.externaltools.gnu-tools-for-stm32.12.3.rel1.win32_1.1.0.202410251130/tools/bin/../lib/gcc/arm-none-eabi/12.3.1/../../../../arm-none-eabi/lib/thumb/v7-m/nofp\libc_nano.a(libc_a-fwalk.o)
 .ARM.attributes
                0x00000665       0x2d C:/STM32app/CUBE/STM32CubeIDE_1.15.0/STM32CubeIDE/plugins/com.st.stm32cube.ide.mcu.externaltools.gnu-tools-for-stm32.12.3.rel1.win32_1.1.0.202410251130/tools/bin/../lib/gcc/arm-none-eabi/12.3.1/../../../../arm-none-eabi/lib/thumb/v7-m/nofp\libc_nano.a(libc_a-printf.o)
 .ARM.attributes
                0x00000692       0x2d C:/STM32app/CUBE/STM32CubeIDE_1.15.0/STM32CubeIDE/plugins/com.st.stm32cube.ide.mcu.externaltools.gnu-tools-for-stm32.12.3.rel1.win32_1.1.0.202410251130/tools/bin/../lib/gcc/arm-none-eabi/12.3.1/../../../../arm-none-eabi/lib/thumb/v7-m/nofp\libc_nano.a(libc_a-stdio.o)
 .ARM.attributes
                0x000006bf       0x2d C:/STM32app/CUBE/STM32CubeIDE_1.15.0/STM32CubeIDE/plugins/com.st.stm32cube.ide.mcu.externaltools.gnu-tools-for-stm32.12.3.rel1.win32_1.1.0.202410251130/tools/bin/../lib/gcc/arm-none-eabi/12.3.1/../../../../arm-none-eabi/lib/thumb/v7-m/nofp\libc_nano.a(libc_a-memset.o)
 .ARM.attributes
                0x000006ec       0x2d C:/STM32app/CUBE/STM32CubeIDE_1.15.0/STM32CubeIDE/plugins/com.st.stm32cube.ide.mcu.externaltools.gnu-tools-for-stm32.12.3.rel1.win32_1.1.0.202410251130/tools/bin/../lib/gcc/arm-none-eabi/12.3.1/../../../../arm-none-eabi/lib/thumb/v7-m/nofp\libc_nano.a(libc_a-closer.o)
 .ARM.attributes
                0x00000719       0x2d C:/STM32app/CUBE/STM32CubeIDE_1.15.0/STM32CubeIDE/plugins/com.st.stm32cube.ide.mcu.externaltools.gnu-tools-for-stm32.12.3.rel1.win32_1.1.0.202410251130/tools/bin/../lib/gcc/arm-none-eabi/12.3.1/../../../../arm-none-eabi/lib/thumb/v7-m/nofp\libc_nano.a(libc_a-reent.o)
 .ARM.attributes
                0x00000746       0x2d C:/STM32app/CUBE/STM32CubeIDE_1.15.0/STM32CubeIDE/plugins/com.st.stm32cube.ide.mcu.externaltools.gnu-tools-for-stm32.12.3.rel1.win32_1.1.0.202410251130/tools/bin/../lib/gcc/arm-none-eabi/12.3.1/../../../../arm-none-eabi/lib/thumb/v7-m/nofp\libc_nano.a(libc_a-impure.o)
 .ARM.attributes
                0x00000773       0x2d C:/STM32app/CUBE/STM32CubeIDE_1.15.0/STM32CubeIDE/plugins/com.st.stm32cube.ide.mcu.externaltools.gnu-tools-for-stm32.12.3.rel1.win32_1.1.0.202410251130/tools/bin/../lib/gcc/arm-none-eabi/12.3.1/../../../../arm-none-eabi/lib/thumb/v7-m/nofp\libc_nano.a(libc_a-lseekr.o)
 .ARM.attributes
                0x000007a0       0x2d C:/STM32app/CUBE/STM32CubeIDE_1.15.0/STM32CubeIDE/plugins/com.st.stm32cube.ide.mcu.externaltools.gnu-tools-for-stm32.12.3.rel1.win32_1.1.0.202410251130/tools/bin/../lib/gcc/arm-none-eabi/12.3.1/../../../../arm-none-eabi/lib/thumb/v7-m/nofp\libc_nano.a(libc_a-readr.o)
 .ARM.attributes
                0x000007cd       0x2d C:/STM32app/CUBE/STM32CubeIDE_1.15.0/STM32CubeIDE/plugins/com.st.stm32cube.ide.mcu.externaltools.gnu-tools-for-stm32.12.3.rel1.win32_1.1.0.202410251130/tools/bin/../lib/gcc/arm-none-eabi/12.3.1/../../../../arm-none-eabi/lib/thumb/v7-m/nofp\libc_nano.a(libc_a-writer.o)
 .ARM.attributes
                0x000007fa       0x2d C:/STM32app/CUBE/STM32CubeIDE_1.15.0/STM32CubeIDE/plugins/com.st.stm32cube.ide.mcu.externaltools.gnu-tools-for-stm32.12.3.rel1.win32_1.1.0.202410251130/tools/bin/../lib/gcc/arm-none-eabi/12.3.1/../../../../arm-none-eabi/lib/thumb/v7-m/nofp\libc_nano.a(libc_a-errno.o)
 .ARM.attributes
                0x00000827       0x2d C:/STM32app/CUBE/STM32CubeIDE_1.15.0/STM32CubeIDE/plugins/com.st.stm32cube.ide.mcu.externaltools.gnu-tools-for-stm32.12.3.rel1.win32_1.1.0.202410251130/tools/bin/../lib/gcc/arm-none-eabi/12.3.1/../../../../arm-none-eabi/lib/thumb/v7-m/nofp\libc_nano.a(libc_a-init.o)
 .ARM.attributes
                0x00000854       0x2d C:/STM32app/CUBE/STM32CubeIDE_1.15.0/STM32CubeIDE/plugins/com.st.stm32cube.ide.mcu.externaltools.gnu-tools-for-stm32.12.3.rel1.win32_1.1.0.202410251130/tools/bin/../lib/gcc/arm-none-eabi/12.3.1/../../../../arm-none-eabi/lib/thumb/v7-m/nofp\libc_nano.a(libc_a-lock.o)
 .ARM.attributes
                0x00000881       0x2d C:/STM32app/CUBE/STM32CubeIDE_1.15.0/STM32CubeIDE/plugins/com.st.stm32cube.ide.mcu.externaltools.gnu-tools-for-stm32.12.3.rel1.win32_1.1.0.202410251130/tools/bin/../lib/gcc/arm-none-eabi/12.3.1/../../../../arm-none-eabi/lib/thumb/v7-m/nofp\libc_nano.a(libc_a-memcpy-stub.o)
 .ARM.attributes
                0x000008ae       0x2d C:/STM32app/CUBE/STM32CubeIDE_1.15.0/STM32CubeIDE/plugins/com.st.stm32cube.ide.mcu.externaltools.gnu-tools-for-stm32.12.3.rel1.win32_1.1.0.202410251130/tools/bin/../lib/gcc/arm-none-eabi/12.3.1/../../../../arm-none-eabi/lib/thumb/v7-m/nofp\libc_nano.a(libc_a-freer.o)
 .ARM.attributes
                0x000008db       0x2d C:/STM32app/CUBE/STM32CubeIDE_1.15.0/STM32CubeIDE/plugins/com.st.stm32cube.ide.mcu.externaltools.gnu-tools-for-stm32.12.3.rel1.win32_1.1.0.202410251130/tools/bin/../lib/gcc/arm-none-eabi/12.3.1/../../../../arm-none-eabi/lib/thumb/v7-m/nofp\libc_nano.a(libc_a-mallocr.o)
 .ARM.attributes
                0x00000908       0x2d C:/STM32app/CUBE/STM32CubeIDE_1.15.0/STM32CubeIDE/plugins/com.st.stm32cube.ide.mcu.externaltools.gnu-tools-for-stm32.12.3.rel1.win32_1.1.0.202410251130/tools/bin/../lib/gcc/arm-none-eabi/12.3.1/../../../../arm-none-eabi/lib/thumb/v7-m/nofp\libc_nano.a(libc_a-mlock.o)
 .ARM.attributes
                0x00000935       0x2d C:/STM32app/CUBE/STM32CubeIDE_1.15.0/STM32CubeIDE/plugins/com.st.stm32cube.ide.mcu.externaltools.gnu-tools-for-stm32.12.3.rel1.win32_1.1.0.202410251130/tools/bin/../lib/gcc/arm-none-eabi/12.3.1/../../../../arm-none-eabi/lib/thumb/v7-m/nofp\libc_nano.a(libc_a-nano-vfprintf.o)
 .ARM.attributes
                0x00000962       0x2d C:/STM32app/CUBE/STM32CubeIDE_1.15.0/STM32CubeIDE/plugins/com.st.stm32cube.ide.mcu.externaltools.gnu-tools-for-stm32.12.3.rel1.win32_1.1.0.202410251130/tools/bin/../lib/gcc/arm-none-eabi/12.3.1/../../../../arm-none-eabi/lib/thumb/v7-m/nofp\libc_nano.a(libc_a-nano-vfprintf_i.o)
 .ARM.attributes
                0x0000098f       0x2d C:/STM32app/CUBE/STM32CubeIDE_1.15.0/STM32CubeIDE/plugins/com.st.stm32cube.ide.mcu.externaltools.gnu-tools-for-stm32.12.3.rel1.win32_1.1.0.202410251130/tools/bin/../lib/gcc/arm-none-eabi/12.3.1/../../../../arm-none-eabi/lib/thumb/v7-m/nofp\libc_nano.a(libc_a-fflush.o)
 .ARM.attributes
                0x000009bc       0x2d C:/STM32app/CUBE/STM32CubeIDE_1.15.0/STM32CubeIDE/plugins/com.st.stm32cube.ide.mcu.externaltools.gnu-tools-for-stm32.12.3.rel1.win32_1.1.0.202410251130/tools/bin/../lib/gcc/arm-none-eabi/12.3.1/../../../../arm-none-eabi/lib/thumb/v7-m/nofp\libc_nano.a(libc_a-wbuf.o)
 .ARM.attributes
                0x000009e9       0x2d C:/STM32app/CUBE/STM32CubeIDE_1.15.0/STM32CubeIDE/plugins/com.st.stm32cube.ide.mcu.externaltools.gnu-tools-for-stm32.12.3.rel1.win32_1.1.0.202410251130/tools/bin/../lib/gcc/arm-none-eabi/12.3.1/../../../../arm-none-eabi/lib/thumb/v7-m/nofp\libc_nano.a(libc_a-wsetup.o)
 .ARM.attributes
                0x00000a16       0x2d C:/STM32app/CUBE/STM32CubeIDE_1.15.0/STM32CubeIDE/plugins/com.st.stm32cube.ide.mcu.externaltools.gnu-tools-for-stm32.12.3.rel1.win32_1.1.0.202410251130/tools/bin/../lib/gcc/arm-none-eabi/12.3.1/../../../../arm-none-eabi/lib/thumb/v7-m/nofp\libc_nano.a(libc_a-sbrkr.o)
 .ARM.attributes
                0x00000a43       0x2d C:/STM32app/CUBE/STM32CubeIDE_1.15.0/STM32CubeIDE/plugins/com.st.stm32cube.ide.mcu.externaltools.gnu-tools-for-stm32.12.3.rel1.win32_1.1.0.202410251130/tools/bin/../lib/gcc/arm-none-eabi/12.3.1/../../../../arm-none-eabi/lib/thumb/v7-m/nofp\libc_nano.a(libc_a-memchr-stub.o)
 .ARM.attributes
                0x00000a70       0x2d C:/STM32app/CUBE/STM32CubeIDE_1.15.0/STM32CubeIDE/plugins/com.st.stm32cube.ide.mcu.externaltools.gnu-tools-for-stm32.12.3.rel1.win32_1.1.0.202410251130/tools/bin/../lib/gcc/arm-none-eabi/12.3.1/../../../../arm-none-eabi/lib/thumb/v7-m/nofp\libc_nano.a(libc_a-makebuf.o)
 .ARM.attributes
                0x00000a9d       0x2d C:/STM32app/CUBE/STM32CubeIDE_1.15.0/STM32CubeIDE/plugins/com.st.stm32cube.ide.mcu.externaltools.gnu-tools-for-stm32.12.3.rel1.win32_1.1.0.202410251130/tools/bin/../lib/gcc/arm-none-eabi/12.3.1/../../../../arm-none-eabi/lib/thumb/v7-m/nofp\libc_nano.a(libc_a-fstatr.o)
 .ARM.attributes
                0x00000aca       0x2d C:/STM32app/CUBE/STM32CubeIDE_1.15.0/STM32CubeIDE/plugins/com.st.stm32cube.ide.mcu.externaltools.gnu-tools-for-stm32.12.3.rel1.win32_1.1.0.202410251130/tools/bin/../lib/gcc/arm-none-eabi/12.3.1/../../../../arm-none-eabi/lib/thumb/v7-m/nofp\libc_nano.a(libc_a-isattyr.o)
 .ARM.attributes
                0x00000af7       0x1d C:/STM32app/CUBE/STM32CubeIDE_1.15.0/STM32CubeIDE/plugins/com.st.stm32cube.ide.mcu.externaltools.gnu-tools-for-stm32.12.3.rel1.win32_1.1.0.202410251130/tools/bin/../lib/gcc/arm-none-eabi/12.3.1/thumb/v7-m/nofp/crtn.o
OUTPUT(InventoryRobot.elf elf32-littlearm)
LOAD linker stubs
LOAD C:/STM32app/CUBE/STM32CubeIDE_1.15.0/STM32CubeIDE/plugins/com.st.stm32cube.ide.mcu.externaltools.gnu-tools-for-stm32.12.3.rel1.win32_1.1.0.202410251130/tools/bin/../lib/gcc/arm-none-eabi/12.3.1/../../../../arm-none-eabi/lib/thumb/v7-m/nofp\libc.a
LOAD C:/STM32app/CUBE/STM32CubeIDE_1.15.0/STM32CubeIDE/plugins/com.st.stm32cube.ide.mcu.externaltools.gnu-tools-for-stm32.12.3.rel1.win32_1.1.0.202410251130/tools/bin/../lib/gcc/arm-none-eabi/12.3.1/../../../../arm-none-eabi/lib/thumb/v7-m/nofp\libm.a
LOAD C:/STM32app/CUBE/STM32CubeIDE_1.15.0/STM32CubeIDE/plugins/com.st.stm32cube.ide.mcu.externaltools.gnu-tools-for-stm32.12.3.rel1.win32_1.1.0.202410251130/tools/bin/../lib/gcc/arm-none-eabi/12.3.1/thumb/v7-m/nofp\libgcc.a

.debug_info     0x00000000    0x15f6c
 .debug_info    0x00000000      0x7aa ./Core/Src/MainLogic.o
 .debug_info    0x000007aa     0x100c ./Core/Src/ServoMotor.o
 .debug_info    0x000017b6      0x8f9 ./Core/Src/SystemTasks.o
 .debug_info    0x000020af      0x8dc ./Core/Src/WirelessModule.o
 .debug_info    0x0000298b      0x7c3 ./Core/Src/adc.o
 .debug_info    0x0000314e      0x33c ./Core/Src/dma.o
 .debug_info    0x0000348a      0x2da ./Core/Src/gpio.o
 .debug_info    0x00003764      0x880 ./Core/Src/i2c.o
 .debug_info    0x00003fe4      0xaa3 ./Core/Src/main.o
 .debug_info    0x00004a87      0x1f8 ./Core/Src/stm32f1xx_hal_msp.o
 .debug_info    0x00004c7f      0xa98 ./Core/Src/stm32f1xx_it.o
 .debug_info    0x00005717      0x6a3 ./Core/Src/syscalls.o
 .debug_info    0x00005dba      0x168 ./Core/Src/sysmem.o
 .debug_info    0x00005f22      0x222 ./Core/Src/system_stm32f1xx.o
 .debug_info    0x00006144      0xe78 ./Core/Src/tim.o
 .debug_info    0x00006fbc      0xb6c ./Core/Src/usart.o
 .debug_info    0x00007b28       0x30 ./Core/Startup/startup_stm32f103rgtx.o
 .debug_info    0x00007b58      0x7ce ./Drivers/STM32F1xx_HAL_Driver/Src/stm32f1xx_hal.o
 .debug_info    0x00008326      0xc55 ./Drivers/STM32F1xx_HAL_Driver/Src/stm32f1xx_hal_adc.o
 .debug_info    0x00008f7b      0xcd0 ./Drivers/STM32F1xx_HAL_Driver/Src/stm32f1xx_hal_cortex.o
 .debug_info    0x00009c4b      0x6d8 ./Drivers/STM32F1xx_HAL_Driver/Src/stm32f1xx_hal_dma.o
 .debug_info    0x0000a323      0x5ab ./Drivers/STM32F1xx_HAL_Driver/Src/stm32f1xx_hal_gpio.o
 .debug_info    0x0000a8ce     0x251b ./Drivers/STM32F1xx_HAL_Driver/Src/stm32f1xx_hal_i2c.o
 .debug_info    0x0000cde9      0x840 ./Drivers/STM32F1xx_HAL_Driver/Src/stm32f1xx_hal_rcc.o
 .debug_info    0x0000d629      0x3ec ./Drivers/STM32F1xx_HAL_Driver/Src/stm32f1xx_hal_rcc_ex.o
 .debug_info    0x0000da15     0x2940 ./Drivers/STM32F1xx_HAL_Driver/Src/stm32f1xx_hal_tim.o
 .debug_info    0x00010355     0x149f ./Drivers/STM32F1xx_HAL_Driver/Src/stm32f1xx_hal_tim_ex.o
 .debug_info    0x000117f4     0x2fad ./Drivers/STM32F1xx_HAL_Driver/Src/stm32f1xx_hal_uart.o
 .debug_info    0x000147a1      0x5b1 ./Usr/log/my_log.o
 .debug_info    0x00014d52      0x3e0 ./Usr/module_driver/driver_motor.o
 .debug_info    0x00015132      0x9ea ./Usr/module_driver/driver_wireless.o
 .debug_info    0x00015b1c      0x366 ./Usr/module_middle/middle_event_process.o
 .debug_info    0x00015e82       0xea ./Usr/tick/tick.o

.debug_abbrev   0x00000000     0x3fb8
 .debug_abbrev  0x00000000      0x1e4 ./Core/Src/MainLogic.o
 .debug_abbrev  0x000001e4      0x3bf ./Core/Src/ServoMotor.o
 .debug_abbrev  0x000005a3      0x198 ./Core/Src/SystemTasks.o
 .debug_abbrev  0x0000073b      0x230 ./Core/Src/WirelessModule.o
 .debug_abbrev  0x0000096b      0x1e0 ./Core/Src/adc.o
 .debug_abbrev  0x00000b4b       0xfc ./Core/Src/dma.o
 .debug_abbrev  0x00000c47      0x13f ./Core/Src/gpio.o
 .debug_abbrev  0x00000d86      0x1ef ./Core/Src/i2c.o
 .debug_abbrev  0x00000f75      0x2ab ./Core/Src/main.o
 .debug_abbrev  0x00001220       0xdb ./Core/Src/stm32f1xx_hal_msp.o
 .debug_abbrev  0x000012fb      0x1f5 ./Core/Src/stm32f1xx_it.o
 .debug_abbrev  0x000014f0      0x1b6 ./Core/Src/syscalls.o
 .debug_abbrev  0x000016a6       0xbc ./Core/Src/sysmem.o
 .debug_abbrev  0x00001762      0x13f ./Core/Src/system_stm32f1xx.o
 .debug_abbrev  0x000018a1      0x274 ./Core/Src/tim.o
 .debug_abbrev  0x00001b15      0x25b ./Core/Src/usart.o
 .debug_abbrev  0x00001d70       0x24 ./Core/Startup/startup_stm32f103rgtx.o
 .debug_abbrev  0x00001d94      0x213 ./Drivers/STM32F1xx_HAL_Driver/Src/stm32f1xx_hal.o
 .debug_abbrev  0x00001fa7      0x224 ./Drivers/STM32F1xx_HAL_Driver/Src/stm32f1xx_hal_adc.o
 .debug_abbrev  0x000021cb      0x326 ./Drivers/STM32F1xx_HAL_Driver/Src/stm32f1xx_hal_cortex.o
 .debug_abbrev  0x000024f1      0x20a ./Drivers/STM32F1xx_HAL_Driver/Src/stm32f1xx_hal_dma.o
 .debug_abbrev  0x000026fb      0x1ca ./Drivers/STM32F1xx_HAL_Driver/Src/stm32f1xx_hal_gpio.o
 .debug_abbrev  0x000028c5      0x2a2 ./Drivers/STM32F1xx_HAL_Driver/Src/stm32f1xx_hal_i2c.o
 .debug_abbrev  0x00002b67      0x2b1 ./Drivers/STM32F1xx_HAL_Driver/Src/stm32f1xx_hal_rcc.o
 .debug_abbrev  0x00002e18      0x187 ./Drivers/STM32F1xx_HAL_Driver/Src/stm32f1xx_hal_rcc_ex.o
 .debug_abbrev  0x00002f9f      0x276 ./Drivers/STM32F1xx_HAL_Driver/Src/stm32f1xx_hal_tim.o
 .debug_abbrev  0x00003215      0x281 ./Drivers/STM32F1xx_HAL_Driver/Src/stm32f1xx_hal_tim_ex.o
 .debug_abbrev  0x00003496      0x2f7 ./Drivers/STM32F1xx_HAL_Driver/Src/stm32f1xx_hal_uart.o
 .debug_abbrev  0x0000378d      0x15b ./Usr/log/my_log.o
 .debug_abbrev  0x000038e8      0x1aa ./Usr/module_driver/driver_motor.o
 .debug_abbrev  0x00003a92      0x2de ./Usr/module_driver/driver_wireless.o
 .debug_abbrev  0x00003d70      0x1bb ./Usr/module_middle/middle_event_process.o
 .debug_abbrev  0x00003f2b       0x8d ./Usr/tick/tick.o

.debug_aranges  0x00000000     0x14b8
 .debug_aranges
                0x00000000       0x30 ./Core/Src/MainLogic.o
 .debug_aranges
                0x00000030       0xf0 ./Core/Src/ServoMotor.o
 .debug_aranges
                0x00000120       0x30 ./Core/Src/SystemTasks.o
 .debug_aranges
                0x00000150       0x80 ./Core/Src/WirelessModule.o
 .debug_aranges
                0x000001d0       0x30 ./Core/Src/adc.o
 .debug_aranges
                0x00000200       0x20 ./Core/Src/dma.o
 .debug_aranges
                0x00000220       0x20 ./Core/Src/gpio.o
 .debug_aranges
                0x00000240       0x30 ./Core/Src/i2c.o
 .debug_aranges
                0x00000270       0x30 ./Core/Src/main.o
 .debug_aranges
                0x000002a0       0x20 ./Core/Src/stm32f1xx_hal_msp.o
 .debug_aranges
                0x000002c0       0xb0 ./Core/Src/stm32f1xx_it.o
 .debug_aranges
                0x00000370       0xa8 ./Core/Src/syscalls.o
 .debug_aranges
                0x00000418       0x20 ./Core/Src/sysmem.o
 .debug_aranges
                0x00000438       0x28 ./Core/Src/system_stm32f1xx.o
 .debug_aranges
                0x00000460       0x58 ./Core/Src/tim.o
 .debug_aranges
                0x000004b8       0x50 ./Core/Src/usart.o
 .debug_aranges