Archive member included to satisfy reference by file (symbol)

C:/STM32app/CUBE/STM32CubeIDE_1.15.0/STM32CubeIDE/plugins/com.st.stm32cube.ide.mcu.externaltools.gnu-tools-for-stm32.13.3.rel1.win32_1.0.0.202411081344/tools/bin/../lib/gcc/arm-none-eabi/13.3.1/../../../../arm-none-eabi/lib/thumb/v7-m/nofp\libc_nano.a(libc_a-exit.o)
                              C:/STM32app/CUBE/STM32CubeIDE_1.15.0/STM32CubeIDE/plugins/com.st.stm32cube.ide.mcu.externaltools.gnu-tools-for-stm32.13.3.rel1.win32_1.0.0.202411081344/tools/bin/../lib/gcc/arm-none-eabi/13.3.1/../../../../arm-none-eabi/lib/thumb/v7-m/nofp/crt0.o (exit)
C:/STM32app/CUBE/STM32CubeIDE_1.15.0/STM32CubeIDE/plugins/com.st.stm32cube.ide.mcu.externaltools.gnu-tools-for-stm32.13.3.rel1.win32_1.0.0.202411081344/tools/bin/../lib/gcc/arm-none-eabi/13.3.1/../../../../arm-none-eabi/lib/thumb/v7-m/nofp\libc_nano.a(libc_a-findfp.o)
                              C:/STM32app/CUBE/STM32CubeIDE_1.15.0/STM32CubeIDE/plugins/com.st.stm32cube.ide.mcu.externaltools.gnu-tools-for-stm32.13.3.rel1.win32_1.0.0.202411081344/tools/bin/../lib/gcc/arm-none-eabi/13.3.1/../../../../arm-none-eabi/lib/thumb/v7-m/nofp\libc_nano.a(libc_a-exit.o) (__stdio_exit_handler)
C:/STM32app/CUBE/STM32CubeIDE_1.15.0/STM32CubeIDE/plugins/com.st.stm32cube.ide.mcu.externaltools.gnu-tools-for-stm32.13.3.rel1.win32_1.0.0.202411081344/tools/bin/../lib/gcc/arm-none-eabi/13.3.1/../../../../arm-none-eabi/lib/thumb/v7-m/nofp\libc_nano.a(libc_a-fwalk.o)
                              C:/STM32app/CUBE/STM32CubeIDE_1.15.0/STM32CubeIDE/plugins/com.st.stm32cube.ide.mcu.externaltools.gnu-tools-for-stm32.13.3.rel1.win32_1.0.0.202411081344/tools/bin/../lib/gcc/arm-none-eabi/13.3.1/../../../../arm-none-eabi/lib/thumb/v7-m/nofp\libc_nano.a(libc_a-findfp.o) (_fwalk_sglue)
C:/STM32app/CUBE/STM32CubeIDE_1.15.0/STM32CubeIDE/plugins/com.st.stm32cube.ide.mcu.externaltools.gnu-tools-for-stm32.13.3.rel1.win32_1.0.0.202411081344/tools/bin/../lib/gcc/arm-none-eabi/13.3.1/../../../../arm-none-eabi/lib/thumb/v7-m/nofp\libc_nano.a(libc_a-printf.o)
                              ./Core/Src/ServoMotor.o (printf)
C:/STM32app/CUBE/STM32CubeIDE_1.15.0/STM32CubeIDE/plugins/com.st.stm32cube.ide.mcu.externaltools.gnu-tools-for-stm32.13.3.rel1.win32_1.0.0.202411081344/tools/bin/../lib/gcc/arm-none-eabi/13.3.1/../../../../arm-none-eabi/lib/thumb/v7-m/nofp\libc_nano.a(libc_a-stdio.o)
                              C:/STM32app/CUBE/STM32CubeIDE_1.15.0/STM32CubeIDE/plugins/com.st.stm32cube.ide.mcu.externaltools.gnu-tools-for-stm32.13.3.rel1.win32_1.0.0.202411081344/tools/bin/../lib/gcc/arm-none-eabi/13.3.1/../../../../arm-none-eabi/lib/thumb/v7-m/nofp\libc_nano.a(libc_a-findfp.o) (__sread)
C:/STM32app/CUBE/STM32CubeIDE_1.15.0/STM32CubeIDE/plugins/com.st.stm32cube.ide.mcu.externaltools.gnu-tools-for-stm32.13.3.rel1.win32_1.0.0.202411081344/tools/bin/../lib/gcc/arm-none-eabi/13.3.1/../../../../arm-none-eabi/lib/thumb/v7-m/nofp\libc_nano.a(libc_a-memcmp.o)
                              ./Core/Src/Reader15693.o (memcmp)
C:/STM32app/CUBE/STM32CubeIDE_1.15.0/STM32CubeIDE/plugins/com.st.stm32cube.ide.mcu.externaltools.gnu-tools-for-stm32.13.3.rel1.win32_1.0.0.202411081344/tools/bin/../lib/gcc/arm-none-eabi/13.3.1/../../../../arm-none-eabi/lib/thumb/v7-m/nofp\libc_nano.a(libc_a-memset.o)
                              C:/STM32app/CUBE/STM32CubeIDE_1.15.0/STM32CubeIDE/plugins/com.st.stm32cube.ide.mcu.externaltools.gnu-tools-for-stm32.13.3.rel1.win32_1.0.0.202411081344/tools/bin/../lib/gcc/arm-none-eabi/13.3.1/../../../../arm-none-eabi/lib/thumb/v7-m/nofp/crt0.o (memset)
C:/STM32app/CUBE/STM32CubeIDE_1.15.0/STM32CubeIDE/plugins/com.st.stm32cube.ide.mcu.externaltools.gnu-tools-for-stm32.13.3.rel1.win32_1.0.0.202411081344/tools/bin/../lib/gcc/arm-none-eabi/13.3.1/../../../../arm-none-eabi/lib/thumb/v7-m/nofp\libc_nano.a(libc_a-closer.o)
                              C:/STM32app/CUBE/STM32CubeIDE_1.15.0/STM32CubeIDE/plugins/com.st.stm32cube.ide.mcu.externaltools.gnu-tools-for-stm32.13.3.rel1.win32_1.0.0.202411081344/tools/bin/../lib/gcc/arm-none-eabi/13.3.1/../../../../arm-none-eabi/lib/thumb/v7-m/nofp\libc_nano.a(libc_a-stdio.o) (_close_r)
C:/STM32app/CUBE/STM32CubeIDE_1.15.0/STM32CubeIDE/plugins/com.st.stm32cube.ide.mcu.externaltools.gnu-tools-for-stm32.13.3.rel1.win32_1.0.0.202411081344/tools/bin/../lib/gcc/arm-none-eabi/13.3.1/../../../../arm-none-eabi/lib/thumb/v7-m/nofp\libc_nano.a(libc_a-reent.o)
                              C:/STM32app/CUBE/STM32CubeIDE_1.15.0/STM32CubeIDE/plugins/com.st.stm32cube.ide.mcu.externaltools.gnu-tools-for-stm32.13.3.rel1.win32_1.0.0.202411081344/tools/bin/../lib/gcc/arm-none-eabi/13.3.1/../../../../arm-none-eabi/lib/thumb/v7-m/nofp\libc_nano.a(libc_a-closer.o) (errno)
[...]
Memory Configuration

Name             Origin             Length             Attributes
RAM              0x20000000         0x00018000         xrw
FLASH            0x08000000         0x00100000         xr
*default*        0x00000000         0xffffffff

Linker script and memory map

LOAD C:/STM32app/CUBE/STM32CubeIDE_1.15.0/STM32CubeIDE/plugins/com.st.stm32cube.ide.mcu.externaltools.gnu-tools-for-stm32.13.3.rel1.win32_1.0.0.202411081344/tools/bin/../lib/gcc/arm-none-eabi/13.3.1/thumb/v7-m/nofp/crti.o
LOAD C:/STM32app/CUBE/STM32CubeIDE_1.15.0/STM32CubeIDE/plugins/com.st.stm32cube.ide.mcu.externaltools.gnu-tools-for-stm32.13.3.rel1.win32_1.0.0.202411081344/tools/bin/../lib/gcc/arm-none-eabi/13.3.1/thumb/v7-m/nofp/crtbegin.o
LOAD C:/STM32app/CUBE/STM32CubeIDE_1.15.0/STM32CubeIDE/plugins/com.st.stm32cube.ide.mcu.externaltools.gnu-tools-for-stm32.13.3.rel1.win32_1.0.0.202411081344/tools/bin/../lib/gcc/arm-none-eabi/13.3.1/../../../../arm-none-eabi/lib/thumb/v7-m/nofp/crt0.o
LOAD ./Core/Src/BLDCMotor.o
LOAD ./Core/Src/Inventory_App.o
LOAD ./Core/Src/MainLogic.o
LOAD ./Core/Src/Reader15693.o
LOAD ./Core/Src/ServoMotor.o
LOAD ./Core/Src/SystemTasks.o
LOAD ./Core/Src/Template.o
LOAD ./Core/Src/WirelessModule.o
LOAD ./Core/Src/adc.o
LOAD ./Core/Src/dma.o
LOAD ./Core/Src/gpio.o
LOAD ./Core/Src/i2c.o
LOAD ./Core/Src/main.o
LOAD ./Core/Src/stm32f1xx_hal_msp.o
LOAD ./Core/Src/stm32f1xx_it.o
LOAD ./Core/Src/syscalls.o
LOAD ./Core/Src/sysmem.o
LOAD ./Core/Src/system_stm32f1xx.o
LOAD ./Core/Src/tim.o
LOAD ./Core/Src/usart.o
LOAD ./Core/Startup/startup_stm32f103rgtx.o
LOAD ./Drivers/STM32F1xx_HAL_Driver/Src/stm32f1xx_hal.o
LOAD ./Drivers/STM32F1xx_HAL_Driver/Src/stm32f1xx_hal_adc.o
LOAD ./Drivers/STM32F1xx_HAL_Driver/Src/stm32f1xx_hal_adc_ex.o
LOAD ./Drivers/STM32F1xx_HAL_Driver/Src/stm32f1xx_hal_cortex.o
LOAD ./Drivers/STM32F1xx_HAL_Driver/Src/stm32f1xx_hal_dma.o
LOAD ./Drivers/STM32F1xx_HAL_Driver/Src/stm32f1xx_hal_exti.o
LOAD ./Drivers/STM32F1xx_HAL_Driver/Src/stm32f1xx_hal_flash.o
LOAD ./Drivers/STM32F1xx_HAL_Driver/Src/stm32f1xx_hal_flash_ex.o
LOAD ./Drivers/STM32F1xx_HAL_Driver/Src/stm32f1xx_hal_gpio.o
LOAD ./Drivers/STM32F1xx_HAL_Driver/Src/stm32f1xx_hal_gpio_ex.o
LOAD ./Drivers/STM32F1xx_HAL_Driver/Src/stm32f1xx_hal_i2c.o
LOAD ./Drivers/STM32F1xx_HAL_Driver/Src/stm32f1xx_hal_pwr.o
LOAD ./Drivers/STM32F1xx_HAL_Driver/Src/stm32f1xx_hal_rcc.o
LOAD ./Drivers/STM32F1xx_HAL_Driver/Src/stm32f1xx_hal_rcc_ex.o
LOAD ./Drivers/STM32F1xx_HAL_Driver/Src/stm32f1xx_hal_tim.o
LOAD ./Drivers/STM32F1xx_HAL_Driver/Src/stm32f1xx_hal_tim_ex.o
LOAD ./Drivers/STM32F1xx_HAL_Driver/Src/stm32f1xx_hal_uart.o
LOAD ./Usr/communicate/middle_lower.o
LOAD ./Usr/communicate/middle_upper.o
LOAD ./Usr/component/book_database/database.o
LOAD ./Usr/component/cmd_process/cmd_process.o
LOAD ./Usr/component/endianness_change.o
LOAD ./Usr/log/my_log.o
LOAD ./Usr/module_apply/app_communicate.o
LOAD ./Usr/module_apply/apply_motor.o
LOAD ./Usr/module_driver/driver_motor.o
LOAD ./Usr/module_driver/driver_upp_uart.o
LOAD ./Usr/module_driver/driver_wireless.o
LOAD ./Usr/module_middle/middle_book_database.o
LOAD ./Usr/module_middle/middle_event_process.o
LOAD ./Usr/module_middle/middle_fsm.o
LOAD ./Usr/tick/tick.o
START GROUP
LOAD C:/STM32app/CUBE/STM32CubeIDE_1.15.0/STM32CubeIDE/plugins/com.st.stm32cube.ide.mcu.externaltools.gnu-tools-for-stm32.13.3.rel1.win32_1.0.0.202411081344/tools/bin/../lib/gcc/arm-none-eabi/13.3.1/../../../../arm-none-eabi/lib/thumb/v7-m/nofp\libc_nano.a
LOAD C:/STM32app/CUBE/STM32CubeIDE_1.15.0/STM32CubeIDE/plugins/com.st.stm32cube.ide.mcu.externaltools.gnu-tools-for-stm32.13.3.rel1.win32_1.0.0.202411081344/tools/bin/../lib/gcc/arm-none-eabi/13.3.1/../../../../arm-none-eabi/lib/thumb/v7-m/nofp\libm.a
END GROUP
START GROUP
LOAD C:/STM32app/CUBE/STM32CubeIDE_1.15.0/STM32CubeIDE/plugins/com.st.stm32cube.ide.mcu.externaltools.gnu-tools-for-stm32.13.3.rel1.win32_1.0.0.202411081344/tools/bin/../lib/gcc/arm-none-eabi/13.3.1/thumb/v7-m/nofp\libgcc.a
LOAD C:/STM32app/CUBE/STM32CubeIDE_1.15.0/STM32CubeIDE/plugins/com.st.stm32cube.ide.mcu.externaltools.gnu-tools-for-stm32.13.3.rel1.win32_1.0.0.202411081344/tools/bin/../lib/gcc/arm-none-eabi/13.3.1/../../../../arm-none-eabi/lib/thumb/v7-m/nofp\libc_nano.a
END GROUP
START GROUP
LOAD C:/STM32app/CUBE/STM32CubeIDE_1.15.0/STM32CubeIDE/plugins/com.st.stm32cube.ide.mcu.externaltools.gnu-tools-for-stm32.13.3.rel1.win32_1.0.0.202411081344/tools/bin/../lib/gcc/arm-none-eabi/13.3.1/thumb/v7-m/nofp\libgcc.a
LOAD C:/STM32app/CUBE/STM32CubeIDE_1.15.0/STM32CubeIDE/plugins/com.st.stm32cube.ide.mcu.externaltools.gnu-tools-for-stm32.13.3.rel1.win32_1.0.0.202411081344/tools/bin/../lib/gcc/arm-none-eabi/13.3.1/../../../../arm-none-eabi/lib/thumb/v7-m/nofp\libc_nano.a
LOAD C:/STM32app/CUBE/STM32CubeIDE_1.15.0/STM32CubeIDE/plugins/com.st.stm32cube.ide.mcu.externaltools.gnu-tools-for-stm32.13.3.rel1.win32_1.0.0.202411081344/tools/bin/../lib/gcc/arm-none-eabi/13.3.1/../../../../arm-none-eabi/lib/thumb/v7-m/nofp\libnosys.a
END GROUP
START GROUP
LOAD C:/STM32app/CUBE/STM32CubeIDE_1.15.0/STM32CubeIDE/plugins/com.st.stm32cube.ide.mcu.externaltools.gnu-tools-for-stm32.13.3.rel1.win32_1.0.0.202411081344/tools/bin/../lib/gcc/arm-none-eabi/13.3.1/thumb/v7-m/nofp\libgcc.a
LOAD C:/STM32app/CUBE/STM32CubeIDE_1.15.0/STM32CubeIDE/plugins/com.st.stm32cube.ide.mcu.externaltools.gnu-tools-for-stm32.13.3.rel1.win32_1.0.0.202411081344/tools/bin/../lib/gcc/arm-none-eabi/13.3.1/../../../../arm-none-eabi/lib/thumb/v7-m/nofp\libc_nano.a
LOAD C:/STM32app/CUBE/STM32CubeIDE_1.15.0/STM32CubeIDE/plugins/com.st.stm32cube.ide.mcu.externaltools.gnu-tools-for-stm32.13.3.rel1.win32_1.0.0.202411081344/tools/bin/../lib/gcc/arm-none-eabi/13.3.1/../../../../arm-none-eabi/lib/thumb/v7-m/nofp\libnosys.a
END GROUP
LOAD C:/STM32app/CUBE/STM32CubeIDE_1.15.0/STM32CubeIDE/plugins/com.st.stm32cube.ide.mcu.externaltools.gnu-tools-for-stm32.13.3.rel1.win32_1.0.0.202411081344/tools/bin/../lib/gcc/arm-none-eabi/13.3.1/thumb/v7-m/nofp/crtend.o
LOAD C:/STM32app/CUBE/STM32CubeIDE_1.15.0/STM32CubeIDE/plugins/com.st.stm32cube.ide.mcu.externaltools.gnu-tools-for-stm32.13.3.rel1.win32_1.0.0.202411081344/tools/bin/../lib/gcc/arm-none-eabi/13.3.1/thumb/v7-m/nofp/crtn.o
                0x20018000                        _estack = (ORIGIN (RAM) + LENGTH (RAM))
                0x00000200                        _Min_Heap_Size = 0x200
                0x00000400                        _Min_Stack_Size = 0x400

.isr_vector     0x08000000      0x1e4
                0x08000000                        . = ALIGN (0x4)
 *(.isr_vector)
 .isr_vector    0x08000000      0x1e4 ./Core/Startup/startup_stm32f103rgtx.o
                0x08000000                g_pfnVectors
                0x080001e4                        . = ALIGN (0x4)

.text           0x080001e4     0xab9c
                0x080001e4                        . = ALIGN (0x4)
 *(.text)
 .text          0x080001e4       0x40 C:/STM32app/CUBE/STM32CubeIDE_1.15.0/STM32CubeIDE/plugins/com.st.stm32cube.ide.mcu.externaltools.gnu-tools-for-stm32.13.3.rel1.win32_1.0.0.202411081344/tools/bin/../lib/gcc/arm-none-eabi/13.3.1/thumb/v7-m/nofp/crtbegin.o
 *(.text*)
 .text.Events_MainLogic
                0x08000224       0x40 ./Core/Src/MainLogic.o
                0x08000224                Events_MainLogic
 .text.motor_uart_init
                0x08000264       0x14 ./Core/Src/ServoMotor.o
                0x08000264                motor_uart_init
 .text.GetMoterAck
                0x08000278       0x14 ./Core/Src/ServoMotor.o
                0x08000278                GetMoterAck
 .text.GetMoterStateReg
                0x0800028c       0x14 ./Core/Src/ServoMotor.o
                0x0800028c                GetMoterStateReg
 .text.Events_ServoMotor
                0x080002a0       0x2c ./Core/Src/ServoMotor.o
                0x080002a0                Events_ServoMotor
 .text.Event_Init_ServoMotor
                0x080002cc      0x1c8 ./Core/Src/ServoMotor.o
                0x080002cc                Event_Init_ServoMotor
 .text.UartAction_ServoMotor
                0x08000494      0x87c ./Core/Src/ServoMotor.o
                0x08000494                UartAction_ServoMotor
 .text.Event_Movement_ServoMotor
                0x08000d10      0x250 ./Core/Src/ServoMotor.o
                0x08000d10                Event_Movement_ServoMotor
 .text.TimerTasks_ServoMotor
                0x08000f60       0xf4 ./Core/Src/ServoMotor.o
                0x08000f60                TimerTasks_ServoMotor
 .text.ResetTimerFlag_ServoMotor
                0x08001054       0x18 ./Core/Src/ServoMotor.o
                0x08001054                ResetTimerFlag_ServoMotor
 .text.Uart_Send_MovementRegister_ServoMotor
                0x0800106c       0xa0 ./Core/Src/ServoMotor.o
                0x0800106c                Uart_Send_MovementRegister_ServoMotor
 .text.UartSend_MonitorRegister_ServoMotor
                0x0800110c      0x14c ./Core/Src/ServoMotor.o
                0x0800110c                UartSend_MonitorRegister_ServoMotor
 .text.Get_LRC_ServoMotor
                0x08001258       0xde ./Core/Src/ServoMotor.o
                0x08001258                Get_LRC_ServoMotor
 .text.UartWrite_HexToAscii_AddLRC_ServoMotor
                0x08001336      0x1d2 ./Core/Src/ServoMotor.o
                0x08001336                UartWrite_HexToAscii_AddLRC_ServoMotor
 .text.Uart_ReadWriteRegister_ServoMotor
                0x08001508      0x208 ./Core/Src/ServoMotor.o
                0x08001508                Uart_ReadWriteRegister_ServoMotor
 .text.SetStatus_Power_ServoMotor
                0x08001710       0x30 ./Core/Src/ServoMotor.o
                0x08001710                SetStatus_Power_ServoMotor
 .text.UartReceiveIT_ServoMotor
                0x08001740       0x1c ./Core/Src/ServoMotor.o
                0x08001740                UartReceiveIT_ServoMotor
 .text.UartGetData_ServoMotor
                0x0800175c       0x10 ./Core/Src/ServoMotor.o
                0x0800175c                UartGetData_ServoMotor
 .text.Get_Regroup_ASCII
                0x0800176c       0x5a ./Core/Src/ServoMotor.o
                0x0800176c                Get_Regroup_ASCII
 *fill*         0x080017c6        0x2 
 .text.moteruart_receive
                0x080017c8      0x168 ./Core/Src/ServoMotor.o
 .text.UartRegroup_ASCII_ServoMotor
                0x08001930       0xd0 ./Core/Src/ServoMotor.o
                0x08001930                UartRegroup_ASCII_ServoMotor
 .text.UartWrite_ServoMotor
                0x08001a00       0x28 ./Core/Src/ServoMotor.o
                0x08001a00                UartWrite_ServoMotor
 .text.UartRead_ServoMotor
                0x08001a28       0x64 ./Core/Src/ServoMotor.o
                0x08001a28                UartRead_ServoMotor
 .text.UartRxdMonitor_ServoMotor
                0x08001a8c       0x84 ./Core/Src/ServoMotor.o
                0x08001a8c                UartRxdMonitor_ServoMotor
 .text.UartDriver_ServoMotor
                0x08001b10       0x54 ./Core/Src/ServoMotor.o
                0x08001b10                UartDriver_ServoMotor
 .text.HAL_UART_RxCpltCallback
                0x08001b64       0x24 ./Core/Src/SystemTasks.o
                0x08001b64                HAL_UART_RxCpltCallback
 .text.HAL_UARTEx_RxEventCallback
                0x08001b88       0x36 ./Core/Src/SystemTasks.o
                0x08001b88                HAL_UARTEx_RxEventCallback
 *fill*         0x08001bbe        0x2 
 .text.HAL_TIM_PeriodElapsedCallback
                0x08001bc0       0x44 ./Core/Src/SystemTasks.o
                0x08001bc0                HAL_TIM_PeriodElapsedCallback
 .text.UartWrite_WirelessModule
                0x08001c04       0x28 ./Core/Src/WirelessModule.o
                0x08001c04                UartWrite_WirelessModule
 .text.MX_ADC1_Init
                0x08001c2c       0x7c ./Core/Src/adc.o
                0x08001c2c                MX_ADC1_Init
 .text.HAL_ADC_MspInit
                0x08001ca8       0x78 ./Core/Src/adc.o
                0x08001ca8                HAL_ADC_MspInit
 .text.MX_DMA_Init
                0x08001d20       0x74 ./Core/Src/dma.o
                0x08001d20                MX_DMA_Init
 .text.MX_GPIO_Init
                0x08001d94      0x138 ./Core/Src/gpio.o
                0x08001d94                MX_GPIO_Init
 .text.MX_I2C1_Init
                0x08001ecc       0x5c ./Core/Src/i2c.o
                0x08001ecc                MX_I2C1_Init
 .text.HAL_I2C_MspInit
                0x08001f28       0xa0 ./Core/Src/i2c.o
                0x08001f28                HAL_I2C_MspInit
 .text.main     0x08001fc8       0x88 ./Core/Src/main.o
                0x08001fc8                main
 .text.SystemClock_Config
                0x08002050       0xba ./Core/Src/main.o
                0x08002050                SystemClock_Config
 .text.Error_Handler
                0x0800210a        0xc ./Core/Src/main.o
                0x0800210a                Error_Handler
 *fill*         0x08002116        0x2 
 .text.HAL_MspInit
                0x08002118       0x64 ./Core/Src/stm32f1xx_hal_msp.o
                0x08002118                HAL_MspInit
 .text.NMI_Handler
                0x0800217c        0x8 ./Core/Src/stm32f1xx_it.o
                0x0800217c                NMI_Handler
 .text.HardFault_Handler
                0x08002184       0x20 ./Core/Src/stm32f1xx_it.o
                0x08002184                HardFault_Handler
 .text.MemManage_Handler
                0x080021a4       0x20 ./Core/Src/stm32f1xx_it.o
                0x080021a4                MemManage_Handler
 .text.BusFault_Handler
                0x080021c4       0x20 ./Core/Src/stm32f1xx_it.o
                0x080021c4                BusFault_Handler
 .text.UsageFault_Handler
                0x080021e4       0x20 ./Core/Src/stm32f1xx_it.o
                0x080021e4                UsageFault_Handler
 .text.SVC_Handler
                0x08002204        0xc ./Core/Src/stm32f1xx_it.o
                0x08002204                SVC_Handler
 .text.DebugMon_Handler
                0x08002210        0xc ./Core/Src/stm32f1xx_it.o
                0x08002210                DebugMon_Handler
 .text.PendSV_Handler
                0x0800221c        0xc ./Core/Src/stm32f1xx_it.o
                0x0800221c                PendSV_Handler
 .text.SysTick_Handler
                0x08002228        0xc ./Core/Src/stm32f1xx_it.o
                0x08002228                SysTick_Handler
 .text.DMA1_Channel5_IRQHandler
                0x08002234       0x14 ./Core/Src/stm32f1xx_it.o
                0x08002234                DMA1_Channel5_IRQHandler
 .text.DMA1_Channel6_IRQHandler
                0x08002248       0x14 ./Core/Src/stm32f1xx_it.o
                0x08002248                DMA1_Channel6_IRQHandler
 .text.TIM1_UP_TIM10_IRQHandler
                0x0800225c       0x14 ./Core/Src/stm32f1xx_it.o
                0x0800225c                TIM1_UP_TIM10_IRQHandler
 .text.TIM3_IRQHandler
                0x08002270       0x14 ./Core/Src/stm32f1xx_it.o
                0x08002270                TIM3_IRQHandler
 .text.TIM4_IRQHandler
                0x08002284       0x14 ./Core/Src/stm32f1xx_it.o
                0x08002284                TIM4_IRQHandler
 .text.USART1_IRQHandler
                0x08002298       0x14 ./Core/Src/stm32f1xx_it.o
                0x08002298                USART1_IRQHandler
 .text.USART2_IRQHandler
                0x080022ac       0x14 ./Core/Src/stm32f1xx_it.o
                0x080022ac                USART2_IRQHandler
 .text.USART3_IRQHandler
                0x080022c0       0x14 ./Core/Src/stm32f1xx_it.o
                0x080022c0                USART3_IRQHandler
 .text.UART4_IRQHandler
                0x080022d4       0x14 ./Core/Src/stm32f1xx_it.o
                0x080022d4                UART4_IRQHandler
 .text.UART5_IRQHandler
                0x080022e8       0x14 ./Core/Src/stm32f1xx_it.o
                0x080022e8                UART5_IRQHandler
 .text.DMA2_Channel3_IRQHandler
                0x080022fc       0x14 ./Core/Src/stm32f1xx_it.o
                0x080022fc                DMA2_Channel3_IRQHandler
 .text.HAL_TIM_IC_CaptureCallback
                0x08002310       0x12 ./Core/Src/stm32f1xx_it.o
                0x08002310                HAL_TIM_IC_CaptureCallback
 .text._read    0x08002322       0x3a ./Core/Src/syscalls.o
                0x08002322                _read
 .text._write   0x0800235c       0x38 ./Core/Src/syscalls.o
                0x0800235c                _write
 .text._close   0x08002394       0x16 ./Core/Src/syscalls.o
                0x08002394                _close
 .text._fstat   0x080023aa       0x1e ./Core/Src/syscalls.o
                0x080023aa                _fstat
 .text._isatty  0x080023c8       0x14 ./Core/Src/syscalls.o
                0x080023c8                _isatty
 .text._lseek   0x080023dc       0x18 ./Core/Src/syscalls.o
                0x080023dc                _lseek
 .text._sbrk    0x080023f4       0x6c ./Core/Src/sysmem.o
                0x080023f4                _sbrk
 .text.SystemInit
                0x08002460        0xc ./Core/Src/system_stm32f1xx.o
                0x08002460                SystemInit
 .text.MX_TIM1_Init
                0x0800246c       0xa0 ./Core/Src/tim.o
                0x0800246c                MX_TIM1_Init
 .text.MX_TIM3_Init
                0x0800250c       0xb4 ./Core/Src/tim.o
                0x0800250c                MX_TIM3_Init
 .text.MX_TIM4_Init
                0x080025c0       0xe0 ./Core/Src/tim.o
                0x080025c0                MX_TIM4_Init
 .text.HAL_TIM_Base_MspInit
                0x080026a0       0xc4 ./Core/Src/tim.o
                0x080026a0                HAL_TIM_Base_MspInit
 .text.HAL_TIM_PWM_MspInit
                0x08002764       0x4c ./Core/Src/tim.o
                0x08002764                HAL_TIM_PWM_MspInit
 .text.HAL_TIM_MspPostInit
                0x080027b0       0x8c ./Core/Src/tim.o
                0x080027b0                HAL_TIM_MspPostInit
 .text.MX_UART4_Init
                0x0800283c       0x54 ./Core/Src/usart.o
                0x0800283c                MX_UART4_Init
 .text.MX_UART5_Init
                0x08002890       0x54 ./Core/Src/usart.o
                0x08002890                MX_UART5_Init
 .text.MX_USART1_UART_Init
                0x080028e4       0x54 ./Core/Src/usart.o
                0x080028e4                MX_USART1_UART_Init
 .text.MX_USART2_UART_Init
                0x08002938       0x54 ./Core/Src/usart.o
                0x08002938                MX_USART2_UART_Init
 .text.MX_USART3_UART_Init
                0x0800298c       0x54 ./Core/Src/usart.o
                0x0800298c                MX_USART3_UART_Init
 .text.HAL_UART_MspInit
                0x080029e0      0x3dc ./Core/Src/usart.o
                0x080029e0                HAL_UART_MspInit
 .text.Reset_Handler
                0x08002dbc       0x48 ./Core/Startup/startup_stm32f103rgtx.o
                0x08002dbc                Reset_Handler
 .text.Default_Handler
                0x08002e04        0x2 ./Core/Startup/startup_stm32f103rgtx.o
                0x08002e04                RTC_Alarm_IRQHandler
                0x08002e04                EXTI2_IRQHandler
                0x08002e04                TIM8_CC_IRQHandler
                0x08002e04                TIM1_CC_IRQHandler
                0x08002e04                TIM6_IRQHandler
                0x08002e04                PVD_IRQHandler
                0x08002e04                SDIO_IRQHandler
                0x08002e04                EXTI3_IRQHandler
                0x08002e04                TIM8_TRG_COM_TIM14_IRQHandler
                0x08002e04                TIM8_UP_TIM13_IRQHandler
                0x08002e04                EXTI0_IRQHandler
                0x08002e04                I2C2_EV_IRQHandler
                0x08002e04                ADC1_2_IRQHandler
                0x08002e04                SPI1_IRQHandler
                0x08002e04                TAMPER_IRQHandler
                0x08002e04                TIM1_BRK_TIM9_IRQHandler
                0x08002e04                DMA2_Channel2_IRQHandler
                0x08002e04                DMA1_Channel4_IRQHandler
                0x08002e04                RTC_IRQHandler
                0x08002e04                DMA1_Channel7_IRQHandler
                0x08002e04                CAN1_RX1_IRQHandler
                0x08002e04                ADC3_IRQHandler
                0x08002e04                DMA2_Channel1_IRQHandler
                0x08002e04                I2C1_EV_IRQHandler
                0x08002e04                RCC_IRQHandler
                0x08002e04                TIM8_BRK_TIM12_IRQHandler
                0x08002e04                DMA1_Channel1_IRQHandler
                0x08002e04                Default_Handler
                0x08002e04                EXTI15_10_IRQHandler
                0x08002e04                TIM7_IRQHandler
                0x08002e04                TIM5_IRQHandler
                0x08002e04                EXTI9_5_IRQHandler
                0x08002e04                SPI2_IRQHandler
                0x08002e04                EXTI4_IRQHandler
                0x08002e04                USB_LP_CAN1_RX0_IRQHandler
                0x08002e04                USB_HP_CAN1_TX_IRQHandler
                0x08002e04                DMA1_Channel3_IRQHandler
                0x08002e04                FSMC_IRQHandler
                0x08002e04                WWDG_IRQHandler
                0x08002e04                TIM2_IRQHandler
                0x08002e04                TIM1_TRG_COM_TIM11_IRQHandler
                0x08002e04                EXTI1_IRQHandler
                0x08002e04                DMA2_Channel4_5_IRQHandler
                0x08002e04                I2C2_ER_IRQHandler
                0x08002e04                DMA1_Channel2_IRQHandler
                0x08002e04                CAN1_SCE_IRQHandler
                0x08002e04                FLASH_IRQHandler
                0x08002e04                SPI3_IRQHandler
                0x08002e04                I2C1_ER_IRQHandler
                0x08002e04                USBWakeUp_IRQHandler
 *fill*         0x08002e06        0x2 
 .text.HAL_Init
                0x08002e08       0x2c ./Drivers/STM32F1xx_HAL_Driver/Src/stm32f1xx_hal.o
                0x08002e08                HAL_Init
 .text.HAL_InitTick
                0x08002e34       0x60 ./Drivers/STM32F1xx_HAL_Driver/Src/stm32f1xx_hal.o
                0x08002e34                HAL_InitTick
 .text.HAL_IncTick
                0x08002e94       0x24 ./Drivers/STM32F1xx_HAL_Driver/Src/stm32f1xx_hal.o
                0x08002e94                HAL_IncTick
 .text.HAL_GetTick
                0x08002eb8       0x14 ./Drivers/STM32F1xx_HAL_Driver/Src/stm32f1xx_hal.o
                0x08002eb8                HAL_GetTick
 .text.HAL_ADC_Init
                0x08002ecc      0x1d4 ./Drivers/STM32F1xx_HAL_Driver/Src/stm32f1xx_hal_adc.o
                0x08002ecc                HAL_ADC_Init
 .text.HAL_ADC_ConfigChannel
                0x080030a0      0x1f0 ./Drivers/STM32F1xx_HAL_Driver/Src/stm32f1xx_hal_adc.o
                0x080030a0                HAL_ADC_ConfigChannel
 .text.ADC_ConversionStop_Disable
                0x08003290       0x82 ./Drivers/STM32F1xx_HAL_Driver/Src/stm32f1xx_hal_adc.o
                0x08003290                ADC_ConversionStop_Disable
 *fill*         0x08003312        0x2 
 .text.__NVIC_SetPriorityGrouping
                0x08003314       0x48 ./Drivers/STM32F1xx_HAL_Driver/Src/stm32f1xx_hal_cortex.o
 .text.__NVIC_GetPriorityGrouping
                0x0800335c       0x1c ./Drivers/STM32F1xx_HAL_Driver/Src/stm32f1xx_hal_cortex.o
 .text.__NVIC_EnableIRQ
                0x08003378       0x38 ./Drivers/STM32F1xx_HAL_Driver/Src/stm32f1xx_hal_cortex.o
 .text.__NVIC_SetPriority
                0x080033b0       0x54 ./Drivers/STM32F1xx_HAL_Driver/Src/stm32f1xx_hal_cortex.o
 .text.NVIC_EncodePriority
                0x08003404       0x64 ./Drivers/STM32F1xx_HAL_Driver/Src/stm32f1xx_hal_cortex.o
 .text.SysTick_Config
                0x08003468       0x44 ./Drivers/STM32F1xx_HAL_Driver/Src/stm32f1xx_hal_cortex.o
 .text.HAL_NVIC_SetPriorityGrouping
                0x080034ac       0x16 ./Drivers/STM32F1xx_HAL_Driver/Src/stm32f1xx_hal_cortex.o
                0x080034ac                HAL_NVIC_SetPriorityGrouping
 .text.HAL_NVIC_SetPriority
                0x080034c2       0x38 ./Drivers/STM32F1xx_HAL_Driver/Src/stm32f1xx_hal_cortex.o
                0x080034c2                HAL_NVIC_SetPriority
 .text.HAL_NVIC_EnableIRQ
                0x080034fa       0x1c ./Drivers/STM32F1xx_HAL_Driver/Src/stm32f1xx_hal_cortex.o
                0x080034fa                HAL_NVIC_EnableIRQ
 .text.HAL_SYSTICK_Config
                0x08003516       0x18 ./Drivers/STM32F1xx_HAL_Driver/Src/stm32f1xx_hal_cortex.o
                0x08003516                HAL_SYSTICK_Config
 *fill*         0x0800352e        0x2 
 .text.HAL_DMA_Init
                0x08003530       0xec ./Drivers/STM32F1xx_HAL_Driver/Src/stm32f1xx_hal_dma.o
                0x08003530                HAL_DMA_Init
 .text.HAL_DMA_Start_IT
                0x0800361c       0xc0 ./Drivers/STM32F1xx_HAL_Driver/Src/stm32f1xx_hal_dma.o
                0x0800361c                HAL_DMA_Start_IT
 .text.HAL_DMA_Abort
                0x080036dc       0x76 ./Drivers/STM32F1xx_HAL_Driver/Src/stm32f1xx_hal_dma.o
                0x080036dc                HAL_DMA_Abort
 *fill*         0x08003752        0x2 
 .text.HAL_DMA_Abort_IT
                0x08003754      0x210 ./Drivers/STM32F1xx_HAL_Driver/Src/stm32f1xx_hal_dma.o
                0x08003754                HAL_DMA_Abort_IT
 .text.HAL_DMA_IRQHandler
                0x08003964      0x478 ./Drivers/STM32F1xx_HAL_Driver/Src/stm32f1xx_hal_dma.o
                0x08003964                HAL_DMA_IRQHandler
 .text.DMA_SetConfig
                0x08003ddc       0x5a ./Drivers/STM32F1xx_HAL_Driver/Src/stm32f1xx_hal_dma.o
 *fill*         0x08003e36        0x2 
 .text.HAL_GPIO_Init
                0x08003e38      0x328 ./Drivers/STM32F1xx_HAL_Driver/Src/stm32f1xx_hal_gpio.o
                0x08003e38                HAL_GPIO_Init
 .text.HAL_GPIO_ReadPin
                0x08004160       0x2e ./Drivers/STM32F1xx_HAL_Driver/Src/stm32f1xx_hal_gpio.o
                0x08004160                HAL_GPIO_ReadPin
 .text.HAL_GPIO_WritePin
                0x0800418e       0x30 ./Drivers/STM32F1xx_HAL_Driver/Src/stm32f1xx_hal_gpio.o
                0x0800418e                HAL_GPIO_WritePin
 *fill*         0x080041be        0x2 
 .text.HAL_I2C_Init
                0x080041c0      0x288 ./Drivers/STM32F1xx_HAL_Driver/Src/stm32f1xx_hal_i2c.o
                0x080041c0                HAL_I2C_Init
 .text.HAL_RCC_OscConfig
                0x08004448      0x504 ./Drivers/STM32F1xx_HAL_Driver/Src/stm32f1xx_hal_rcc.o
                0x08004448                HAL_RCC_OscConfig
 .text.HAL_RCC_ClockConfig
                0x0800494c      0x1d4 ./Drivers/STM32F1xx_HAL_Driver/Src/stm32f1xx_hal_rcc.o
                0x0800494c                HAL_RCC_ClockConfig
 .text.HAL_RCC_GetSysClockFreq
                0x08004b20       0xac ./Drivers/STM32F1xx_HAL_Driver/Src/stm32f1xx_hal_rcc.o
                0x08004b20                HAL_RCC_GetSysClockFreq
 .text.HAL_RCC_GetHCLKFreq
                0x08004bcc       0x14 ./Drivers/STM32F1xx_HAL_Driver/Src/stm32f1xx_hal_rcc.o
                0x08004bcc                HAL_RCC_GetHCLKFreq
 .text.HAL_RCC_GetPCLK1Freq
                0x08004be0       0x28 ./Drivers/STM32F1xx_HAL_Driver/Src/stm32f1xx_hal_rcc.o
                0x08004be0                HAL_RCC_GetPCLK1Freq
 .text.HAL_RCC_GetPCLK2Freq
                0x08004c08       0x28 ./Drivers/STM32F1xx_HAL_Driver/Src/stm32f1xx_hal_rcc.o
                0x08004c08                HAL_RCC_GetPCLK2Freq
 .text.RCC_Delay
                0x08004c30       0x3c ./Drivers/STM32F1xx_HAL_Driver/Src/stm32f1xx_hal_rcc.o
 .text.HAL_RCCEx_PeriphCLKConfig
                0x08004c6c      0x16c ./Drivers/STM32F1xx_HAL_Driver/Src/stm32f1xx_hal_rcc_ex.o
                0x08004c6c                HAL_RCCEx_PeriphCLKConfig
 .text.HAL_TIM_Base_Init
                0x08004dd8       0x9e ./Drivers/STM32F1xx_HAL_Driver/Src/stm32f1xx_hal_tim.o
                0x08004dd8                HAL_TIM_Base_Init
 *fill*         0x08004e76        0x2 
 .text.HAL_TIM_Base_Start_IT
                0x08004e78       0xdc ./Drivers/STM32F1xx_HAL_Driver/Src/stm32f1xx_hal_tim.o
                0x08004e78                HAL_TIM_Base_Start_IT
 .text.HAL_TIM_PWM_Init
                0x08004f54       0x9e ./Drivers/STM32F1xx_HAL_Driver/Src/stm32f1xx_hal_tim.o
                0x08004f54                HAL_TIM_PWM_Init
 .text.HAL_TIM_IC_Init
                0x08004ff2       0x9e ./Drivers/STM32F1xx_HAL_Driver/Src/stm32f1xx_hal_tim.o
                0x08004ff2                HAL_TIM_IC_Init
 .text.HAL_TIM_IC_MspInit
                0x08005090       0x12 ./Drivers/STM32F1xx_HAL_Driver/Src/stm32f1xx_hal_tim.o
                0x08005090                HAL_TIM_IC_MspInit
 *fill*         0x080050a2        0x2 
 .text.HAL_TIM_IC_Start_IT
                0x080050a4      0x250 ./Drivers/STM32F1xx_HAL_Driver/Src/stm32f1xx_hal_tim.o
                0x080050a4                HAL_TIM_IC_Start_IT
 .text.HAL_TIM_IRQHandler
                0x080052f4      0x210 ./Drivers/STM32F1xx_HAL_Driver/Src/stm32f1xx_hal_tim.o
                0x080052f4                HAL_TIM_IRQHandler
 .text.HAL_TIM_IC_ConfigChannel
                0x08005504      0x138 ./Drivers/STM32F1xx_HAL_Driver/Src/stm32f1xx_hal_tim.o
                0x08005504                HAL_TIM_IC_ConfigChannel
 .text.HAL_TIM_PWM_ConfigChannel
                0x0800563c      0x184 ./Drivers/STM32F1xx_HAL_Driver/Src/stm32f1xx_hal_tim.o
                0x0800563c                HAL_TIM_PWM_ConfigChannel
 .text.HAL_TIM_ConfigClockSource
                0x080057c0      0x18e ./Drivers/STM32F1xx_HAL_Driver/Src/stm32f1xx_hal_tim.o
                0x080057c0                HAL_TIM_ConfigClockSource
 .text.HAL_TIM_OC_DelayElapsedCallback
                0x0800594e       0x12 ./Drivers/STM32F1xx_HAL_Driver/Src/stm32f1xx_hal_tim.o
                0x0800594e                HAL_TIM_OC_DelayElapsedCallback
 .text.HAL_TIM_PWM_PulseFinishedCallback
                0x08005960       0x12 ./Drivers/STM32F1xx_HAL_Driver/Src/stm32f1xx_hal_tim.o
                0x08005960                HAL_TIM_PWM_PulseFinishedCallback
 .text.HAL_TIM_TriggerCallback
                0x08005972       0x12 ./Drivers/STM32F1xx_HAL_Driver/Src/stm32f1xx_hal_tim.o
                0x08005972                HAL_TIM_TriggerCallback
 .text.TIM_Base_SetConfig
                0x08005984      0x13c ./Drivers/STM32F1xx_HAL_Driver/Src/stm32f1xx_hal_tim.o
                0x08005984                TIM_Base_SetConfig
 .text.TIM_OC1_SetConfig
                0x08005ac0       0xe0 ./Drivers/STM32F1xx_HAL_Driver/Src/stm32f1xx_hal_tim.o
 .text.TIM_OC2_SetConfig
                0x08005ba0       0xe8 ./Drivers/STM32F1xx_HAL_Driver/Src/stm32f1xx_hal_tim.o
                0x08005ba0                TIM_OC2_SetConfig
 .text.TIM_OC3_SetConfig
                0x08005c88       0xe8 ./Drivers/STM32F1xx_HAL_Driver/Src/stm32f1xx_hal_tim.o
 .text.TIM_OC4_SetConfig
                0x08005d70       0xa8 ./Drivers/STM32F1xx_HAL_Driver/Src/stm32f1xx_hal_tim.o
 .text.TIM_TI1_SetConfig
                0x08005e18       0xe4 ./Drivers/STM32F1xx_HAL_Driver/Src/stm32f1xx_hal_tim.o
                0x08005e18                TIM_TI1_SetConfig
 .text.TIM_TI1_ConfigInputStage
                0x08005efc       0x5c ./Drivers/STM32F1xx_HAL_Driver/Src/stm32f1xx_hal_tim.o
 .text.TIM_TI2_SetConfig
                0x08005f58       0x78 ./Drivers/STM32F1xx_HAL_Driver/Src/stm32f1xx_hal_tim.o
 .text.TIM_TI2_ConfigInputStage
                0x08005fd0       0x5e ./Drivers/STM32F1xx_HAL_Driver/Src/stm32f1xx_hal_tim.o
 .text.TIM_TI3_SetConfig
                0x0800602e       0x76 ./Drivers/STM32F1xx_HAL_Driver/Src/stm32f1xx_hal_tim.o
 .text.TIM_TI4_SetConfig
                0x080060a4       0x78 ./Drivers/STM32F1xx_HAL_Driver/Src/stm32f1xx_hal_tim.o
 .text.TIM_ITRx_SetConfig
                0x0800611c       0x34 ./Drivers/STM32F1xx_HAL_Driver/Src/stm32f1xx_hal_tim.o
 .text.TIM_ETR_SetConfig
                0x08006150       0x3e ./Drivers/STM32F1xx_HAL_Driver/Src/stm32f1xx_hal_tim.o
                0x08006150                TIM_ETR_SetConfig
 .text.TIM_CCxChannelCmd
                0x0800618e       0x48 ./Drivers/STM32F1xx_HAL_Driver/Src/stm32f1xx_hal_tim.o
                0x0800618e                TIM_CCxChannelCmd
 *fill*         0x080061d6        0x2 
 .text.HAL_TIMEx_MasterConfigSynchronization
                0x080061d8       0xf4 ./Drivers/STM32F1xx_HAL_Driver/Src/stm32f1xx_hal_tim_ex.o
                0x080061d8                HAL_TIMEx_MasterConfigSynchronization
 .text.HAL_TIMEx_CommutCallback
                0x080062cc       0x12 ./Drivers/STM32F1xx_HAL_Driver/Src/stm32f1xx_hal_tim_ex.o
                0x080062cc                HAL_TIMEx_CommutCallback
 .text.HAL_TIMEx_BreakCallback
                0x080062de       0x12 ./Drivers/STM32F1xx_HAL_Driver/Src/stm32f1xx_hal_tim_ex.o
                0x080062de                HAL_TIMEx_BreakCallback
 .text.HAL_UART_Init
                0x080062f0       0xa0 ./Drivers/STM32F1xx_HAL_Driver/Src/stm32f1xx_hal_uart.o
                0x080062f0                HAL_UART_Init
 .text.HAL_UART_Transmit
                0x08006390      0x106 ./Drivers/STM32F1xx_HAL_Driver/Src/stm32f1xx_hal_uart.o
                0x08006390                HAL_UART_Transmit
 .text.HAL_UART_Receive_IT
                0x08006496       0x4a ./Drivers/STM32F1xx_HAL_Driver/Src/stm32f1xx_hal_uart.o
                0x08006496                HAL_UART_Receive_IT
 .text.HAL_UARTEx_ReceiveToIdle_DMA
                0x080064e0       0xba ./Drivers/STM32F1xx_HAL_Driver/Src/stm32f1xx_hal_uart.o
                0x080064e0                HAL_UARTEx_ReceiveToIdle_DMA
 *fill*         0x0800659a        0x2 
 .text.HAL_UART_IRQHandler
                0x0800659c      0x524 ./Drivers/STM32F1xx_HAL_Driver/Src/stm32f1xx_hal_uart.o
                0x0800659c                HAL_UART_IRQHandler
 .text.HAL_UART_TxCpltCallback
                0x08006ac0       0x12 ./Drivers/STM32F1xx_HAL_Driver/Src/stm32f1xx_hal_uart.o
                0x08006ac0                HAL_UART_TxCpltCallback
 .text.HAL_UART_RxHalfCpltCallback
                0x08006ad2       0x12 ./Drivers/STM32F1xx_HAL_Driver/Src/stm32f1xx_hal_uart.o
                0x08006ad2                HAL_UART_RxHalfCpltCallback
 .text.HAL_UART_ErrorCallback
                0x08006ae4       0x12 ./Drivers/STM32F1xx_HAL_Driver/Src/stm32f1xx_hal_uart.o
                0x08006ae4                HAL_UART_ErrorCallback
 .text.UART_DMAReceiveCplt
                0x08006af6      0x12c ./Drivers/STM32F1xx_HAL_Driver/Src/stm32f1xx_hal_uart.o
 .text.UART_DMARxHalfCplt
                0x08006c22       0x3c ./Drivers/STM32F1xx_HAL_Driver/Src/stm32f1xx_hal_uart.o
 .text.UART_DMAError
                0x08006c5e       0x94 ./Drivers/STM32F1xx_HAL_Driver/Src/stm32f1xx_hal_uart.o
 .text.UART_WaitOnFlagUntilTimeout
                0x08006cf2       0xdc ./Drivers/STM32F1xx_HAL_Driver/Src/stm32f1xx_hal_uart.o
 .text.UART_Start_Receive_IT
                0x08006dce       0x72 ./Drivers/STM32F1xx_HAL_Driver/Src/stm32f1xx_hal_uart.o
                0x08006dce                UART_Start_Receive_IT
 .text.UART_Start_Receive_DMA
                0x08006e40      0x134 ./Drivers/STM32F1xx_HAL_Driver/Src/stm32f1xx_hal_uart.o
                0x08006e40                UART_Start_Receive_DMA
 .text.UART_EndTxTransfer
                0x08006f74       0x4e ./Drivers/STM32F1xx_HAL_Driver/Src/stm32f1xx_hal_uart.o
 .text.UART_EndRxTransfer
                0x08006fc2       0xc4 ./Drivers/STM32F1xx_HAL_Driver/Src/stm32f1xx_hal_uart.o
 .text.UART_DMAAbortOnError
                0x08007086       0x28 ./Drivers/STM32F1xx_HAL_Driver/Src/stm32f1xx_hal_uart.o
 .text.UART_Transmit_IT
                0x080070ae       0x9e ./Drivers/STM32F1xx_HAL_Driver/Src/stm32f1xx_hal_uart.o
 .text.UART_EndTransmit_IT
                0x0800714c       0x30 ./Drivers/STM32F1xx_HAL_Driver/Src/stm32f1xx_hal_uart.o
 .text.UART_Receive_IT
                0x0800717c      0x17c ./Drivers/STM32F1xx_HAL_Driver/Src/stm32f1xx_hal_uart.o
 .text.UART_SetConfig
                0x080072f8      0x11c ./Drivers/STM32F1xx_HAL_Driver/Src/stm32f1xx_hal_uart.o
 .text.lower_communite_init
                0x08007414       0x14 ./Usr/communicate/middle_lower.o
                0x08007414                lower_communite_init
 .text.CRC16_Calculate
                0x08007428       0x90 ./Usr/communicate/middle_lower.o
 .text.notify_low_send_push
                0x080074b8       0xe0 ./Usr/communicate/middle_lower.o
                0x080074b8                notify_low_send_push
 .text.notify_low_send_pop
                0x08007598       0xac ./Usr/communicate/middle_lower.o
                0x08007598                notify_low_send_pop
 .text.notify_low_recv_push
                0x08007644       0xcc ./Usr/communicate/middle_lower.o
                0x08007644                notify_low_recv_push
 .text.notify_low_recv_pop
                0x08007710       0xac ./Usr/communicate/middle_lower.o
                0x08007710                notify_low_recv_pop
 .text._send_lower
                0x080077bc      0x114 ./Usr/communicate/middle_lower.o
                0x080077bc                _send_lower
 .text.move_data_pack_low
                0x080078d0       0x80 ./Usr/communicate/middle_lower.o
                0x080078d0                move_data_pack_low
 .text.book_info_pack_low
                0x08007950       0x2c ./Usr/communicate/middle_lower.o
                0x08007950                book_info_pack_low
 .text.data_pack_lower
                0x0800797c      0x104 ./Usr/communicate/middle_lower.o
                0x0800797c                data_pack_lower
 .text.send_lower
                0x08007a80       0x32 ./Usr/communicate/middle_lower.o
                0x08007a80                send_lower
 *fill*         0x08007ab2        0x2 
 .text.low_send
                0x08007ab4      0x1ac ./Usr/communicate/middle_lower.o
                0x08007ab4                low_send
 .text.get_lower_cache
                0x08007c60       0x14 ./Usr/communicate/middle_lower.o
                0x08007c60                get_lower_cache
 .text.set_lower_recv_len
                0x08007c74       0x20 ./Usr/communicate/middle_lower.o
                0x08007c74                set_lower_recv_len
 .text.set_lower_book_ack
                0x08007c94       0x1c ./Usr/communicate/middle_lower.o
                0x08007c94                set_lower_book_ack
 .text.upper_communite_init
                0x08007cb0       0x14 ./Usr/communicate/middle_upper.o
                0x08007cb0                upper_communite_init
 .text.CRC16_Calculate
                0x08007cc4       0x90 ./Usr/communicate/middle_upper.o
 .text.notify_up_push
                0x08007d54       0xcc ./Usr/communicate/middle_upper.o
                0x08007d54                notify_up_push
 .text.notify_up_pop
                0x08007e20       0xac ./Usr/communicate/middle_upper.o
                0x08007e20                notify_up_pop
 .text.data_pack_upper
                0x08007ecc      0x120 ./Usr/communicate/middle_upper.o
                0x08007ecc                data_pack_upper
 .text.send_upper
                0x08007fec       0x32 ./Usr/communicate/middle_upper.o
                0x08007fec                send_upper
 *fill*         0x0800801e        0x2 
 .text._send_upper
                0x08008020      0x108 ./Usr/communicate/middle_upper.o
                0x08008020                _send_upper
 .text.move_data_pack
                0x08008128       0x80 ./Usr/communicate/middle_upper.o
                0x08008128                move_data_pack
 .text.book_info_pack
                0x080081a8       0x4c ./Usr/communicate/middle_upper.o
                0x080081a8                book_info_pack
 .text.init_data_pack
                0x080081f4       0x32 ./Usr/communicate/middle_upper.o
                0x080081f4                init_data_pack
 *fill*         0x08008226        0x2 
 .text.upp_send
                0x08008228      0x188 ./Usr/communicate/middle_upper.o
                0x08008228                upp_send
 .text.get_upper_cache
                0x080083b0       0x14 ./Usr/communicate/middle_upper.o
                0x080083b0                get_upper_cache
 .text.set_upper_recv_len
                0x080083c4       0x20 ./Usr/communicate/middle_upper.o
                0x080083c4                set_upper_recv_len
 .text.endianness_change_little
                0x080083e4       0x54 ./Usr/component/endianness_change.o
                0x080083e4                endianness_change_little
 .text.__io_putchar
                0x08008438       0x24 ./Usr/log/my_log.o
                0x08008438                __io_putchar
 .text.app_communicate_init
                0x0800845c       0x10 ./Usr/module_apply/app_communicate.o
                0x0800845c                app_communicate_init
 .text.app_comunicate
                0x0800846c       0x30 ./Usr/module_apply/app_communicate.o
                0x0800846c                app_comunicate
 .text.lower_apply_improve
                0x0800849c      0x3d4 ./Usr/module_apply/app_communicate.o
                0x0800849c                lower_apply_improve
 .text.upper_apply_improve
                0x08008870      0x2b8 ./Usr/module_apply/app_communicate.o
                0x08008870                upper_apply_improve
 .text.book_ack_func
                0x08008b28       0x2c ./Usr/module_apply/app_communicate.o
                0x08008b28                book_ack_func
 .text.set_upper_process
                0x08008b54       0x20 ./Usr/module_apply/app_communicate.o
                0x08008b54                set_upper_process
 .text.set_lower_process
                0x08008b74       0x20 ./Usr/module_apply/app_communicate.o
                0x08008b74                set_lower_process
 .text.app_servo_action_init
                0x08008b94       0x18 ./Usr/module_apply/apply_motor.o
                0x08008b94                app_servo_action_init
 .text.app_action
                0x08008bac       0xbc ./Usr/module_apply/apply_motor.o
                0x08008bac                app_action
 .text.app_move
                0x08008c68      0x19c ./Usr/module_apply/apply_motor.o
 .text.app_reset
                0x08008e04      0x130 ./Usr/module_apply/apply_motor.o
 .text.servo_config_init
                0x08008f34       0x28 ./Usr/module_driver/driver_motor.o
                0x08008f34                servo_config_init
 .text.servo_info_updata
                0x08008f5c       0x5c ./Usr/module_driver/driver_motor.o
                0x08008f5c                servo_info_updata
 .text.servo_config_updata
                0x08008fb8       0xe4 ./Usr/module_driver/driver_motor.o
                0x08008fb8                servo_config_updata
 .text.get_servo_config
                0x0800909c       0x14 ./Usr/module_driver/driver_motor.o
                0x0800909c                get_servo_config
 .text.get_servo_info
                0x080090b0       0x14 ./Usr/module_driver/driver_motor.o
                0x080090b0                get_servo_info
 .text.get_Position_mm
                0x080090c4      0x10c ./Usr/module_driver/driver_motor.o
                0x080090c4                get_Position_mm
 .text.servo_speed_set
                0x080091d0       0xf0 ./Usr/module_driver/driver_motor.o
                0x080091d0                servo_speed_set
 .text.servo_move
                0x080092c0      0x140 ./Usr/module_driver/driver_motor.o
                0x080092c0                servo_move
 .text.clear_pluse_start
                0x08009400      0x104 ./Usr/module_driver/driver_motor.o
                0x08009400                clear_pluse_start
 .text.clear_pluse_end
                0x08009504      0x108 ./Usr/module_driver/driver_motor.o
                0x08009504                clear_pluse_end
 .text.Clear_Pluse
                0x0800960c       0x58 ./Usr/module_driver/driver_motor.o
                0x0800960c                Clear_Pluse
 .text.upper_uart_reg_handle
                0x08009664       0x28 ./Usr/module_driver/driver_upp_uart.o
                0x08009664                upper_uart_reg_handle
 .text.upper_uart_init
                0x0800968c       0x44 ./Usr/module_driver/driver_upp_uart.o
                0x0800968c                upper_uart_init
 .text.GetUpperUartHandle
                0x080096d0       0x34 ./Usr/module_driver/driver_upp_uart.o
                0x080096d0                GetUpperUartHandle
 .text.CRC16_Calculate
                0x08009704       0x90 ./Usr/module_driver/driver_upp_uart.o
 .text.upper_packet_analys
                0x08009794       0xe0 ./Usr/module_driver/driver_upp_uart.o
 .text.upper_receive_rx_data
                0x08009874       0x78 ./Usr/module_driver/driver_upp_uart.o
                0x08009874                upper_receive_rx_data
 .text.wireless_reg_handle
                0x080098ec       0x28 ./Usr/module_driver/driver_wireless.o
                0x080098ec                wireless_reg_handle
 .text.wireless_init
                0x08009914       0x44 ./Usr/module_driver/driver_wireless.o
                0x08009914                wireless_init
 .text.GetWireLessHandle
                0x08009958       0x30 ./Usr/module_driver/driver_wireless.o
                0x08009958                GetWireLessHandle
 .text.wireless_send
                0x08009988       0x28 ./Usr/module_driver/driver_wireless.o
                0x08009988                wireless_send
 .text.CRC16_Calculate
                0x080099b0       0x90 ./Usr/module_driver/driver_wireless.o
 .text.wireless_packet_analys
                0x08009a40       0xe4 ./Usr/module_driver/driver_wireless.o
 .text.receive_rx_data
                0x08009b24       0x78 ./Usr/module_driver/driver_wireless.o
                0x08009b24                receive_rx_data
 .text.input_book_info
                0x08009b9c      0x100 ./Usr/module_middle/middle_book_database.o
                0x08009b9c                input_book_info
 .text.output_book_info
                0x08009c9c       0xe4 ./Usr/module_middle/middle_book_database.o
                0x08009c9c                output_book_info
 .text.registCallback
                0x08009d80       0x30 ./Usr/module_middle/middle_event_process.o
                0x08009d80                registCallback
 .text.enterQueueEvent
                0x08009db0       0x98 ./Usr/module_middle/middle_event_process.o
                0x08009db0                enterQueueEvent
 .text.process_event
                0x08009e48       0x64 ./Usr/module_middle/middle_event_process.o
                0x08009e48                process_event
 .text.has_pass_time
                0x08009eac       0x2e ./Usr/tick/tick.o
                0x08009eac                has_pass_time
 *fill*         0x08009eda        0x2 
 .text.std      0x08009edc       0x6c C:/STM32app/CUBE/STM32CubeIDE_1.15.0/STM32CubeIDE/plugins/com.st.stm32cube.ide.mcu.externaltools.gnu-tools-for-stm32.13.3.rel1.win32_1.0.0.202411081344/tools/bin/../lib/gcc/arm-none-eabi/13.3.1/../../../../arm-none-eabi/lib/thumb/v7-m/nofp\libc_nano.a(libc_a-findfp.o)
 .text.stdio_exit_handler
                0x08009f48       0x18 C:/STM32app/CUBE/STM32CubeIDE_1.15.0/STM32CubeIDE/plugins/com.st.stm32cube.ide.mcu.externaltools.gnu-tools-for-stm32.13.3.rel1.win32_1.0.0.202411081344/tools/bin/../lib/gcc/arm-none-eabi/13.3.1/../../../../arm-none-eabi/lib/thumb/v7-m/nofp\libc_nano.a(libc_a-findfp.o)
 .text.cleanup_stdio
                0x08009f60       0x40 C:/STM32app/CUBE/STM32CubeIDE_1.15.0/STM32CubeIDE/plugins/com.st.stm32cube.ide.mcu.externaltools.gnu-tools-for-stm32.13.3.rel1.win32_1.0.0.202411081344/tools/bin/../lib/gcc/arm-none-eabi/13.3.1/../../../../arm-none-eabi/lib/thumb/v7-m/nofp\libc_nano.a(libc_a-findfp.o)
 .text.global_stdio_init.part.0
                0x08009fa0       0x3c C:/STM32app/CUBE/STM32CubeIDE_1.15.0/STM32CubeIDE/plugins/com.st.stm32cube.ide.mcu.externaltools.gnu-tools-for-stm32.13.3.rel1.win32_1.0.0.202411081344/tools/bin/../lib/gcc/arm-none-eabi/13.3.1/../../../../arm-none-eabi/lib/thumb/v7-m/nofp\libc_nano.a(libc_a-findfp.o)
 .text.__sfp_lock_acquire
                0x08009fdc        0xc C:/STM32app/CUBE/STM32CubeIDE_1.15.0/STM32CubeIDE/plugins/com.st.stm32cube.ide.mcu.externaltools.gnu-tools-for-stm32.13.3.rel1.win32_1.0.0.202411081344/tools/bin/../lib/gcc/arm-none-eabi/13.3.1/../../../../arm-none-eabi/lib/thumb/v7-m/nofp\libc_nano.a(libc_a-findfp.o)
                0x08009fdc                __sfp_lock_acquire
 .text.__sfp_lock_release
                0x08009fe8        0xc C:/STM32app/CUBE/STM32CubeIDE_1.15.0/STM32CubeIDE/plugins/com.st.stm32cube.ide.mcu.externaltools.gnu-tools-for-stm32.13.3.rel1.win32_1.0.0.202411081344/tools/bin/../lib/gcc/arm-none-eabi/13.3.1/../../../../arm-none-eabi/lib/thumb/v7-m/nofp\libc_nano.a(libc_a-findfp.o)
                0x08009fe8                __sfp_lock_release
 .text.__sinit  0x08009ff4       0x30 C:/STM32app/CUBE/STM32CubeIDE_1.15.0/STM32CubeIDE/plugins/com.st.stm32cube.ide.mcu.externaltools.gnu-tools-for-stm32.13.3.rel1.win32_1.0.0.202411081344/tools/bin/../lib/gcc/arm-none-eabi/13.3.1/../../../../arm-none-eabi/lib/thumb/v7-m/nofp\libc_nano.a(libc_a-findfp.o)
                0x08009ff4                __sinit
 .text._fwalk_sglue
                0x0800a024       0x3c C:/STM32app/CUBE/STM32CubeIDE_1.15.0/STM32CubeIDE/plugins/com.st.stm32cube.ide.mcu.externaltools.gnu-tools-for-stm32.13.3.rel1.win32_1.0.0.202411081344/tools/bin/../lib/gcc/arm-none-eabi/13.3.1/../../../../arm-none-eabi/lib/thumb/v7-m/nofp\libc_nano.a(libc_a-fwalk.o)
                0x0800a024                _fwalk_sglue
 .text.printf   0x0800a060       0x24 C:/STM32app/CUBE/STM32CubeIDE_1.15.0/STM32CubeIDE/plugins/com.st.stm32cube.ide.mcu.externaltools.gnu-tools-for-stm32.13.3.rel1.win32_1.0.0.202411081344/tools/bin/../lib/gcc/arm-none-eabi/13.3.1/../../../../arm-none-eabi/lib/thumb/v7-m/nofp\libc_nano.a(libc_a-printf.o)
                0x0800a060                iprintf
                0x0800a060                printf
 .text.__sread  0x0800a084       0x22 C:/STM32app/CUBE/STM32CubeIDE_1.15.0/STM32CubeIDE/plugins/com.st.stm32cube.ide.mcu.externaltools.gnu-tools-for-stm32.13.3.rel1.win32_1.0.0.202411081344/tools/bin/../lib/gcc/arm-none-eabi/13.3.1/../../../../arm-none-eabi/lib/thumb/v7-m/nofp\libc_nano.a(libc_a-stdio.o)
                0x0800a084                __sread
 .text.__swrite
                0x0800a0a6       0x38 C:/STM32app/CUBE/STM32CubeIDE_1.15.0/STM32CubeIDE/plugins/com.st.stm32cube.ide.mcu.externaltools.gnu-tools-for-stm32.13.3.rel1.win32_1.0.0.202411081344/tools/bin/../lib/gcc/arm-none-eabi/13.3.1/../../../../arm-none-eabi/lib/thumb/v7-m/nofp\libc_nano.a(libc_a-stdio.o)
                0x0800a0a6                __swrite
 .text.__sseek  0x0800a0de       0x24 C:/STM32app/CUBE/STM32CubeIDE_1.15.0/STM32CubeIDE/plugins/com.st.stm32cube.ide.mcu.externaltools.gnu-tools-for-stm32.13.3.rel1.win32_1.0.0.202411081344/tools/bin/../lib/gcc/arm-none-eabi/13.3.1/../../../../arm-none-eabi/lib/thumb/v7-m/nofp\libc_nano.a(libc_a-stdio.o)
                0x0800a0de                __sseek
 .text.__sclose
                0x0800a102        0x8 C:/STM32app/CUBE/STM32CubeIDE_1.15.0/STM32CubeIDE/plugins/com.st.stm32cube.ide.mcu.externaltools.gnu-tools-for-stm32.13.3.rel1.win32_1.0.0.202411081344/tools/bin/../lib/gcc/arm-none-eabi/13.3.1/../../../../arm-none-eabi/lib/thumb/v7-m/nofp\libc_nano.a(libc_a-stdio.o)
                0x0800a102                __sclose
 .text.memset   0x0800a10a       0x10 C:/STM32app/CUBE/STM32CubeIDE_1.15.0/STM32CubeIDE/plugins/com.st.stm32cube.ide.mcu.externaltools.gnu-tools-for-stm32.13.3.rel1.win32_1.0.0.202411081344/tools/bin/../lib/gcc/arm-none-eabi/13.3.1/../../../../arm-none-eabi/lib/thumb/v7-m/nofp\libc_nano.a(libc_a-memset.o)
                0x0800a10a                memset
 *fill*         0x0800a11a        0x2 
 .text._close_r
                0x0800a11c       0x20 C:/STM32app/CUBE/STM32CubeIDE_1.15.0/STM32CubeIDE/plugins/com.st.stm32cube.ide.mcu.externaltools.gnu-tools-for-stm32.13.3.rel1.win32_1.0.0.202411081344/tools/bin/../lib/gcc/arm-none-eabi/13.3.1/../../../../arm-none-eabi/lib/thumb/v7-m/nofp\libc_nano.a(libc_a-closer.o)
                0x0800a11c                _close_r
 .text._lseek_r
                0x0800a13c       0x24 C:/STM32app/CUBE/STM32CubeIDE_1.15.0/STM32CubeIDE/plugins/com.st.stm32cube.ide.mcu.externaltools.gnu-tools-for-stm32.13.3.rel1.win32_1.0.0.202411081344/tools/bin/../lib/gcc/arm-none-eabi/13.3.1/../../../../arm-none-eabi/lib/thumb/v7-m/nofp\libc_nano.a(libc_a-lseekr.o)
                0x0800a13c                _lseek_r
 .text._read_r  0x0800a160       0x24 C:/STM32app/CUBE/STM32CubeIDE_1.15.0/STM32CubeIDE/plugins/com.st.stm32cube.ide.mcu.externaltools.gnu-tools-for-stm32.13.3.rel1.win32_1.0.0.202411081344/tools/bin/../lib/gcc/arm-none-eabi/13.3.1/../../../../arm-none-eabi/lib/thumb/v7-m/nofp\libc_nano.a(libc_a-readr.o)
                0x0800a160                _read_r
 .text._write_r
                0x0800a184       0x24 C:/STM32app/CUBE/STM32CubeIDE_1.15.0/STM32CubeIDE/plugins/com.st.stm32cube.ide.mcu.externaltools.gnu-tools-for-stm32.13.3.rel1.win32_1.0.0.202411081344/tools/bin/../lib/gcc/arm-none-eabi/13.3.1/../../../../arm-none-eabi/lib/thumb/v7-m/nofp\libc_nano.a(libc_a-writer.o)
                0x0800a184                _write_r
 .text.__errno  0x0800a1a8        0xc C:/STM32app/CUBE/STM32CubeIDE_1.15.0/STM32CubeIDE/plugins/com.st.stm32cube.ide.mcu.externaltools.gnu-tools-for-stm32.13.3.rel1.win32_1.0.0.202411081344/tools/bin/../lib/gcc/arm-none-eabi/13.3.1/../../../../arm-none-eabi/lib/thumb/v7-m/nofp\libc_nano.a(libc_a-errno.o)
                0x0800a1a8                __errno
 .text.__libc_init_array
                0x0800a1b4       0x48 C:/STM32app/CUBE/STM32CubeIDE_1.15.0/STM32CubeIDE/plugins/com.st.stm32cube.ide.mcu.externaltools.gnu-tools-for-stm32.13.3.rel1.win32_1.0.0.202411081344/tools/bin/../lib/gcc/arm-none-eabi/13.3.1/../../../../arm-none-eabi/lib/thumb/v7-m/nofp\libc_nano.a(libc_a-init.o)
                0x0800a1b4                __libc_init_array
 .text.__retarget_lock_init_recursive
                0x0800a1fc        0x2 C:/STM32app/CUBE/STM32CubeIDE_1.15.0/STM32CubeIDE/plugins/com.st.stm32cube.ide.mcu.externaltools.gnu-tools-for-stm32.13.3.rel1.win32_1.0.0.202411081344/tools/bin/../lib/gcc/arm-none-eabi/13.3.1/../../../../arm-none-eabi/lib/thumb/v7-m/nofp\libc_nano.a(libc_a-lock.o)
                0x0800a1fc                __retarget_lock_init_recursive
 .text.__retarget_lock_acquire_recursive
                0x0800a1fe        0x2 C:/STM32app/CUBE/STM32CubeIDE_1.15.0/STM32CubeIDE/plugins/com.st.stm32cube.ide.mcu.externaltools.gnu-tools-for-stm32.13.3.rel1.win32_1.0.0.202411081344/tools/bin/../lib/gcc/arm-none-eabi/13.3.1/../../../../arm-none-eabi/lib/thumb/v7-m/nofp\libc_nano.a(libc_a-lock.o)
                0x0800a1fe                __retarget_lock_acquire_recursive
 .text.__retarget_lock_release_recursive
                0x0800a200        0x2 C:/STM32app/CUBE/STM32CubeIDE_1.15.0/STM32CubeIDE/plugins/com.st.stm32cube.ide.mcu.externaltools.gnu-tools-for-stm32.13.3.rel1.win32_1.0.0.202411081344/tools/bin/../lib/gcc/arm-none-eabi/13.3.1/../../../../arm-none-eabi/lib/thumb/v7-m/nofp\libc_nano.a(libc_a-lock.o)
                0x0800a200                __retarget_lock_release_recursive
 .text.memcpy   0x0800a202       0x1c C:/STM32app/CUBE/STM32CubeIDE_1.15.0/STM32CubeIDE/plugins/com.st.stm32cube.ide.mcu.externaltools.gnu-tools-for-stm32.13.3.rel1.win32_1.0.0.202411081344/tools/bin/../lib/gcc/arm-none-eabi/13.3.1/../../../../arm-none-eabi/lib/thumb/v7-m/nofp\libc_nano.a(libc_a-memcpy-stub.o)
                0x0800a202                memcpy
 *fill*         0x0800a21e        0x2 
 .text._free_r  0x0800a220       0x90 C:/STM32app/CUBE/STM32CubeIDE_1.15.0/STM32CubeIDE/plugins/com.st.stm32cube.ide.mcu.externaltools.gnu-tools-for-stm32.13.3.rel1.win32_1.0.0.202411081344/tools/bin/../lib/gcc/arm-none-eabi/13.3.1/../../../../arm-none-eabi/lib/thumb/v7-m/nofp\libc_nano.a(libc_a-freer.o)
                0x0800a220                _free_r
 .text.sbrk_aligned
                0x0800a2b0       0x44 C:/STM32app/CUBE/STM32CubeIDE_1.15.0/STM32CubeIDE/plugins/com.st.stm32cube.ide.mcu.externaltools.gnu-tools-for-stm32.13.3.rel1.win32_1.0.0.202411081344/tools/bin/../lib/gcc/arm-none-eabi/13.3.1/../../../../arm-none-eabi/lib/thumb/v7-m/nofp\libc_nano.a(libc_a-mallocr.o)
 .text._malloc_r
                0x0800a2f4      0x100 C:/STM32app/CUBE/STM32CubeIDE_1.15.0/STM32CubeIDE/plugins/com.st.stm32cube.ide.mcu.externaltools.gnu-tools-for-stm32.13.3.rel1.win32_1.0.0.202411081344/tools/bin/../lib/gcc/arm-none-eabi/13.3.1/../../../../arm-none-eabi/lib/thumb/v7-m/nofp\libc_nano.a(libc_a-mallocr.o)
                0x0800a2f4                _malloc_r
 .text.__malloc_lock
                0x0800a3f4        0xc C:/STM32app/CUBE/STM32CubeIDE_1.15.0/STM32CubeIDE/plugins/com.st.stm32cube.ide.mcu.externaltools.gnu-tools-for-stm32.13.3.rel1.win32_1.0.0.202411081344/tools/bin/../lib/gcc/arm-none-eabi/13.3.1/../../../../arm-none-eabi/lib/thumb/v7-m/nofp\libc_nano.a(libc_a-mlock.o)
                0x0800a3f4                __malloc_lock
 .text.__malloc_unlock
                0x0800a400        0xc C:/STM32app/CUBE/STM32CubeIDE_1.15.0/STM32CubeIDE/plugins/com.st.stm32cube.ide.mcu.externaltools.gnu-tools-for-stm32.13.3.rel1.win32_1.0.0.202411081344/tools/bin/../lib/gcc/arm-none-eabi/13.3.1/../../../../arm-none-eabi/lib/thumb/v7-m/nofp\libc_nano.a(libc_a-mlock.o)
                0x0800a400                __malloc_unlock
 .text.__sfputc_r
                0x0800a40c       0x2a C:/STM32app/CUBE/STM32CubeIDE_1.15.0/STM32CubeIDE/plugins/com.st.stm32cube.ide.mcu.externaltools.gnu-tools-for-stm32.13.3.rel1.win32_1.0.0.202411081344/tools/bin/../lib/gcc/arm-none-eabi/13.3.1/../../../../arm-none-eabi/lib/thumb/v7-m/nofp\libc_nano.a(libc_a-nano-vfprintf.o)
 .text.__sfputs_r
                0x0800a436       0x24 C:/STM32app/CUBE/STM32CubeIDE_1.15.0/STM32CubeIDE/plugins/com.st.stm32cube.ide.mcu.externaltools.gnu-tools-for-stm32.13.3.rel1.win32_1.0.0.202411081344/tools/bin/../lib/gcc/arm-none-eabi/13.3.1/../../../../arm-none-eabi/lib/thumb/v7-m/nofp\libc_nano.a(libc_a-nano-vfprintf.o)
                0x0800a436                __sfputs_r
 *fill*         0x0800a45a        0x2 
 .text._vfprintf_r
                0x0800a45c      0x230 C:/STM32app/CUBE/STM32CubeIDE_1.15.0/STM32CubeIDE/plugins/com.st.stm32cube.ide.mcu.externaltools.gnu-tools-for-stm32.13.3.rel1.win32_1.0.0.202411081344/tools/bin/../lib/gcc/arm-none-eabi/13.3.1/../../../../arm-none-eabi/lib/thumb/v7-m/nofp\libc_nano.a(libc_a-nano-vfprintf.o)
                0x0800a45c                _vfprintf_r
                0x0800a45c                _vfiprintf_r
 .text._printf_common
                0x0800a68c       0xe4 C:/STM32app/CUBE/STM32CubeIDE_1.15.0/STM32CubeIDE/plugins/com.st.stm32cube.ide.mcu.externaltools.gnu-tools-for-stm32.13.3.rel1.win32_1.0.0.202411081344/tools/bin/../lib/gcc/arm-none-eabi/13.3.1/../../../../arm-none-eabi/lib/thumb/v7-m/nofp\libc_nano.a(libc_a-nano-vfprintf_i.o)
                0x0800a68c                _printf_common
 .text._printf_i
                0x0800a770      0x23c C:/STM32app/CUBE/STM32CubeIDE_1.15.0/STM32CubeIDE/plugins/com.st.stm32cube.ide.mcu.externaltools.gnu-tools-for-stm32.13.3.rel1.win32_1.0.0.202411081344/tools/bin/../lib/gcc/arm-none-eabi/13.3.1/../../../../arm-none-eabi/lib/thumb/v7-m/nofp\libc_nano.a(libc_a-nano-vfprintf_i.o)
                0x0800a770                _printf_i
 .text.__sflush_r
                0x0800a9ac      0x100 C:/STM32app/CUBE/STM32CubeIDE_1.15.0/STM32CubeIDE/plugins/com.st.stm32cube.ide.mcu.externaltools.gnu-tools-for-stm32.13.3.rel1.win32_1.0.0.202411081344/tools/bin/../lib/gcc/arm-none-eabi/13.3.1/../../../../arm-none-eabi/lib/thumb/v7-m/nofp\libc_nano.a(libc_a-fflush.o)
                0x0800a9ac                __sflush_r
 .text._fflush_r
                0x0800aaac       0x50 C:/STM32app/CUBE/STM32CubeIDE_1.15.0/STM32CubeIDE/plugins/com.st.stm32cube.ide.mcu.externaltools.gnu-tools-for-stm32.13.3.rel1.win32_1.0.0.202411081344/tools/bin/../lib/gcc/arm-none-eabi/13.3.1/../../../../arm-none-eabi/lib/thumb/v7-m/nofp\libc_nano.a(libc_a-fflush.o)
                0x0800aaac                _fflush_r
 .text.__swbuf_r
                0x0800aafc       0x7c C:/STM32app/CUBE/STM32CubeIDE_1.15.0/STM32CubeIDE/plugins/com.st.stm32cube.ide.mcu.externaltools.gnu-tools-for-stm32.13.3.rel1.win32_1.0.0.202411081344/tools/bin/../lib/gcc/arm-none-eabi/13.3.1/../../../../arm-none-eabi/lib/thumb/v7-m/nofp\libc_nano.a(libc_a-wbuf.o)
                0x0800aafc                __swbuf_r
 .text.__swsetup_r
                0x0800ab78       0xac C:/STM32app/CUBE/STM32CubeIDE_1.15.0/STM32CubeIDE/plugins/com.st.stm32cube.ide.mcu.externaltools.gnu-tools-for-stm32.13.3.rel1.win32_1.0.0.202411081344/tools/bin/../lib/gcc/arm-none-eabi/13.3.1/../../../../arm-none-eabi/lib/thumb/v7-m/nofp\libc_nano.a(libc_a-wsetup.o)
                0x0800ab78                __swsetup_r
 .text._sbrk_r  0x0800ac24       0x20 C:/STM32app/CUBE/STM32CubeIDE_1.15.0/STM32CubeIDE/plugins/com.st.stm32cube.ide.mcu.externaltools.gnu-tools-for-stm32.13.3.rel1.win32_1.0.0.202411081344/tools/bin/../lib/gcc/arm-none-eabi/13.3.1/../../../../arm-none-eabi/lib/thumb/v7-m/nofp\libc_nano.a(libc_a-sbrkr.o)
                0x0800ac24                _sbrk_r
 .text.memchr   0x0800ac44       0x1c C:/STM32app/CUBE/STM32CubeIDE_1.15.0/STM32CubeIDE/plugins/com.st.stm32cube.ide.mcu.externaltools.gnu-tools-for-stm32.13.3.rel1.win32_1.0.0.202411081344/tools/bin/../lib/gcc/arm-none-eabi/13.3.1/../../../../arm-none-eabi/lib/thumb/v7-m/nofp\libc_nano.a(libc_a-memchr-stub.o)
                0x0800ac44                memchr
 .text.__swhatbuf_r
                0x0800ac60       0x4a C:/STM32app/CUBE/STM32CubeIDE_1.15.0/STM32CubeIDE/plugins/com.st.stm32cube.ide.mcu.externaltools.gnu-tools-for-stm32.13.3.rel1.win32_1.0.0.202411081344/tools/bin/../lib/gcc/arm-none-eabi/13.3.1/../../../../arm-none-eabi/lib/thumb/v7-m/nofp\libc_nano.a(libc_a-makebuf.o)
                0x0800ac60                __swhatbuf_r
 .text.__smakebuf_r
                0x0800acaa       0x78 C:/STM32app/CUBE/STM32CubeIDE_1.15.0/STM32CubeIDE/plugins/com.st.stm32cube.ide.mcu.externaltools.gnu-tools-for-stm32.13.3.rel1.win32_1.0.0.202411081344/tools/bin/../lib/gcc/arm-none-eabi/13.3.1/../../../../arm-none-eabi/lib/thumb/v7-m/nofp\libc_nano.a(libc_a-makebuf.o)
                0x0800acaa                __smakebuf_r
 *fill*         0x0800ad22        0x2 
 .text._fstat_r
                0x0800ad24       0x24 C:/STM32app/CUBE/STM32CubeIDE_1.15.0/STM32CubeIDE/plugins/com.st.stm32cube.ide.mcu.externaltools.gnu-tools-for-stm32.13.3.rel1.win32_1.0.0.202411081344/tools/bin/../lib/gcc/arm-none-eabi/13.3.1/../../../../arm-none-eabi/lib/thumb/v7-m/nofp\libc_nano.a(libc_a-fstatr.o)
                0x0800ad24                _fstat_r
 .text._isatty_r
                0x0800ad48       0x20 C:/STM32app/CUBE/STM32CubeIDE_1.15.0/STM32CubeIDE/plugins/com.st.stm32cube.ide.mcu.externaltools.gnu-tools-for-stm32.13.3.rel1.win32_1.0.0.202411081344/tools/bin/../lib/gcc/arm-none-eabi/13.3.1/../../../../arm-none-eabi/lib/thumb/v7-m/nofp\libc_nano.a(libc_a-isattyr.o)
                0x0800ad48                _isatty_r
 *(.glue_7)
 .glue_7        0x0800ad68        0x0 linker stubs
 *(.glue_7t)
 .glue_7t       0x0800ad68        0x0 linker stubs
 *(.eh_frame)
 .eh_frame      0x0800ad68        0x0 C:/STM32app/CUBE/STM32CubeIDE_1.15.0/STM32CubeIDE/plugins/com.st.stm32cube.ide.mcu.externaltools.gnu-tools-for-stm32.13.3.rel1.win32_1.0.0.202411081344/tools/bin/../lib/gcc/arm-none-eabi/13.3.1/thumb/v7-m/nofp/crtbegin.o
 *(.init)
 .init          0x0800ad68        0x4 C:/STM32app/CUBE/STM32CubeIDE_1.15.0/STM32CubeIDE/plugins/com.st.stm32cube.ide.mcu.externaltools.gnu-tools-for-stm32.13.3.rel1.win32_1.0.0.202411081344/tools/bin/../lib/gcc/arm-none-eabi/13.3.1/thumb/v7-m/nofp/crti.o
                0x0800ad68                _init
 .init          0x0800ad6c        0x8 C:/STM32app/CUBE/STM32CubeIDE_1.15.0/STM32CubeIDE/plugins/com.st.stm32cube.ide.mcu.externaltools.gnu-tools-for-stm32.13.3.rel1.win32_1.0.0.202411081344/tools/bin/../lib/gcc/arm-none-eabi/13.3.1/thumb/v7-m/nofp/crtn.o
 *(.fini)
 .fini          0x0800ad74        0x4 C:/STM32app/CUBE/STM32CubeIDE_1.15.0/STM32CubeIDE/plugins/com.st.stm32cube.ide.mcu.externaltools.gnu-tools-for-stm32.13.3.rel1.win32_1.0.0.202411081344/tools/bin/../lib/gcc/arm-none-eabi/13.3.1/thumb/v7-m/nofp/crti.o
                0x0800ad74                _fini
 .fini          0x0800ad78        0x8 C:/STM32app/CUBE/STM32CubeIDE_1.15.0/STM32CubeIDE/plugins/com.st.stm32cube.ide.mcu.externaltools.gnu-tools-for-stm32.13.3.rel1.win32_1.0.0.202411081344/tools/bin/../lib/gcc/arm-none-eabi/13.3.1/thumb/v7-m/nofp/crtn.o
                0x0800ad80                        . = ALIGN (0x4)
                0x0800ad80                        _etext = .

.vfp11_veneer   0x0800ad80        0x0
 .vfp11_veneer  0x0800ad80        0x0 linker stubs

.v4_bx          0x0800ad80        0x0
 .v4_bx         0x0800ad80        0x0 linker stubs

.iplt           0x0800ad80        0x0
 .iplt          0x0800ad80        0x0 C:/STM32app/CUBE/STM32CubeIDE_1.15.0/STM32CubeIDE/plugins/com.st.stm32cube.ide.mcu.externaltools.gnu-tools-for-stm32.13.3.rel1.win32_1.0.0.202411081344/tools/bin/../lib/gcc/arm-none-eabi/13.3.1/thumb/v7-m/nofp/crtbegin.o

.rodata         0x0800ad80     0x10e0
                0x0800ad80                        . = ALIGN (0x4)
 *(.rodata)
 .rodata        0x0800ad80       0x32 ./Core/Src/ServoMotor.o
 *fill*         0x0800adb2        0x2 
 .rodata        0x0800adb4       0x9f ./Core/Src/stm32f1xx_it.o
 *fill*         0x0800ae53        0x1 
 .rodata        0x0800ae54      0x253 ./Usr/communicate/middle_lower.o
 *fill*         0x0800b0a7        0x1 
 .rodata        0x0800b0a8      0x18b ./Usr/communicate/middle_upper.o
 *fill*         0x0800b233        0x1 
 .rodata        0x0800b234      0x21a ./Usr/module_apply/app_communicate.o
 *fill*         0x0800b44e        0x2 
 .rodata        0x0800b450       0xd4 ./Usr/module_apply/apply_motor.o
 .rodata        0x0800b524      0x24a ./Usr/module_driver/driver_motor.o
 *fill*         0x0800b76e        0x2 
 .rodata        0x0800b770      0x116 ./Usr/module_driver/driver_upp_uart.o
 *fill*         0x0800b886        0x2 
 .rodata        0x0800b888      0x112 ./Usr/module_driver/driver_wireless.o
 *fill*         0x0800b99a        0x2 
 .rodata        0x0800b99c      0x144 ./Usr/module_middle/middle_book_database.o
 .rodata        0x0800bae0       0x2c ./Usr/module_middle/middle_event_process.o
 *(.rodata*)
 .rodata.__func__.2
                0x0800bb0c       0x12 ./Core/Src/ServoMotor.o
 *fill*         0x0800bb1e        0x2 
 .rodata.__func__.3
                0x0800bb20       0x12 ./Core/Src/stm32f1xx_it.o
 *fill*         0x0800bb32        0x2 
 .rodata.__func__.2
                0x0800bb34       0x12 ./Core/Src/stm32f1xx_it.o
 *fill*         0x0800bb46        0x2 
 .rodata.__func__.1
                0x0800bb48       0x11 ./Core/Src/stm32f1xx_it.o
 *fill*         0x0800bb59        0x3 
 .rodata.__func__.0
                0x0800bb5c       0x13 ./Core/Src/stm32f1xx_it.o
 *fill*         0x0800bb6f        0x1 
 .rodata.AHBPrescTable
                0x0800bb70       0x10 ./Core/Src/system_stm32f1xx.o
                0x0800bb70                AHBPrescTable
 .rodata.APBPrescTable
                0x0800bb80        0x8 ./Core/Src/system_stm32f1xx.o
                0x0800bb80                APBPrescTable
 .rodata.aPLLMULFactorTable.1
                0x0800bb88       0x10 ./Drivers/STM32F1xx_HAL_Driver/Src/stm32f1xx_hal_rcc.o
 .rodata.aPredivFactorTable.0
                0x0800bb98        0x2 ./Drivers/STM32F1xx_HAL_Driver/Src/stm32f1xx_hal_rcc.o
 *fill*         0x0800bb9a        0x2 
 .rodata.__func__.10
                0x0800bb9c       0x10 ./Usr/communicate/middle_lower.o
 .rodata.__func__.9
                0x0800bbac       0x15 ./Usr/communicate/middle_lower.o
 *fill*         0x0800bbc1        0x3 
 .rodata.__func__.8
                0x0800bbc4       0x14 ./Usr/communicate/middle_lower.o
 .rodata.__func__.7
                0x0800bbd8       0x15 ./Usr/communicate/middle_lower.o
 *fill*         0x0800bbed        0x3 
 .rodata.__func__.6
                0x0800bbf0       0x14 ./Usr/communicate/middle_lower.o
 .rodata.__func__.5
                0x0800bc04        0xc ./Usr/communicate/middle_lower.o
 .rodata.__func__.4
                0x0800bc10       0x13 ./Usr/communicate/middle_lower.o
 *fill*         0x0800bc23        0x1 
 .rodata.__func__.3
                0x0800bc24       0x10 ./Usr/communicate/middle_lower.o
 .rodata.__func__.1
                0x0800bc34        0x9 ./Usr/communicate/middle_lower.o
 *fill*         0x0800bc3d        0x3 
 .rodata.__func__.9
                0x0800bc40       0x10 ./Usr/communicate/middle_upper.o
 .rodata.__func__.8
                0x0800bc50        0xf ./Usr/communicate/middle_upper.o
 *fill*         0x0800bc5f        0x1 
 .rodata.__func__.7
                0x0800bc60        0xe ./Usr/communicate/middle_upper.o
 *fill*         0x0800bc6e        0x2 
 .rodata.__func__.6
                0x0800bc70       0x10 ./Usr/communicate/middle_upper.o
 .rodata.__func__.5
                0x0800bc80        0xc ./Usr/communicate/middle_upper.o
 .rodata.__func__.4
                0x0800bc8c        0xf ./Usr/communicate/middle_upper.o
 *fill*         0x0800bc9b        0x1 
 .rodata.__func__.3
                0x0800bc9c        0xf ./Usr/communicate/middle_upper.o
 *fill*         0x0800bcab        0x1 
 .rodata.__func__.0
                0x0800bcac        0x9 ./Usr/communicate/middle_upper.o
 *fill*         0x0800bcb5        0x3 
 .rodata.__func__.9
                0x0800bcb8       0x14 ./Usr/module_apply/app_communicate.o
 .rodata.__func__.5
                0x0800bccc       0x14 ./Usr/module_apply/app_communicate.o
 .rodata.__func__.3
                0x0800bce0        0x9 ./Usr/module_apply/apply_motor.o
 *fill*         0x0800bce9        0x3 
 .rodata.__func__.0
                0x0800bcec        0xa ./Usr/module_apply/apply_motor.o
 *fill*         0x0800bcf6        0x2 
 .rodata.__func__.8
                0x0800bcf8       0x14 ./Usr/module_driver/driver_motor.o
 .rodata.__func__.6
                0x0800bd0c       0x10 ./Usr/module_driver/driver_motor.o
 .rodata.__func__.4
                0x0800bd1c       0x10 ./Usr/module_driver/driver_motor.o
 .rodata.__func__.3
                0x0800bd2c        0xb ./Usr/module_driver/driver_motor.o
 *fill*         0x0800bd37        0x1 
 .rodata.__func__.2
                0x0800bd38       0x12 ./Usr/module_driver/driver_motor.o
 *fill*         0x0800bd4a        0x2 
 .rodata.__func__.1
                0x0800bd4c       0x10 ./Usr/module_driver/driver_motor.o
 .rodata.__func__.3
                0x0800bd5c       0x13 ./Usr/module_driver/driver_upp_uart.o
 *fill*         0x0800bd6f        0x1 
 .rodata.__func__.2
                0x0800bd70       0x10 ./Usr/module_driver/driver_upp_uart.o
 .rodata.__func__.1
                0x0800bd80       0x14 ./Usr/module_driver/driver_upp_uart.o
 .rodata.__func__.0
                0x0800bd94       0x16 ./Usr/module_driver/driver_upp_uart.o
 *fill*         0x0800bdaa        0x2 
 .rodata.__func__.3
                0x0800bdac       0x12 ./Usr/module_driver/driver_wireless.o
 *fill*         0x0800bdbe        0x2 
 .rodata.__func__.2
                0x0800bdc0       0x10 ./Usr/module_driver/driver_wireless.o
 .rodata.__func__.1
                0x0800bdd0       0x17 ./Usr/module_driver/driver_wireless.o
 *fill*         0x0800bde7        0x1 
 .rodata.__func__.0
                0x0800bde8       0x10 ./Usr/module_driver/driver_wireless.o
 .rodata.__func__.1
                0x0800bdf8       0x10 ./Usr/module_middle/middle_book_database.o
 .rodata.__func__.0
                0x0800be08       0x11 ./Usr/module_middle/middle_book_database.o
 *fill*         0x0800be19        0x3 
 .rodata.__func__.0
                0x0800be1c       0x10 ./Usr/module_middle/middle_event_process.o
 .rodata._vfprintf_r.str1.1
                0x0800be2c       0x33 C:/STM32app/CUBE/STM32CubeIDE_1.15.0/STM32CubeIDE/plugins/com.st.stm32cube.ide.mcu.externaltools.gnu-tools-for-stm32.13.3.rel1.win32_1.0.0.202411081344/tools/bin/../lib/gcc/arm-none-eabi/13.3.1/../../../../arm-none-eabi/lib/thumb/v7-m/nofp\libc_nano.a(libc_a-nano-vfprintf.o)
                                 0x11 (size before relaxing)
 .rodata._printf_i.str1.1
                0x0800be5f       0x22 C:/STM32app/CUBE/STM32CubeIDE_1.15.0/STM32CubeIDE/plugins/com.st.stm32cube.ide.mcu.externaltools.gnu-tools-for-stm32.13.3.rel1.win32_1.0.0.202411081344/tools/bin/../lib/gcc/arm-none-eabi/13.3.1/../../../../arm-none-eabi/lib/thumb/v7-m/nofp\libc_nano.a(libc_a-nano-vfprintf_i.o)
                0x0800be84                        . = ALIGN (0x4)
 *fill*         0x0800be5f        0x1 

.ARM.extab      0x0800be60        0x0
                0x0800be60                        . = ALIGN (0x4)
 *(.ARM.extab* .gnu.linkonce.armextab.*)
                0x0800be60                        . = ALIGN (0x4)

.ARM            0x0800be60        0x0
                0x0800be60                        . = ALIGN (0x4)
                0x0800be60                        __exidx_start = .
 *(.ARM.exidx*)
                0x0800be60                        __exidx_end = .
                0x0800be60                        . = ALIGN (0x4)

.preinit_array  0x0800be60        0x0
                0x0800be60                        . = ALIGN (0x4)
                0x0800be60                        PROVIDE (__preinit_array_start = .)
 *(.preinit_array*)
                0x0800be60                        PROVIDE (__preinit_array_end = .)
                0x0800be60                        . = ALIGN (0x4)

.init_array     0x0800be60        0x4
                0x0800be60                        . = ALIGN (0x4)
                0x0800be60                        PROVIDE (__init_array_start = .)
 *(SORT_BY_NAME(.init_array.*))
 *(.init_array*)
 .init_array    0x0800be60        0x4 C:/STM32app/CUBE/STM32CubeIDE_1.15.0/STM32CubeIDE/plugins/com.st.stm32cube.ide.mcu.externaltools.gnu-tools-for-stm32.13.3.rel1.win32_1.0.0.202411081344/tools/bin/../lib/gcc/arm-none-eabi/13.3.1/thumb/v7-m/nofp/crtbegin.o
                0x0800be64                        PROVIDE (__init_array_end = .)
                0x0800be64                        . = ALIGN (0x4)

.fini_array     0x0800be64        0x4
                0x0800be64                        . = ALIGN (0x4)
                [!provide]                        PROVIDE (__fini_array_start = .)
 *(SORT_BY_NAME(.fini_array.*))
 *(.fini_array*)
 .fini_array    0x0800be64        0x4 C:/STM32app/CUBE/STM32CubeIDE_1.15.0/STM32CubeIDE/plugins/com.st.stm32cube.ide.mcu.externaltools.gnu-tools-for-stm32.13.3.rel1.win32_1.0.0.202411081344/tools/bin/../lib/gcc/arm-none-eabi/13.3.1/thumb/v7-m/nofp/crtbegin.o
                [!provide]                        PROVIDE (__fini_array_end = .)
                0x0800be68                        . = ALIGN (0x4)
                0x0800be68                        _sidata = LOADADDR (.data)

.rel.dyn        0x0800be68        0x0
 .rel.iplt      0x0800be68        0x0 C:/STM32app/CUBE/STM32CubeIDE_1.15.0/STM32CubeIDE/plugins/com.st.stm32cube.ide.mcu.externaltools.gnu-tools-for-stm32.13.3.rel1.win32_1.0.0.202411081344/tools/bin/../lib/gcc/arm-none-eabi/13.3.1/thumb/v7-m/nofp/crtbegin.o

.data           0x20000000       0x68 load address 0x0800be68
                0x20000000                        . = ALIGN (0x4)
                0x20000000                        _sdata = .
 *(.data)
 *(.data*)
 .data.SystemCoreClock
                0x20000000        0x4 ./Core/Src/system_stm32f1xx.o
                0x20000000                SystemCoreClock
 .data.uwTickPrio
                0x20000004        0x4 ./Drivers/STM32F1xx_HAL_Driver/Src/stm32f1xx_hal.o
                0x20000004                uwTickPrio
 .data.uwTickFreq
                0x20000008        0x1 ./Drivers/STM32F1xx_HAL_Driver/Src/stm32f1xx_hal.o
                0x20000008                uwTickFreq
 .data.action_mode
                0x20000009        0x1 ./Usr/module_apply/app_communicate.o
 .data.s_State_Servo
                0x2000000a        0x1 ./Usr/module_apply/apply_motor.o
 *fill*         0x2000000b        0x1 
 .data.__sglue  0x2000000c        0xc C:/STM32app/CUBE/STM32CubeIDE_1.15.0/STM32CubeIDE/plugins/com.st.stm32cube.ide.mcu.externaltools.gnu-tools-for-stm32.13.3.rel1.win32_1.0.0.202411081344/tools/bin/../lib/gcc/arm-none-eabi/13.3.1/../../../../arm-none-eabi/lib/thumb/v7-m/nofp\libc_nano.a(libc_a-findfp.o)
                0x2000000c                __sglue
 .data._impure_ptr
                0x20000018        0x4 C:/STM32app/CUBE/STM32CubeIDE_1.15.0/STM32CubeIDE/plugins/com.st.stm32cube.ide.mcu.externaltools.gnu-tools-for-stm32.13.3.rel1.win32_1.0.0.202411081344/tools/bin/../lib/gcc/arm-none-eabi/13.3.1/../../../../arm-none-eabi/lib/thumb/v7-m/nofp\libc_nano.a(libc_a-impure.o)
                0x20000018                _impure_ptr
 .data._impure_data
                0x2000001c       0x4c C:/STM32app/CUBE/STM32CubeIDE_1.15.0/STM32CubeIDE/plugins/com.st.stm32cube.ide.mcu.externaltools.gnu-tools-for-stm32.13.3.rel1.win32_1.0.0.202411081344/tools/bin/../lib/gcc/arm-none-eabi/13.3.1/../../../../arm-none-eabi/lib/thumb/v7-m/nofp\libc_nano.a(libc_a-impure.o)
                0x2000001c                _impure_data
 *(.RamFunc)
 *(.RamFunc*)
                0x20000068                        . = ALIGN (0x4)
                0x20000068                        _edata = .

.igot.plt       0x20000068        0x0 load address 0x0800bed0
 .igot.plt      0x20000068        0x0 C:/STM32app/CUBE/STM32CubeIDE_1.15.0/STM32CubeIDE/plugins/com.st.stm32cube.ide.mcu.externaltools.gnu-tools-for-stm32.13.3.rel1.win32_1.0.0.202411081344/tools/bin/../lib/gcc/arm-none-eabi/13.3.1/thumb/v7-m/nofp/crtbegin.o
                0x20000068                        . = ALIGN (0x4)

.bss            0x20000068     0x3118 load address 0x0800bed0
                0x20000068                        _sbss = .
                0x20000068                        __bss_start__ = _sbss
 *(.bss)
 .bss           0x20000068       0x1c C:/STM32app/CUBE/STM32CubeIDE_1.15.0/STM32CubeIDE/plugins/com.st.stm32cube.ide.mcu.externaltools.gnu-tools-for-stm32.13.3.rel1.win32_1.0.0.202411081344/tools/bin/../lib/gcc/arm-none-eabi/13.3.1/thumb/v7-m/nofp/crtbegin.o
 *(.bss*)
 .bss.Flag_Events_MainLogic
                0x20000084        0x1 ./Core/Src/MainLogic.o
                0x20000084                Flag_Events_MainLogic
 *fill*         0x20000085        0x3 
 .bss.ServoMotor
                0x20000088       0x40 ./Core/Src/ServoMotor.o
                0x20000088                ServoMotor
 .bss.Set_null_ServoMotor
                0x200000c8        0x1 ./Core/Src/ServoMotor.o
                0x200000c8                Set_null_ServoMotor
 *fill*         0x200000c9        0x3 
 .bss.Rxdbuf_ServoMotor
                0x200000cc        0x1 ./Core/Src/ServoMotor.o
                0x200000cc                Rxdbuf_ServoMotor
 .bss.CntRxd_ServoMotor
                0x200000cd        0x1 ./Core/Src/ServoMotor.o
                0x200000cd                CntRxd_ServoMotor
 *fill*         0x200000ce        0x2 
 .bss.UartRxd_ServoMotor
                0x200000d0       0xff ./Core/Src/ServoMotor.o
                0x200000d0                UartRxd_ServoMotor
 .bss.Flag_UartRxdMonitor_ServoMotor
                0x200001cf        0x1 ./Core/Src/ServoMotor.o
                0x200001cf                Flag_UartRxdMonitor_ServoMotor
 .bss.Flag_UartRegroup_ASCII_ServoMotor
                0x200001d0        0x1 ./Core/Src/ServoMotor.o
                0x200001d0                Flag_UartRegroup_ASCII_ServoMotor
 *fill*         0x200001d1        0x3 
 .bss.motor_ack
                0x200001d4        0x2 ./Core/Src/ServoMotor.o
 *fill*         0x200001d6        0x2 
 .bss.motor_state_reg
                0x200001d8        0x4 ./Core/Src/ServoMotor.o
 .bss.cnt_bkp.1
                0x200001dc        0x1 ./Core/Src/ServoMotor.o
 .bss.idle_timer.0
                0x200001dd        0x1 ./Core/Src/ServoMotor.o
 *fill*         0x200001de        0x2 
 .bss.time_book_ack
                0x200001e0        0x4 ./Core/Src/SystemTasks.o
 .bss.hadc1     0x200001e4       0x30 ./Core/Src/adc.o
                0x200001e4                hadc1
 .bss.hi2c1     0x20000214       0x54 ./Core/Src/i2c.o
                0x20000214                hi2c1
 .bss.__sbrk_heap_end
                0x20000268        0x4 ./Core/Src/sysmem.o
 .bss.htim1     0x2000026c       0x48 ./Core/Src/tim.o
                0x2000026c                htim1
 .bss.htim3     0x200002b4       0x48 ./Core/Src/tim.o
                0x200002b4                htim3
 .bss.htim4     0x200002fc       0x48 ./Core/Src/tim.o
                0x200002fc                htim4
 .bss.huart4    0x20000344       0x48 ./Core/Src/usart.o
                0x20000344                huart4
 .bss.huart5    0x2000038c       0x48 ./Core/Src/usart.o
                0x2000038c                huart5
 .bss.huart1    0x200003d4       0x48 ./Core/Src/usart.o
                0x200003d4                huart1
 .bss.huart2    0x2000041c       0x48 ./Core/Src/usart.o
                0x2000041c                huart2
 .bss.huart3    0x20000464       0x48 ./Core/Src/usart.o
                0x20000464                huart3
 .bss.hdma_uart4_rx
                0x200004ac       0x44 ./Core/Src/usart.o
                0x200004ac                hdma_uart4_rx
 .bss.hdma_usart1_rx
                0x200004f0       0x44 ./Core/Src/usart.o
                0x200004f0                hdma_usart1_rx
 .bss.hdma_usart2_rx
                0x20000534       0x44 ./Core/Src/usart.o
                0x20000534                hdma_usart2_rx
 .bss.uwTick    0x20000578        0x4 ./Drivers/STM32F1xx_HAL_Driver/Src/stm32f1xx_hal.o
                0x20000578                uwTick
 .bss.notify_low_queue_send
                0x2000057c      0x830 ./Usr/communicate/middle_lower.o
 .bss.notify_low_send_head
                0x20000dac        0x1 ./Usr/communicate/middle_lower.o
 .bss.notify_low_send_tail
                0x20000dad        0x1 ./Usr/communicate/middle_lower.o
 *fill*         0x20000dae        0x2 
 .bss.notify_low_queue_recv
                0x20000db0      0x830 ./Usr/communicate/middle_lower.o
 .bss.notify_low_recv_head
                0x200015e0        0x1 ./Usr/communicate/middle_lower.o
 .bss.notify_low_recv_tail
                0x200015e1        0x1 ./Usr/communicate/middle_lower.o
 *fill*         0x200015e2        0x2 
 .bss.low_recv_buf
                0x200015e4      0x100 ./Usr/communicate/middle_lower.o
 .bss.low_recv_len
                0x200016e4        0x1 ./Usr/communicate/middle_lower.o
 *fill*         0x200016e5        0x3 
 .bss.send_buf  0x200016e8      0x100 ./Usr/communicate/middle_lower.o
 .bss.send_len  0x200017e8        0x1 ./Usr/communicate/middle_lower.o
 *fill*         0x200017e9        0x3 
 .bss.book_index_ack
                0x200017ec        0x4 ./Usr/communicate/middle_lower.o
 .bss.s_State.2
                0x200017f0        0x1 ./Usr/communicate/middle_lower.o
 *fill*         0x200017f1        0x3 
 .bss.time.0    0x200017f4        0x4 ./Usr/communicate/middle_lower.o
 .bss.send_buf  0x200017f8      0x100 ./Usr/communicate/middle_upper.o
 .bss.send_len  0x200018f8        0x1 ./Usr/communicate/middle_upper.o
 *fill*         0x200018f9        0x3 
 .bss.up_recv_buf
                0x200018fc      0x100 ./Usr/communicate/middle_upper.o
 .bss.up_recv_len
                0x200019fc        0x1 ./Usr/communicate/middle_upper.o
 *fill*         0x200019fd        0x3 
 .bss.notify_up_queue
                0x20001a00      0x830 ./Usr/communicate/middle_upper.o
 .bss.notify_up_head
                0x20002230        0x1 ./Usr/communicate/middle_upper.o
 .bss.notify_up_tail
                0x20002231        0x1 ./Usr/communicate/middle_upper.o
 .bss.empty     0x20002232        0x1 ./Usr/communicate/middle_upper.o
 .bss.s_State.2
                0x20002233        0x1 ./Usr/communicate/middle_upper.o
 .bss.time.1    0x20002234        0x4 ./Usr/communicate/middle_upper.o
 .bss.head_up_cache
                0x20002238        0x5 ./Usr/module_apply/app_communicate.o
 *fill*         0x2000223d        0x3 
 .bss.head_low_cache
                0x20002240        0x5 ./Usr/module_apply/app_communicate.o
 *fill*         0x20002245        0x3 
 .bss.p_low_recv
                0x20002248        0x4 ./Usr/module_apply/app_communicate.o
 .bss.p_up_recv
                0x2000224c        0x4 ./Usr/module_apply/app_communicate.o
 .bss.s_lower_process
                0x20002250        0x1 ./Usr/module_apply/app_communicate.o
 .bss.s_upper_process
                0x20002251        0x1 ./Usr/module_apply/app_communicate.o
 *fill*         0x20002252        0x2 
 .bss.syn_clock
                0x20002254        0x4 ./Usr/module_apply/app_communicate.o
 .bss.book_ack  0x20002258        0x1 ./Usr/module_apply/app_communicate.o
 *fill*         0x20002259        0x3 
 .bss.u32_empty
                0x2000225c        0x4 ./Usr/module_apply/app_communicate.o
 .bss.s_lower_State.10
                0x20002260        0x1 ./Usr/module_apply/app_communicate.o
 .bss.s_upper_State.6
                0x20002261        0x1 ./Usr/module_apply/app_communicate.o
 .bss.empty.4   0x20002262        0x1 ./Usr/module_apply/app_communicate.o
 *fill*         0x20002263        0x1 
 .bss.p_servo_config
                0x20002264        0x4 ./Usr/module_apply/apply_motor.o
 .bss.ack_reset
                0x20002268        0x1 ./Usr/module_apply/apply_motor.o
 .bss.s_State.6
                0x20002269        0x1 ./Usr/module_apply/apply_motor.o
 .bss.pos_tar.5
                0x2000226a        0x2 ./Usr/module_apply/apply_motor.o
 .bss.pos_cur.4
                0x2000226c        0x2 ./Usr/module_apply/apply_motor.o
 .bss.s_State.2
                0x2000226e        0x1 ./Usr/module_apply/apply_motor.o
 *fill*         0x2000226f        0x1 
 .bss.servo_config.1
                0x20002270        0x4 ./Usr/module_apply/apply_motor.o
 .bss.Servo_info
                0x20002274        0xa ./Usr/module_driver/driver_motor.o
                0x20002274                Servo_info
 *fill*         0x2000227e        0x2 
 .bss.Servo_Config
                0x20002280        0xc ./Usr/module_driver/driver_motor.o
 .bss.s_State.0
                0x2000228c        0x1 ./Usr/module_driver/driver_motor.o
 *fill*         0x2000228d        0x3 
 .bss.m_uart    0x20002290        0x4 ./Usr/module_driver/driver_upp_uart.o
 .bss.m_dma     0x20002294        0x4 ./Usr/module_driver/driver_upp_uart.o
 .bss.rx_buf    0x20002298      0x100 ./Usr/module_driver/driver_upp_uart.o
 .bss.rx_len    0x20002398        0x1 ./Usr/module_driver/driver_upp_uart.o
 .bss.flag      0x20002399        0x1 ./Usr/module_driver/driver_upp_uart.o
 *fill*         0x2000239a        0x2 
 .bss.m_uart    0x2000239c        0x4 ./Usr/module_driver/driver_wireless.o
 .bss.m_dma     0x200023a0        0x4 ./Usr/module_driver/driver_wireless.o
 .bss.rx_buf    0x200023a4      0x100 ./Usr/module_driver/driver_wireless.o
 .bss.rx_len    0x200024a4        0x1 ./Usr/module_driver/driver_wireless.o
 .bss.flag      0x200024a5        0x1 ./Usr/module_driver/driver_wireless.o
 *fill*         0x200024a6        0x2 
 .bss.book_info
                0x200024a8      0xa80 ./Usr/module_middle/middle_book_database.o
 .bss.book_head
                0x20002f28        0x1 ./Usr/module_middle/middle_book_database.o
 *fill*         0x20002f29        0x1 
 .bss.book_data_have
                0x20002f2a        0x2 ./Usr/module_middle/middle_book_database.o
 .bss.book_overflow
                0x20002f2c        0x2 ./Usr/module_middle/middle_book_database.o
 *fill*         0x20002f2e        0x2 
 .bss.eventQueue
                0x20002f30       0x80 ./Usr/module_middle/middle_event_process.o
 .bss.eventQueueHead
                0x20002fb0        0x1 ./Usr/module_middle/middle_event_process.o
 .bss.eventQueueTail
                0x20002fb1        0x1 ./Usr/module_middle/middle_event_process.o
 *fill*         0x20002fb2        0x2 
 .bss.m_cbs     0x20002fb4       0x80 ./Usr/module_middle/middle_event_process.o
 .bss.__sf      0x20003034      0x138 C:/STM32app/CUBE/STM32CubeIDE_1.15.0/STM32CubeIDE/plugins/com.st.stm32cube.ide.mcu.externaltools.gnu-tools-for-stm32.13.3.rel1.win32_1.0.0.202411081344/tools/bin/../lib/gcc/arm-none-eabi/13.3.1/../../../../arm-none-eabi/lib/thumb/v7-m/nofp\libc_nano.a(libc_a-findfp.o)
                0x20003034                __sf
 .bss.__stdio_exit_handler
                0x2000316c        0x4 C:/STM32app/CUBE/STM32CubeIDE_1.15.0/STM32CubeIDE/plugins/com.st.stm32cube.ide.mcu.externaltools.gnu-tools-for-stm32.13.3.rel1.win32_1.0.0.202411081344/tools/bin/../lib/gcc/arm-none-eabi/13.3.1/../../../../arm-none-eabi/lib/thumb/v7-m/nofp\libc_nano.a(libc_a-findfp.o)
                0x2000316c                __stdio_exit_handler
 .bss.errno     0x20003170        0x4 C:/STM32app/CUBE/STM32CubeIDE_1.15.0/STM32CubeIDE/plugins/com.st.stm32cube.ide.mcu.externaltools.gnu-tools-for-stm32.13.3.rel1.win32_1.0.0.202411081344/tools/bin/../lib/gcc/arm-none-eabi/13.3.1/../../../../arm-none-eabi/lib/thumb/v7-m/nofp\libc_nano.a(libc_a-reent.o)
                0x20003170                errno
 .bss.__lock___malloc_recursive_mutex
                0x20003174        0x1 C:/STM32app/CUBE/STM32CubeIDE_1.15.0/STM32CubeIDE/plugins/com.st.stm32cube.ide.mcu.externaltools.gnu-tools-for-stm32.13.3.rel1.win32_1.0.0.202411081344/tools/bin/../lib/gcc/arm-none-eabi/13.3.1/../../../../arm-none-eabi/lib/thumb/v7-m/nofp\libc_nano.a(libc_a-lock.o)
                0x20003174                __lock___malloc_recursive_mutex
 .bss.__lock___sfp_recursive_mutex
                0x20003175        0x1 C:/STM32app/CUBE/STM32CubeIDE_1.15.0/STM32CubeIDE/plugins/com.st.stm32cube.ide.mcu.externaltools.gnu-tools-for-stm32.13.3.rel1.win32_1.0.0.202411081344/tools/bin/../lib/gcc/arm-none-eabi/13.3.1/../../../../arm-none-eabi/lib/thumb/v7-m/nofp\libc_nano.a(libc_a-lock.o)
                0x20003175                __lock___sfp_recursive_mutex
 *fill*         0x20003176        0x2 
 .bss.__malloc_sbrk_start
                0x20003178        0x4 C:/STM32app/CUBE/STM32CubeIDE_1.15.0/STM32CubeIDE/plugins/com.st.stm32cube.ide.mcu.externaltools.gnu-tools-for-stm32.13.3.rel1.win32_1.0.0.202411081344/tools/bin/../lib/gcc/arm-none-eabi/13.3.1/../../../../arm-none-eabi/lib/thumb/v7-m/nofp\libc_nano.a(libc_a-mallocr.o)
                0x20003178                __malloc_sbrk_start
 .bss.__malloc_free_list
                0x2000317c        0x4 C:/STM32app/CUBE/STM32CubeIDE_1.15.0/STM32CubeIDE/plugins/com.st.stm32cube.ide.mcu.externaltools.gnu-tools-for-stm32.13.3.rel1.win32_1.0.0.202411081344/tools/bin/../lib/gcc/arm-none-eabi/13.3.1/../../../../arm-none-eabi/lib/thumb/v7-m/nofp\libc_nano.a(libc_a-mallocr.o)
                0x2000317c                __malloc_free_list
 *(COMMON)
                0x20003180                        . = ALIGN (0x4)
                0x20003180                        _ebss = .
                0x20003180                        __bss_end__ = _ebss

._user_heap_stack
                0x20003180      0x600 load address 0x0800bed0
                0x20003180                        . = ALIGN (0x8)
                [!provide]                        PROVIDE (end = .)
                0x20003180                        PROVIDE (_end = .)
                0x20003380                        . = (. + _Min_Heap_Size)
 *fill*         0x20003180      0x200 
                0x20003780                        . = (. + _Min_Stack_Size)
 *fill*         0x20003380      0x400 
                0x20003780                        . = ALIGN (0x8)

/DISCARD/
 libc.a(*)
 libm.a(*)
 libgcc.a(*)

.ARM.attributes
                0x00000000       0x29
 *(.ARM.attributes)
 .ARM.attributes
                0x00000000       0x1d C:/STM32app/CUBE/STM32CubeIDE_1.15.0/STM32CubeIDE/plugins/com.st.stm32cube.ide.mcu.externaltools.gnu-tools-for-stm32.13.3.rel1.win32_1.0.0.202411081344/tools/bin/../lib/gcc/arm-none-eabi/13.3.1/thumb/v7-m/nofp/crti.o
 .ARM.attributes
                0x0000001d       0x2d C:/STM32app/CUBE/STM32CubeIDE_1.15.0/STM32CubeIDE/plugins/com.st.stm32cube.ide.mcu.externaltools.gnu-tools-for-stm32.13.3.rel1.win32_1.0.0.202411081344/tools/bin/../lib/gcc/arm-none-eabi/13.3.1/thumb/v7-m/nofp/crtbegin.o
 .ARM.attributes
                0x0000004a       0x2d ./Core/Src/MainLogic.o
 .ARM.attributes
                0x00000077       0x2d ./Core/Src/ServoMotor.o
 .ARM.attributes
                0x000000a4       0x2d ./Core/Src/SystemTasks.o
 .ARM.attributes
                0x000000d1       0x2d ./Core/Src/WirelessModule.o
 .ARM.attributes
                0x000000fe       0x2d ./Core/Src/adc.o
 .ARM.attributes
                0x0000012b       0x2d ./Core/Src/dma.o
 .ARM.attributes
                0x00000158       0x2d ./Core/Src/gpio.o
 .ARM.attributes
                0x00000185       0x2d ./Core/Src/i2c.o
 .ARM.attributes
                0x000001b2       0x2d ./Core/Src/main.o
 .ARM.attributes
                0x000001df       0x2d ./Core/Src/stm32f1xx_hal_msp.o
 .ARM.attributes
                0x0000020c       0x2d ./Core/Src/stm32f1xx_it.o
 .ARM.attributes
                0x00000239       0x2d ./Core/Src/syscalls.o
 .ARM.attributes
                0x00000266       0x2d ./Core/Src/sysmem.o
 .ARM.attributes
                0x00000293       0x2d ./Core/Src/system_stm32f1xx.o
 .ARM.attributes
                0x000002c0       0x2d ./Core/Src/tim.o
 .ARM.attributes
                0x000002ed       0x2d ./Core/Src/usart.o
 .ARM.attributes
                0x0000031a       0x21 ./Core/Startup/startup_stm32f103rgtx.o
 .ARM.attributes
                0x0000033b       0x2d ./Drivers/STM32F1xx_HAL_Driver/Src/stm32f1xx_hal.o
 .ARM.attributes
                0x00000368       0x2d ./Drivers/STM32F1xx_HAL_Driver/Src/stm32f1xx_hal_adc.o
 .ARM.attributes
                0x00000395       0x2d ./Drivers/STM32F1xx_HAL_Driver/Src/stm32f1xx_hal_cortex.o
 .ARM.attributes