../Usr/communicate/middle_lower.c:29:6:lower_communite_init	8	static
../Usr/communicate/middle_lower.c:31:17:CRC16_Calculate	32	static
../Usr/communicate/middle_lower.c:48:6:notify_low_send_push	24	static
../Usr/communicate/middle_lower.c:71:10:notify_low_send_pop	152	static
../Usr/communicate/middle_lower.c:85:6:notify_low_recv_push	24	static
../Usr/communicate/middle_lower.c:107:10:notify_low_recv_pop	152	static
../Usr/communicate/middle_lower.c:126:6:_send_lower	32	static
../Usr/communicate/middle_lower.c:156:6:move_data_pack_low	32	static
../Usr/communicate/middle_lower.c:174:6:book_info_pack_low	24	static
../Usr/communicate/middle_lower.c:180:9:data_pack_lower	24	static
../Usr/communicate/middle_lower.c:209:6:send_lower	24	static
../Usr/communicate/middle_lower.c:220:6:low_send	280	static
../Usr/communicate/middle_lower.c:290:10:get_lower_cache	4	static
../Usr/communicate/middle_lower.c:292:10:get_lower_send_cache	4	static
../Usr/communicate/middle_lower.c:294:6:set_lower_send_len	16	static
../Usr/communicate/middle_lower.c:295:6:set_lower_recv_len	16	static
../Usr/communicate/middle_lower.c:297:6:set_lower_book_ack	16	static
