../Usr/module_driver/driver_wireless.c:24:6:wireless_reg_handle	16	static
../Usr/module_driver/driver_wireless.c:28:6:wireless_event_init	4	static
../Usr/module_driver/driver_wireless.c:33:6:wireless_init	8	static
../Usr/module_driver/driver_wireless.c:41:21:GetWireLessHandle	8	static
../Usr/module_driver/driver_wireless.c:46:6:wireless_send	16	static
../Usr/module_driver/driver_wireless.c:48:17:CRC16_Calculate	32	static
../Usr/module_driver/driver_wireless.c:65:6:wireless_packet_analys	16	static
../Usr/module_driver/driver_wireless.c:87:6:wireless_receive	16	static
../Usr/module_driver/driver_wireless.c:94:6:ClearCmd	4	static
../Usr/module_driver/driver_wireless.c:96:9:GetCmdType	4	static
../Usr/module_driver/driver_wireless.c:105:6:receive_rx_data	8	static
