../Usr/module_driver/driver_motor.c:28:6:servo_config_init	4	static
../Usr/module_driver/driver_motor.c:35:6:servo_info_updata	16	static
../Usr/module_driver/driver_motor.c:55:6:check_info_set	16	static
../Usr/module_driver/driver_motor.c:86:6:servo_config_updata	16	static
../Usr/module_driver/driver_motor.c:127:17:get_servo_config	4	static
../Usr/module_driver/driver_motor.c:128:17:get_servo_config_speed	4	static
../Usr/module_driver/driver_motor.c:129:17:get_servo_config_reset_state	4	static
../Usr/module_driver/driver_motor.c:131:10:get_servo_config_pos	8	static
../Usr/module_driver/driver_motor.c:136:10:get_servo_info	4	static
../Usr/module_driver/driver_motor.c:138:10:get_Position_mm	32	static
../Usr/module_driver/driver_motor.c:176:13:servo_speed_set	32	static
../Usr/module_driver/driver_motor.c:207:13:servo_move	32	static
../Usr/module_driver/driver_motor.c:254:13:clear_pluse_start	24	static
../Usr/module_driver/driver_motor.c:290:13:clear_pluse_end	24	static
../Usr/module_driver/driver_motor.c:327:13:Clear_Pluse	8	static
