../Usr/module_driver/driver_wireless.c:22:6:wireless_reg_handle	16	static
../Usr/module_driver/driver_wireless.c:27:6:wireless_init	8	static
../Usr/module_driver/driver_wireless.c:33:21:GetWireLessHandle	8	static
../Usr/module_driver/driver_wireless.c:38:6:wireless_send	16	static
../Usr/module_driver/driver_wireless.c:40:17:CRC16_Calculate	32	static
../Usr/module_driver/driver_wireless.c:57:6:wireless_packet_analys	24	static
../Usr/module_driver/driver_wireless.c:96:6:wireless_receive	16	static
../Usr/module_driver/driver_wireless.c:103:6:ClearCmd	4	static
../Usr/module_driver/driver_wireless.c:105:9:GetCmdType	4	static
../Usr/module_driver/driver_wireless.c:114:6:receive_rx_data	8	static
