../Core/Src/Reader15693.c:31:9:GetStatus_Number_SavedBookLabels_Reader15693	4	static
../Core/Src/Reader15693.c:35:6:SetStatus_Number_SavedBookLabels_Reader15693	16	static
../Core/Src/Reader15693.c:46:9:GetStatus_Is_x_PositionCorrected_Reader15693	4	static
../Core/Src/Reader15693.c:50:6:SetStatus_Is_x_PositionCorrected_Reader15693	16	static
../Core/Src/Reader15693.c:54:9:GetStatus_Is_y_PositionCorrected_Reader15693	4	static
../Core/Src/Reader15693.c:58:6:SetStatus_Is_y_PositionCorrected_Reader15693	16	static
../Core/Src/Reader15693.c:62:6:Set_BookLabel_Reader15693	32	static
../Core/Src/Reader15693.c:99:6:Event_Inventory_Reader15693	4	static
../Core/Src/Reader15693.c:103:6:UartAction_Reader15693	16	static
../Core/Src/Reader15693.c:116:6:Events_Reader15693	8	static
../Core/Src/Reader15693.c:131:6:Event_Init_Reader15693	8	static
../Core/Src/Reader15693.c:189:6:TimerTasks_Reader15693	16	static
../Core/Src/Reader15693.c:215:6:UartWrite_Cmd_Reader15693	24	static
../Core/Src/Reader15693.c:228:6:UartReceiveIT_Reader15693	8	static
../Core/Src/Reader15693.c:232:6:UartGetData_Reader15693	8	static
../Core/Src/Reader15693.c:262:6:UartWrite_Reader15693	16	static
../Core/Src/Reader15693.c:266:9:UartRead_Reader15693	24	static
../Core/Src/Reader15693.c:280:6:UartRxdMonitor_Reader15693	16	static
../Core/Src/Reader15693.c:308:6:UartDriver_Reader15693	264	static
../Core/Src/Reader15693.c:319:10:Get_MSB_CRC16	24	static
../Core/Src/Reader15693.c:333:6:UartWrite_Add_MSB_CRC16_Reader15693	24	static
