../Core/Src/ServoMotor.c:51:6:motor_uart_init	8	static
../Core/Src/ServoMotor.c:55:6:motor_reg_handle	16	static
../Core/Src/ServoMotor.c:60:6:motor_init	8	static
../Core/Src/ServoMotor.c:66:10:GetMoterAck	4	static
../Core/Src/ServoMotor.c:67:10:GetMoterStateReg	4	static
../Core/Src/ServoMotor.c:68:10:GetMoterOnPos	4	static
../Core/Src/ServoMotor.c:69:10:GetMoterFlag	4	static
../Core/Src/ServoMotor.c:72:6:test	24	static
../Core/Src/ServoMotor.c:77:6:Events_ServoMotor	8	static
../Core/Src/ServoMotor.c:89:6:Event_Init_ServoMotor	8	static
../Core/Src/ServoMotor.c:167:6:UartAction_ServoMotor	288	static
../Core/Src/ServoMotor.c:384:6:Event_Movement_ServoMotor	8	static
../Core/Src/ServoMotor.c:494:6:TimerTasks_ServoMotor	8	static
../Core/Src/ServoMotor.c:522:6:ResetTimerFlag_ServoMotor	16	static
../Core/Src/ServoMotor.c:523:6:Uart_Send_MovementRegister_ServoMotor	24	static
../Core/Src/ServoMotor.c:543:6:UartSend_MonitorRegister_ServoMotor	32	static
../Core/Src/ServoMotor.c:585:10:Get_LRC_ServoMotor	24	static
../Core/Src/ServoMotor.c:607:6:UartWrite_HexToAscii_AddLRC_ServoMotor	280	static
../Core/Src/ServoMotor.c:636:6:Uart_ReadWriteRegister_ServoMotor	288	static
../Core/Src/ServoMotor.c:672:6:SetStatus_Power_ServoMotor	16	static
../Core/Src/ServoMotor.c:676:9:GetStatus_Power_ServoMotor	4	static
../Core/Src/ServoMotor.c:678:6:UartReceiveIT_ServoMotor	8	static
../Core/Src/ServoMotor.c:681:6:UartGetData_ServoMotor	8	static
../Core/Src/ServoMotor.c:690:9:Get_Regroup_ASCII	24	static
../Core/Src/ServoMotor.c:705:6:moteruart_receive	536	static
../Core/Src/ServoMotor.c:748:6:UartRegroup_ASCII_ServoMotor	8	static
../Core/Src/ServoMotor.c:783:6:UartWrite_ServoMotor	16	static
../Core/Src/ServoMotor.c:786:9:UartRead_ServoMotor	24	static
../Core/Src/ServoMotor.c:798:6:UartRxdMonitor_ServoMotor	16	static
../Core/Src/ServoMotor.c:819:6:UartDriver_ServoMotor	264	static
