../Core/Src/ServoMotor.c:48:6:motor_uart_init	8	static
../Core/Src/ServoMotor.c:54:10:GetMoterAck	4	static
../Core/Src/ServoMotor.c:55:10:GetMoterOnPos	4	static
../Core/Src/ServoMotor.c:58:6:test	24	static
../Core/Src/ServoMotor.c:63:6:Events_ServoMotor	8	static
../Core/Src/ServoMotor.c:75:6:Event_Init_ServoMotor	8	static
../Core/Src/ServoMotor.c:153:6:UartAction_ServoMotor	288	static
../Core/Src/ServoMotor.c:371:6:Event_Movement_ServoMotor	16	static
../Core/Src/ServoMotor.c:495:6:TimerTasks_ServoMotor	8	static
../Core/Src/ServoMotor.c:523:6:ResetTimerFlag_ServoMotor	16	static
../Core/Src/ServoMotor.c:524:6:Uart_Send_MovementRegister_ServoMotor	24	static
../Core/Src/ServoMotor.c:543:6:UartSend_MonitorRegister_ServoMotor	32	static
../Core/Src/ServoMotor.c:585:10:Get_LRC_ServoMotor	24	static
../Core/Src/ServoMotor.c:607:6:UartWrite_HexToAscii_AddLRC_ServoMotor	280	static
../Core/Src/ServoMotor.c:636:6:Uart_ReadWriteRegister_ServoMotor	288	static
../Core/Src/ServoMotor.c:672:6:SetStatus_Power_ServoMotor	16	static
../Core/Src/ServoMotor.c:676:9:GetStatus_Power_ServoMotor	4	static
../Core/Src/ServoMotor.c:678:6:UartReceiveIT_ServoMotor	8	static
../Core/Src/ServoMotor.c:681:6:UartGetData_ServoMotor	8	static
../Core/Src/ServoMotor.c:693:9:Get_Regroup_ASCII	24	static
../Core/Src/ServoMotor.c:708:6:moteruart_receive	536	static
../Core/Src/ServoMotor.c:731:6:UartRegroup_ASCII_ServoMotor	4	static
../Core/Src/ServoMotor.c:755:6:UartWrite_ServoMotor	16	static
../Core/Src/ServoMotor.c:758:9:UartRead_ServoMotor	24	static
../Core/Src/ServoMotor.c:770:6:UartRxdMonitor_ServoMotor	16	static
../Core/Src/ServoMotor.c:791:6:UartDriver_ServoMotor	264	static
