../Core/Src/stm32f1xx_it.c:85:6:NMI_Handler	4	static
../Core/Src/stm32f1xx_it.c:99:6:HardFault_Handler	8	static
../Core/Src/stm32f1xx_it.c:115:6:MemManage_Handler	8	static
../Core/Src/stm32f1xx_it.c:131:6:BusFault_Handler	8	static
../Core/Src/stm32f1xx_it.c:147:6:UsageFault_Handler	8	static
../Core/Src/stm32f1xx_it.c:163:6:SVC_Handler	4	static
../Core/Src/stm32f1xx_it.c:176:6:DebugMon_Handler	4	static
../Core/Src/stm32f1xx_it.c:189:6:PendSV_Handler	4	static
../Core/Src/stm32f1xx_it.c:202:6:SysTick_Handler	8	static
../Core/Src/stm32f1xx_it.c:223:6:DMA1_Channel5_IRQHandler	8	static
../Core/Src/stm32f1xx_it.c:237:6:DMA1_Channel6_IRQHandler	8	static
../Core/Src/stm32f1xx_it.c:251:6:TIM1_UP_TIM10_IRQHandler	8	static
../Core/Src/stm32f1xx_it.c:265:6:TIM3_IRQHandler	8	static
../Core/Src/stm32f1xx_it.c:279:6:TIM4_IRQHandler	8	static
../Core/Src/stm32f1xx_it.c:293:6:USART1_IRQHandler	8	static
../Core/Src/stm32f1xx_it.c:307:6:USART2_IRQHandler	8	static
../Core/Src/stm32f1xx_it.c:321:6:USART3_IRQHandler	8	static
../Core/Src/stm32f1xx_it.c:335:6:UART4_IRQHandler	8	static
../Core/Src/stm32f1xx_it.c:349:6:UART5_IRQHandler	8	static
../Core/Src/stm32f1xx_it.c:363:6:DMA2_Channel3_IRQHandler	8	static
../Core/Src/stm32f1xx_it.c:375:6:HAL_TIM_IC_CaptureCallback	16	static
