../Core/Src/stm32f1xx_it.c:86:6:NMI_Handler	4	static
../Core/Src/stm32f1xx_it.c:99:6:HardFault_Handler	8	static
../Core/Src/stm32f1xx_it.c:113:6:MemManage_Handler	8	static
../Core/Src/stm32f1xx_it.c:127:6:BusFault_Handler	8	static
../Core/Src/stm32f1xx_it.c:141:6:UsageFault_Handler	8	static
../Core/Src/stm32f1xx_it.c:155:6:SVC_Handler	4	static
../Core/Src/stm32f1xx_it.c:167:6:DebugMon_Handler	4	static
../Core/Src/stm32f1xx_it.c:179:6:PendSV_Handler	4	static
../Core/Src/stm32f1xx_it.c:191:6:SysTick_Handler	8	static
../Core/Src/stm32f1xx_it.c:211:6:DMA1_Channel5_IRQHandler	8	static
../Core/Src/stm32f1xx_it.c:224:6:DMA1_Channel6_IRQHandler	8	static
../Core/Src/stm32f1xx_it.c:237:6:TIM1_UP_TIM10_IRQHandler	8	static
../Core/Src/stm32f1xx_it.c:250:6:TIM3_IRQHandler	8	static
../Core/Src/stm32f1xx_it.c:263:6:TIM4_IRQHandler	8	static
../Core/Src/stm32f1xx_it.c:276:6:USART1_IRQHandler	8	static
../Core/Src/stm32f1xx_it.c:289:6:USART2_IRQHandler	8	static
../Core/Src/stm32f1xx_it.c:302:6:USART3_IRQHandler	8	static
../Core/Src/stm32f1xx_it.c:315:6:UART4_IRQHandler	8	static
../Core/Src/stm32f1xx_it.c:328:6:UART5_IRQHandler	8	static
../Core/Src/stm32f1xx_it.c:341:6:DMA2_Channel3_IRQHandler	8	static
../Core/Src/stm32f1xx_it.c:352:6:HAL_TIM_IC_CaptureCallback	16	static
