../Usr/component/cmd_process/cmd_process.c:80:17:CRC16_Calculate	32	static
../Usr/component/cmd_process/cmd_process.c:97:6:send_lower	152	static
../Usr/component/cmd_process/cmd_process.c:106:6:send_upper	152	static
../Usr/component/cmd_process/cmd_process.c:122:6:_send_lower	32	static
../Usr/component/cmd_process/cmd_process.c:159:6:_send_upper	32	static
../Usr/component/cmd_process/cmd_process.c:188:9:data_pack_lower	24	static
../Usr/component/cmd_process/cmd_process.c:216:9:data_pack_upper	24	static
../Usr/component/cmd_process/cmd_process.c:250:6:move_data_pack	40	static
../Usr/component/cmd_process/cmd_process.c:268:6:book_num_pack	24	static
../Usr/component/cmd_process/cmd_process.c:270:6:book_info_pack	48	static
../Usr/component/cmd_process/cmd_process.c:290:6:init_data_pack	32	static
../Usr/component/cmd_process/cmd_process.c:297:13:init_upper	16	static
../Usr/component/cmd_process/cmd_process.c:352:13:inquire_upper	16	static
../Usr/component/cmd_process/cmd_process.c:403:13:move_action_upper	16	static
../Usr/component/cmd_process/cmd_process.c:459:13:book_info_upper	8	static
../Usr/component/cmd_process/cmd_process.c:513:13:book_num_upper	8	static
../Usr/component/cmd_process/cmd_process.c:567:13:syn_clock_upper	8	static
../Usr/component/cmd_process/cmd_process.c:603:13:init_low	16	static
../Usr/component/cmd_process/cmd_process.c:633:13:move_action_low	16	static
../Usr/component/cmd_process/cmd_process.c:665:13:inquire_low	16	static
../Usr/component/cmd_process/cmd_process.c:698:13:book_info_low	16	static
../Usr/component/cmd_process/cmd_process.c:730:13:book_num_low	16	static
../Usr/component/cmd_process/cmd_process.c:762:13:clock_low	16	static
../Usr/component/cmd_process/cmd_process.c:795:6:transfer_process	16	static
../Usr/component/cmd_process/cmd_process.c:827:6:upper_process	40	static
../Usr/component/cmd_process/cmd_process.c:897:6:lower_process	32	static
../Usr/component/cmd_process/cmd_process.c:961:10:get_cmd_cache	4	static
../Usr/component/cmd_process/cmd_process.c:962:10:set_cmd_recv_len	16	static
../Usr/component/cmd_process/cmd_process.c:963:10:transmit_using	16	static
../Usr/component/cmd_process/cmd_process.c:964:10:get_transmit_state	4	static
../Usr/component/cmd_process/cmd_process.c:966:9:get_action_mode	4	static
