../Usr/component/cmd_process/cmd_process.c:59:17:CRC16_Calculate	32	static
../Usr/component/cmd_process/cmd_process.c:76:6:upper_pack_analyse	24	static
../Usr/component/cmd_process/cmd_process.c:107:6:lower_pack_analyse	24	static
../Usr/component/cmd_process/cmd_process.c:129:6:send_lower	152	static
../Usr/component/cmd_process/cmd_process.c:138:6:send_upper	152	static
../Usr/component/cmd_process/cmd_process.c:151:6:_send_lower	32	static
../Usr/component/cmd_process/cmd_process.c:184:6:_send_upper	32	static
../Usr/component/cmd_process/cmd_process.c:211:9:data_pack	24	static
../Usr/component/cmd_process/cmd_process.c:241:6:move_data_pack	40	static
../Usr/component/cmd_process/cmd_process.c:260:6:init_data_pack	32	static
../Usr/component/cmd_process/cmd_process.c:267:13:init_upper	16	static
../Usr/component/cmd_process/cmd_process.c:319:13:move_action_upper	8	static
../Usr/component/cmd_process/cmd_process.c:384:13:init_low	24	static
../Usr/component/cmd_process/cmd_process.c:414:13:move_action_low	24	static
../Usr/component/cmd_process/cmd_process.c:458:6:transfer_process	16	static
../Usr/component/cmd_process/cmd_process.c:491:6:upper_process	24	static
../Usr/component/cmd_process/cmd_process.c:534:6:lower_process	32	static
../Usr/component/cmd_process/cmd_process.c:597:10:get_cmd_cache	4	static
../Usr/component/cmd_process/cmd_process.c:598:10:set_cmd_recv_len	16	static
../Usr/component/cmd_process/cmd_process.c:599:10:transmit_using	16	static
../Usr/component/cmd_process/cmd_process.c:600:10:get_transmit_state	4	static
../Usr/component/cmd_process/cmd_process.c:602:9:get_action_mode	4	static
